<?xml version="1.0" encoding="ISO-8859-1" ?>
<link_info>
   <banner>TMS320C2000 Linker PC v18.12.3.LTS</banner>
   <copyright>Copyright (c) 1996-2018 Texas Instruments Incorporated</copyright>
   <link_time>0x62f07b19</link_time>
   <link_errors>0x0</link_errors>
   <output_file>F28335_GTI_FLASH.out</output_file>
   <entry_point>
      <name>_c_int00</name>
      <address>0x9cba</address>
   </entry_point>
   <input_file_list>
      <input_file id="fl-3">
         <path>.\source\</path>
         <kind>object</kind>
         <file>DSP2833x_ADC_cal.obj</file>
         <name>DSP2833x_ADC_cal.obj</name>
      </input_file>
      <input_file id="fl-4">
         <path>.\source\</path>
         <kind>object</kind>
         <file>DSP2833x_Adc.obj</file>
         <name>DSP2833x_Adc.obj</name>
      </input_file>
      <input_file id="fl-5">
         <path>.\source\</path>
         <kind>object</kind>
         <file>DSP2833x_CodeStartBranch.obj</file>
         <name>DSP2833x_CodeStartBranch.obj</name>
      </input_file>
      <input_file id="fl-6">
         <path>.\source\</path>
         <kind>object</kind>
         <file>DSP2833x_EPwm.obj</file>
         <name>DSP2833x_EPwm.obj</name>
      </input_file>
      <input_file id="fl-7">
         <path>.\source\</path>
         <kind>object</kind>
         <file>DSP2833x_GlobalVariableDefs.obj</file>
         <name>DSP2833x_GlobalVariableDefs.obj</name>
      </input_file>
      <input_file id="fl-8">
         <path>.\source\</path>
         <kind>object</kind>
         <file>DSP2833x_Gpio.obj</file>
         <name>DSP2833x_Gpio.obj</name>
      </input_file>
      <input_file id="fl-9">
         <path>.\source\</path>
         <kind>object</kind>
         <file>DSP2833x_PieCtrl.obj</file>
         <name>DSP2833x_PieCtrl.obj</name>
      </input_file>
      <input_file id="fl-a">
         <path>.\source\</path>
         <kind>object</kind>
         <file>DSP2833x_PieVect.obj</file>
         <name>DSP2833x_PieVect.obj</name>
      </input_file>
      <input_file id="fl-b">
         <path>.\source\</path>
         <kind>object</kind>
         <file>DSP2833x_SWPrioritizedDefaultIsr.obj</file>
         <name>DSP2833x_SWPrioritizedDefaultIsr.obj</name>
      </input_file>
      <input_file id="fl-c">
         <path>.\source\</path>
         <kind>object</kind>
         <file>DSP2833x_Sci.obj</file>
         <name>DSP2833x_Sci.obj</name>
      </input_file>
      <input_file id="fl-d">
         <path>.\source\</path>
         <kind>object</kind>
         <file>DSP2833x_SectionCopy_nonBIOS.obj</file>
         <name>DSP2833x_SectionCopy_nonBIOS.obj</name>
      </input_file>
      <input_file id="fl-e">
         <path>.\source\</path>
         <kind>object</kind>
         <file>DSP2833x_SysCtrl.obj</file>
         <name>DSP2833x_SysCtrl.obj</name>
      </input_file>
      <input_file id="fl-f">
         <path>.\source\</path>
         <kind>object</kind>
         <file>DSP2833x_Xintf.obj</file>
         <name>DSP2833x_Xintf.obj</name>
      </input_file>
      <input_file id="fl-10">
         <path>.\source\</path>
         <kind>object</kind>
         <file>DSP2833x_usDelay.obj</file>
         <name>DSP2833x_usDelay.obj</name>
      </input_file>
      <input_file id="fl-11">
         <path>.\source\</path>
         <kind>object</kind>
         <file>main.obj</file>
         <name>main.obj</name>
      </input_file>
      <input_file id="fl-15">
         <kind>object</kind>
         <file>&lt;internal&gt;</file>
         <name>&lt;internal&gt;</name>
      </input_file>
      <input_file id="fl-16">
         <path>D:\install\CCS\ccs\tools\compiler\ti-cgt-c2000_18.12.3.LTS\lib\</path>
         <kind>archive</kind>
         <file>rts2800_fpu32.lib</file>
         <name>e_logf.c.obj</name>
      </input_file>
      <input_file id="fl-17">
         <path>D:\install\CCS\ccs\tools\compiler\ti-cgt-c2000_18.12.3.LTS\lib\</path>
         <kind>archive</kind>
         <file>rts2800_fpu32.lib</file>
         <name>e_sqrtf.c.obj</name>
      </input_file>
      <input_file id="fl-18">
         <path>D:\install\CCS\ccs\tools\compiler\ti-cgt-c2000_18.12.3.LTS\lib\</path>
         <kind>archive</kind>
         <file>rts2800_fpu32.lib</file>
         <name>boot28.asm.obj</name>
      </input_file>
      <input_file id="fl-19">
         <path>D:\install\CCS\ccs\tools\compiler\ti-cgt-c2000_18.12.3.LTS\lib\</path>
         <kind>archive</kind>
         <file>rts2800_fpu32.lib</file>
         <name>fs_div28.asm.obj</name>
      </input_file>
      <input_file id="fl-1a">
         <path>D:\install\CCS\ccs\tools\compiler\ti-cgt-c2000_18.12.3.LTS\lib\</path>
         <kind>archive</kind>
         <file>rts2800_fpu32.lib</file>
         <name>ll_cmp28.asm.obj</name>
      </input_file>
      <input_file id="fl-1b">
         <path>D:\install\CCS\ccs\tools\compiler\ti-cgt-c2000_18.12.3.LTS\lib\</path>
         <kind>archive</kind>
         <file>rts2800_fpu32.lib</file>
         <name>fs_tollfpu32.asm.obj</name>
      </input_file>
      <input_file id="fl-1c">
         <path>D:\install\CCS\ccs\tools\compiler\ti-cgt-c2000_18.12.3.LTS\lib\</path>
         <kind>archive</kind>
         <file>rts2800_fpu32.lib</file>
         <name>ll_tofsfpu32.asm.obj</name>
      </input_file>
      <input_file id="fl-1d">
         <path>D:\install\CCS\ccs\tools\compiler\ti-cgt-c2000_18.12.3.LTS\lib\</path>
         <kind>archive</kind>
         <file>rts2800_fpu32.lib</file>
         <name>cpy_tbl.c.obj</name>
      </input_file>
      <input_file id="fl-1e">
         <path>D:\install\CCS\ccs\tools\compiler\ti-cgt-c2000_18.12.3.LTS\lib\</path>
         <kind>archive</kind>
         <file>rts2800_fpu32.lib</file>
         <name>memcpy.c.obj</name>
      </input_file>
      <input_file id="fl-1f">
         <path>D:\install\CCS\ccs\tools\compiler\ti-cgt-c2000_18.12.3.LTS\lib\</path>
         <kind>archive</kind>
         <file>rts2800_fpu32.lib</file>
         <name>pre_init.c.obj</name>
      </input_file>
      <input_file id="fl-20">
         <path>D:\install\CCS\ccs\tools\compiler\ti-cgt-c2000_18.12.3.LTS\lib\</path>
         <kind>archive</kind>
         <file>rts2800_fpu32.lib</file>
         <name>startup.c.obj</name>
      </input_file>
      <input_file id="fl-21">
         <path>D:\install\CCS\ccs\tools\compiler\ti-cgt-c2000_18.12.3.LTS\lib\</path>
         <kind>archive</kind>
         <file>rts2800_fpu32.lib</file>
         <name>exit.c.obj</name>
      </input_file>
      <input_file id="fl-22">
         <path>D:\install\CCS\ccs\tools\compiler\ti-cgt-c2000_18.12.3.LTS\lib\</path>
         <kind>archive</kind>
         <file>rts2800_fpu32.lib</file>
         <name>_lock.c.obj</name>
      </input_file>
      <input_file id="fl-23">
         <path>D:\install\CCS\ccs\tools\compiler\ti-cgt-c2000_18.12.3.LTS\lib\</path>
         <kind>archive</kind>
         <file>rts2800_fpu32.lib</file>
         <name>args_main.c.obj</name>
      </input_file>
      <input_file id="fl-24">
         <path>D:\install\CCS\ccs\tools\compiler\ti-cgt-c2000_18.12.3.LTS\lib\</path>
         <kind>archive</kind>
         <file>rts2800_fpu32.lib</file>
         <name>errno.c.obj</name>
      </input_file>
   </input_file_list>
   <object_component_list>
      <object_component id="oc-56">
         <name>codestart</name>
         <load_address>0x33fff6</load_address>
         <run_address>0x33fff6</run_address>
         <size>0x2</size>
         <input_file_ref idref="fl-5"/>
      </object_component>
      <object_component id="oc-57">
         <name>wddisable</name>
         <load_address>0x33a5ca</load_address>
         <run_address>0x33a5ca</run_address>
         <size>0x8</size>
         <input_file_ref idref="fl-5"/>
      </object_component>
      <object_component id="oc-af">
         <name>copysections</name>
         <load_address>0x33a58e</load_address>
         <run_address>0x33a58e</run_address>
         <size>0x3c</size>
         <input_file_ref idref="fl-d"/>
      </object_component>
      <object_component id="oc-4c">
         <name>.adc_cal</name>
         <load_address>0x380080</load_address>
         <run_address>0x380080</run_address>
         <size>0x7</size>
         <input_file_ref idref="fl-3"/>
      </object_component>
      <object_component id="oc-d7">
         <name>.reset</name>
         <load_address>0x3fffc0</load_address>
         <run_address>0x3fffc0</run_address>
         <size>0x2</size>
         <input_file_ref idref="fl-18"/>
      </object_component>
      <object_component id="oc-d6">
         <name>.stack</name>
         <uninitialized>true</uninitialized>
         <run_address>0x0</run_address>
         <size>0x0</size>
         <input_file_ref idref="fl-18"/>
      </object_component>
      <object_component id="oc-18a">
         <name>.stack</name>
         <uninitialized>true</uninitialized>
         <run_address>0x0</run_address>
         <size>0x0</size>
      </object_component>
      <object_component id="oc-c5">
         <name>.ebss</name>
         <uninitialized>true</uninitialized>
         <run_address>0xc000</run_address>
         <size>0x47e</size>
         <input_file_ref idref="fl-11"/>
      </object_component>
      <object_component id="oc-12a">
         <name>.ebss:_Vdcs</name>
         <uninitialized>true</uninitialized>
         <run_address>0xc680</run_address>
         <size>0x8</size>
         <input_file_ref idref="fl-11"/>
      </object_component>
      <object_component id="oc-12e">
         <name>.ebss:_ModbusCRCHi</name>
         <uninitialized>true</uninitialized>
         <run_address>0xc480</run_address>
         <size>0x100</size>
         <input_file_ref idref="fl-11"/>
      </object_component>
      <object_component id="oc-130">
         <name>.ebss:_ModbusCRCLo</name>
         <uninitialized>true</uninitialized>
         <run_address>0xc580</run_address>
         <size>0x100</size>
         <input_file_ref idref="fl-11"/>
      </object_component>
      <object_component id="oc-106">
         <name>.ebss</name>
         <uninitialized>true</uninitialized>
         <run_address>0xc688</run_address>
         <size>0x6</size>
         <input_file_ref idref="fl-21"/>
      </object_component>
      <object_component id="oc-120">
         <name>.ebss:__lock</name>
         <uninitialized>true</uninitialized>
         <run_address>0xc47e</run_address>
         <size>0x2</size>
         <input_file_ref idref="fl-22"/>
      </object_component>
      <object_component id="oc-135">
         <name>.ebss:__unlock</name>
         <uninitialized>true</uninitialized>
         <run_address>0xc68e</run_address>
         <size>0x2</size>
         <input_file_ref idref="fl-22"/>
      </object_component>
      <object_component id="oc-117">
         <name>.ebss</name>
         <uninitialized>true</uninitialized>
         <run_address>0xc690</run_address>
         <size>0x1</size>
         <input_file_ref idref="fl-24"/>
      </object_component>
      <object_component id="oc-c4">
         <name>.cinit</name>
         <load_address>0x339e76</load_address>
         <run_address>0x9e76</run_address>
         <size>0x3d8</size>
         <input_file_ref idref="fl-11"/>
      </object_component>
      <object_component id="oc-12f">
         <name>.cinit:_ModbusCRCHi</name>
         <load_address>0x33a24e</load_address>
         <run_address>0xa24e</run_address>
         <size>0x103</size>
         <input_file_ref idref="fl-11"/>
      </object_component>
      <object_component id="oc-131">
         <name>.cinit:_ModbusCRCLo</name>
         <load_address>0x33a351</load_address>
         <run_address>0xa351</run_address>
         <size>0x103</size>
         <input_file_ref idref="fl-11"/>
      </object_component>
      <object_component id="oc-105">
         <name>.cinit</name>
         <load_address>0x33a454</load_address>
         <run_address>0xa454</run_address>
         <size>0xe</size>
         <input_file_ref idref="fl-21"/>
      </object_component>
      <object_component id="oc-12b">
         <name>.cinit:_Vdcs</name>
         <load_address>0x33a462</load_address>
         <run_address>0xa462</run_address>
         <size>0xb</size>
         <input_file_ref idref="fl-11"/>
      </object_component>
      <object_component id="oc-121">
         <name>.cinit:__lock</name>
         <load_address>0x33a46d</load_address>
         <run_address>0xa46d</run_address>
         <size>0x5</size>
         <input_file_ref idref="fl-22"/>
      </object_component>
      <object_component id="oc-133">
         <name>.cinit:__unlock</name>
         <load_address>0x33a472</load_address>
         <run_address>0xa472</run_address>
         <size>0x5</size>
         <input_file_ref idref="fl-22"/>
      </object_component>
      <object_component id="oc-116">
         <name>.cinit</name>
         <load_address>0x33a477</load_address>
         <run_address>0xa477</run_address>
         <size>0x4</size>
         <input_file_ref idref="fl-24"/>
      </object_component>
      <object_component id="oc-134">
         <name>.econst:_PieVectTableInit</name>
         <load_address>0x33a47e</load_address>
         <run_address>0xa47e</run_address>
         <size>0x100</size>
         <input_file_ref idref="fl-a"/>
      </object_component>
      <object_component id="oc-cc">
         <name>.econst</name>
         <load_address>0x33a57e</load_address>
         <run_address>0xa57e</run_address>
         <size>0x10</size>
         <input_file_ref idref="fl-16"/>
      </object_component>
      <object_component id="oc-11e">
         <name>.text</name>
         <load_address>0x338000</load_address>
         <run_address>0x8000</run_address>
         <size>0xe9d</size>
         <input_file_ref idref="fl-11"/>
      </object_component>
      <object_component id="oc-a5">
         <name>.text:retain</name>
         <load_address>0x338e9d</load_address>
         <run_address>0x8e9d</run_address>
         <size>0x711</size>
         <input_file_ref idref="fl-b"/>
      </object_component>
      <object_component id="oc-124">
         <name>.text</name>
         <load_address>0x3395ae</load_address>
         <run_address>0x95ae</run_address>
         <size>0x18d</size>
         <input_file_ref idref="fl-6"/>
      </object_component>
      <object_component id="oc-12d">
         <name>.text</name>
         <load_address>0x33973b</load_address>
         <run_address>0x973b</run_address>
         <size>0x12b</size>
         <input_file_ref idref="fl-16"/>
      </object_component>
      <object_component id="oc-122">
         <name>.text</name>
         <load_address>0x339866</load_address>
         <run_address>0x9866</run_address>
         <size>0x10c</size>
         <input_file_ref idref="fl-e"/>
      </object_component>
      <object_component id="oc-125">
         <name>.text</name>
         <load_address>0x339972</load_address>
         <run_address>0x9972</run_address>
         <size>0xe9</size>
         <input_file_ref idref="fl-f"/>
      </object_component>
      <object_component id="oc-c6">
         <name>.text:retain</name>
         <load_address>0x339a5b</load_address>
         <run_address>0x9a5b</run_address>
         <size>0xc0</size>
         <input_file_ref idref="fl-11"/>
      </object_component>
      <object_component id="oc-dc">
         <name>.text</name>
         <load_address>0x339b1b</load_address>
         <run_address>0x9b1b</run_address>
         <size>0x88</size>
         <input_file_ref idref="fl-19"/>
      </object_component>
      <object_component id="oc-123">
         <name>.text</name>
         <load_address>0x339ba3</load_address>
         <run_address>0x9ba3</run_address>
         <size>0x63</size>
         <input_file_ref idref="fl-8"/>
      </object_component>
      <object_component id="oc-129">
         <name>.text</name>
         <load_address>0x339c06</load_address>
         <run_address>0x9c06</run_address>
         <size>0x5a</size>
         <input_file_ref idref="fl-4"/>
      </object_component>
      <object_component id="oc-126">
         <name>.text</name>
         <load_address>0x339c60</load_address>
         <run_address>0x9c60</run_address>
         <size>0x5a</size>
         <input_file_ref idref="fl-c"/>
      </object_component>
      <object_component id="oc-4b">
         <name>.text</name>
         <load_address>0x339cba</load_address>
         <run_address>0x9cba</run_address>
         <size>0x56</size>
         <input_file_ref idref="fl-18"/>
      </object_component>
      <object_component id="oc-11d">
         <name>.text</name>
         <load_address>0x339d10</load_address>
         <run_address>0x9d10</run_address>
         <size>0x29</size>
         <input_file_ref idref="fl-21"/>
      </object_component>
      <object_component id="oc-127">
         <name>.text</name>
         <load_address>0x339d39</load_address>
         <run_address>0x9d39</run_address>
         <size>0x28</size>
         <input_file_ref idref="fl-9"/>
      </object_component>
      <object_component id="oc-11b">
         <name>.text</name>
         <load_address>0x339d61</load_address>
         <run_address>0x9d61</run_address>
         <size>0x1</size>
         <input_file_ref idref="fl-20"/>
      </object_component>
      <object_component id="oc-12c">
         <name>.text</name>
         <load_address>0x339d62</load_address>
         <run_address>0x9d62</run_address>
         <size>0x27</size>
         <input_file_ref idref="fl-17"/>
      </object_component>
      <object_component id="oc-e6">
         <name>.text</name>
         <load_address>0x339d89</load_address>
         <run_address>0x9d89</run_address>
         <size>0x26</size>
         <input_file_ref idref="fl-1b"/>
      </object_component>
      <object_component id="oc-11a">
         <name>.text</name>
         <load_address>0x339daf</load_address>
         <run_address>0x9daf</run_address>
         <size>0x24</size>
         <input_file_ref idref="fl-1d"/>
      </object_component>
      <object_component id="oc-128">
         <name>.text</name>
         <load_address>0x339dd3</load_address>
         <run_address>0x9dd3</run_address>
         <size>0x20</size>
         <input_file_ref idref="fl-a"/>
      </object_component>
      <object_component id="oc-eb">
         <name>.text</name>
         <load_address>0x339df3</load_address>
         <run_address>0x9df3</run_address>
         <size>0x20</size>
         <input_file_ref idref="fl-1c"/>
      </object_component>
      <object_component id="oc-e1">
         <name>.text</name>
         <load_address>0x339e13</load_address>
         <run_address>0x9e13</run_address>
         <size>0x1e</size>
         <input_file_ref idref="fl-1a"/>
      </object_component>
      <object_component id="oc-11f">
         <name>.text</name>
         <load_address>0x339e31</load_address>
         <run_address>0x9e31</run_address>
         <size>0x1d</size>
         <input_file_ref idref="fl-1e"/>
      </object_component>
      <object_component id="oc-11c">
         <name>.text</name>
         <load_address>0x339e4e</load_address>
         <run_address>0x9e4e</run_address>
         <size>0x19</size>
         <input_file_ref idref="fl-23"/>
      </object_component>
      <object_component id="oc-132">
         <name>.text</name>
         <load_address>0x339e67</load_address>
         <run_address>0x9e67</run_address>
         <size>0x9</size>
         <input_file_ref idref="fl-22"/>
      </object_component>
      <object_component id="oc-be">
         <name>.text</name>
         <load_address>0x339e70</load_address>
         <run_address>0x9e70</run_address>
         <size>0x4</size>
         <input_file_ref idref="fl-10"/>
      </object_component>
      <object_component id="oc-119">
         <name>.text</name>
         <load_address>0x339e74</load_address>
         <run_address>0x9e74</run_address>
         <size>0x2</size>
         <input_file_ref idref="fl-1f"/>
      </object_component>
      <object_component id="oc-93">
         <name>PieVectTableFile</name>
         <uninitialized>true</uninitialized>
         <run_address>0xd00</run_address>
         <size>0x100</size>
         <input_file_ref idref="fl-7"/>
      </object_component>
      <object_component id="oc-8f">
         <name>DevEmuRegsFile</name>
         <uninitialized>true</uninitialized>
         <run_address>0x880</run_address>
         <size>0xd0</size>
         <input_file_ref idref="fl-7"/>
      </object_component>
      <object_component id="oc-67">
         <name>FlashRegsFile</name>
         <uninitialized>true</uninitialized>
         <run_address>0xa80</run_address>
         <size>0x8</size>
         <input_file_ref idref="fl-7"/>
      </object_component>
      <object_component id="oc-6a">
         <name>CsmRegsFile</name>
         <uninitialized>true</uninitialized>
         <run_address>0xae0</run_address>
         <size>0x10</size>
         <input_file_ref idref="fl-7"/>
      </object_component>
      <object_component id="oc-69">
         <name>AdcMirrorFile</name>
         <uninitialized>true</uninitialized>
         <run_address>0xb00</run_address>
         <size>0x10</size>
         <input_file_ref idref="fl-7"/>
      </object_component>
      <object_component id="oc-72">
         <name>XintfRegsFile</name>
         <uninitialized>true</uninitialized>
         <run_address>0xb20</run_address>
         <size>0x1e</size>
         <input_file_ref idref="fl-7"/>
      </object_component>
      <object_component id="oc-63">
         <name>CpuTimer0RegsFile</name>
         <uninitialized>true</uninitialized>
         <run_address>0xc00</run_address>
         <size>0x8</size>
         <input_file_ref idref="fl-7"/>
      </object_component>
      <object_component id="oc-64">
         <name>CpuTimer1RegsFile</name>
         <uninitialized>true</uninitialized>
         <run_address>0xc08</run_address>
         <size>0x8</size>
         <input_file_ref idref="fl-7"/>
      </object_component>
      <object_component id="oc-65">
         <name>CpuTimer2RegsFile</name>
         <uninitialized>true</uninitialized>
         <run_address>0xc10</run_address>
         <size>0x8</size>
         <input_file_ref idref="fl-7"/>
      </object_component>
      <object_component id="oc-70">
         <name>PieCtrlRegsFile</name>
         <uninitialized>true</uninitialized>
         <run_address>0xce0</run_address>
         <size>0x1a</size>
         <input_file_ref idref="fl-7"/>
      </object_component>
      <object_component id="oc-90">
         <name>DmaRegsFile</name>
         <uninitialized>true</uninitialized>
         <run_address>0x1000</run_address>
         <size>0xe0</size>
         <input_file_ref idref="fl-7"/>
      </object_component>
      <object_component id="oc-82">
         <name>McbspaRegsFile</name>
         <uninitialized>true</uninitialized>
         <run_address>0x5000</run_address>
         <size>0x25</size>
         <input_file_ref idref="fl-7"/>
      </object_component>
      <object_component id="oc-83">
         <name>McbspbRegsFile</name>
         <uninitialized>true</uninitialized>
         <run_address>0x5040</run_address>
         <size>0x25</size>
         <input_file_ref idref="fl-7"/>
      </object_component>
      <object_component id="oc-85">
         <name>ECanaRegsFile</name>
         <uninitialized>true</uninitialized>
         <run_address>0x6000</run_address>
         <size>0x34</size>
         <input_file_ref idref="fl-7"/>
      </object_component>
      <object_component id="oc-87">
         <name>ECanaLAMRegsFile</name>
         <uninitialized>true</uninitialized>
         <run_address>0x6040</run_address>
         <size>0x40</size>
         <input_file_ref idref="fl-7"/>
      </object_component>
      <object_component id="oc-91">
         <name>ECanaMboxesFile</name>
         <uninitialized>true</uninitialized>
         <run_address>0x6100</run_address>
         <size>0x100</size>
         <input_file_ref idref="fl-7"/>
      </object_component>
      <object_component id="oc-88">
         <name>ECanaMOTSRegsFile</name>
         <uninitialized>true</uninitialized>
         <run_address>0x6080</run_address>
         <size>0x40</size>
         <input_file_ref idref="fl-7"/>
      </object_component>
      <object_component id="oc-89">
         <name>ECanaMOTORegsFile</name>
         <uninitialized>true</uninitialized>
         <run_address>0x60c0</run_address>
         <size>0x40</size>
         <input_file_ref idref="fl-7"/>
      </object_component>
      <object_component id="oc-86">
         <name>ECanbRegsFile</name>
         <uninitialized>true</uninitialized>
         <run_address>0x6200</run_address>
         <size>0x34</size>
         <input_file_ref idref="fl-7"/>
      </object_component>
      <object_component id="oc-8a">
         <name>ECanbLAMRegsFile</name>
         <uninitialized>true</uninitialized>
         <run_address>0x6240</run_address>
         <size>0x40</size>
         <input_file_ref idref="fl-7"/>
      </object_component>
      <object_component id="oc-92">
         <name>ECanbMboxesFile</name>
         <uninitialized>true</uninitialized>
         <run_address>0x6300</run_address>
         <size>0x100</size>
         <input_file_ref idref="fl-7"/>
      </object_component>
      <object_component id="oc-8b">
         <name>ECanbMOTSRegsFile</name>
         <uninitialized>true</uninitialized>
         <run_address>0x6280</run_address>
         <size>0x40</size>
         <input_file_ref idref="fl-7"/>
      </object_component>
      <object_component id="oc-8c">
         <name>ECanbMOTORegsFile</name>
         <uninitialized>true</uninitialized>
         <run_address>0x62c0</run_address>
         <size>0x40</size>
         <input_file_ref idref="fl-7"/>
      </object_component>
      <object_component id="oc-7b">
         <name>EPwm1RegsFile</name>
         <uninitialized>true</uninitialized>
         <run_address>0x6800</run_address>
         <size>0x22</size>
         <input_file_ref idref="fl-7"/>
      </object_component>
      <object_component id="oc-7c">
         <name>EPwm2RegsFile</name>
         <uninitialized>true</uninitialized>
         <run_address>0x6840</run_address>
         <size>0x22</size>
         <input_file_ref idref="fl-7"/>
      </object_component>
      <object_component id="oc-7d">
         <name>EPwm3RegsFile</name>
         <uninitialized>true</uninitialized>
         <run_address>0x6880</run_address>
         <size>0x22</size>
         <input_file_ref idref="fl-7"/>
      </object_component>
      <object_component id="oc-7e">
         <name>EPwm4RegsFile</name>
         <uninitialized>true</uninitialized>
         <run_address>0x68c0</run_address>
         <size>0x22</size>
         <input_file_ref idref="fl-7"/>
      </object_component>
      <object_component id="oc-7f">
         <name>EPwm5RegsFile</name>
         <uninitialized>true</uninitialized>
         <run_address>0x6900</run_address>
         <size>0x22</size>
         <input_file_ref idref="fl-7"/>
      </object_component>
      <object_component id="oc-80">
         <name>EPwm6RegsFile</name>
         <uninitialized>true</uninitialized>
         <run_address>0x6940</run_address>
         <size>0x22</size>
         <input_file_ref idref="fl-7"/>
      </object_component>
      <object_component id="oc-73">
         <name>ECap1RegsFile</name>
         <uninitialized>true</uninitialized>
         <run_address>0x6a00</run_address>
         <size>0x20</size>
         <input_file_ref idref="fl-7"/>
      </object_component>
      <object_component id="oc-74">
         <name>ECap2RegsFile</name>
         <uninitialized>true</uninitialized>
         <run_address>0x6a20</run_address>
         <size>0x20</size>
         <input_file_ref idref="fl-7"/>
      </object_component>
      <object_component id="oc-75">
         <name>ECap3RegsFile</name>
         <uninitialized>true</uninitialized>
         <run_address>0x6a40</run_address>
         <size>0x20</size>
         <input_file_ref idref="fl-7"/>
      </object_component>
      <object_component id="oc-76">
         <name>ECap4RegsFile</name>
         <uninitialized>true</uninitialized>
         <run_address>0x6a60</run_address>
         <size>0x20</size>
         <input_file_ref idref="fl-7"/>
      </object_component>
      <object_component id="oc-77">
         <name>ECap5RegsFile</name>
         <uninitialized>true</uninitialized>
         <run_address>0x6a80</run_address>
         <size>0x20</size>
         <input_file_ref idref="fl-7"/>
      </object_component>
      <object_component id="oc-78">
         <name>ECap6RegsFile</name>
         <uninitialized>true</uninitialized>
         <run_address>0x6aa0</run_address>
         <size>0x20</size>
         <input_file_ref idref="fl-7"/>
      </object_component>
      <object_component id="oc-8d">
         <name>EQep1RegsFile</name>
         <uninitialized>true</uninitialized>
         <run_address>0x6b00</run_address>
         <size>0x40</size>
         <input_file_ref idref="fl-7"/>
      </object_component>
      <object_component id="oc-8e">
         <name>EQep2RegsFile</name>
         <uninitialized>true</uninitialized>
         <run_address>0x6b40</run_address>
         <size>0x40</size>
         <input_file_ref idref="fl-7"/>
      </object_component>
      <object_component id="oc-84">
         <name>GpioCtrlRegsFile</name>
         <uninitialized>true</uninitialized>
         <run_address>0x6f80</run_address>
         <size>0x2e</size>
         <input_file_ref idref="fl-7"/>
      </object_component>
      <object_component id="oc-79">
         <name>GpioDataRegsFile</name>
         <uninitialized>true</uninitialized>
         <run_address>0x6fc0</run_address>
         <size>0x20</size>
         <input_file_ref idref="fl-7"/>
      </object_component>
      <object_component id="oc-68">
         <name>GpioIntRegsFile</name>
         <uninitialized>true</uninitialized>
         <run_address>0x6fe0</run_address>
         <size>0xa</size>
         <input_file_ref idref="fl-7"/>
      </object_component>
      <object_component id="oc-7a">
         <name>SysCtrlRegsFile</name>
         <uninitialized>true</uninitialized>
         <run_address>0x7010</run_address>
         <size>0x20</size>
         <input_file_ref idref="fl-7"/>
      </object_component>
      <object_component id="oc-6e">
         <name>SpiaRegsFile</name>
         <uninitialized>true</uninitialized>
         <run_address>0x7040</run_address>
         <size>0x10</size>
         <input_file_ref idref="fl-7"/>
      </object_component>
      <object_component id="oc-6b">
         <name>SciaRegsFile</name>
         <uninitialized>true</uninitialized>
         <run_address>0x7050</run_address>
         <size>0x10</size>
         <input_file_ref idref="fl-7"/>
      </object_component>
      <object_component id="oc-6f">
         <name>XIntruptRegsFile</name>
         <uninitialized>true</uninitialized>
         <run_address>0x7070</run_address>
         <size>0x10</size>
         <input_file_ref idref="fl-7"/>
      </object_component>
      <object_component id="oc-71">
         <name>AdcRegsFile</name>
         <uninitialized>true</uninitialized>
         <run_address>0x7100</run_address>
         <size>0x1e</size>
         <input_file_ref idref="fl-7"/>
      </object_component>
      <object_component id="oc-6c">
         <name>ScibRegsFile</name>
         <uninitialized>true</uninitialized>
         <run_address>0x7750</run_address>
         <size>0x10</size>
         <input_file_ref idref="fl-7"/>
      </object_component>
      <object_component id="oc-6d">
         <name>ScicRegsFile</name>
         <uninitialized>true</uninitialized>
         <run_address>0x7770</run_address>
         <size>0x10</size>
         <input_file_ref idref="fl-7"/>
      </object_component>
      <object_component id="oc-81">
         <name>I2caRegsFile</name>
         <uninitialized>true</uninitialized>
         <run_address>0x7900</run_address>
         <size>0x22</size>
         <input_file_ref idref="fl-7"/>
      </object_component>
      <object_component id="oc-66">
         <name>CsmPwlFile</name>
         <uninitialized>true</uninitialized>
         <run_address>0x33fff8</run_address>
         <size>0x8</size>
         <input_file_ref idref="fl-7"/>
      </object_component>
      <object_component id="oc-62">
         <name>PartIdRegsFile</name>
         <uninitialized>true</uninitialized>
         <run_address>0x380090</run_address>
         <size>0x1</size>
         <input_file_ref idref="fl-7"/>
      </object_component>
      <object_component id="oc-4d">
         <name>.debug_line</name>
         <load_address>0x0</load_address>
         <run_address>0x0</run_address>
         <size>0x50</size>
         <input_file_ref idref="fl-3"/>
      </object_component>
      <object_component id="oc-53">
         <name>.debug_line</name>
         <load_address>0x50</load_address>
         <run_address>0x50</run_address>
         <size>0x77</size>
         <input_file_ref idref="fl-4"/>
      </object_component>
      <object_component id="oc-58">
         <name>.debug_line</name>
         <load_address>0xc7</load_address>
         <run_address>0xc7</run_address>
         <size>0x68</size>
         <input_file_ref idref="fl-5"/>
      </object_component>
      <object_component id="oc-5e">
         <name>.debug_line</name>
         <load_address>0x12f</load_address>
         <run_address>0x12f</run_address>
         <size>0x1d5</size>
         <input_file_ref idref="fl-6"/>
      </object_component>
      <object_component id="oc-97">
         <name>.debug_line</name>
         <load_address>0x304</load_address>
         <run_address>0x304</run_address>
         <size>0x80</size>
         <input_file_ref idref="fl-8"/>
      </object_component>
      <object_component id="oc-9c">
         <name>.debug_line</name>
         <load_address>0x384</load_address>
         <run_address>0x384</run_address>
         <size>0x8d</size>
         <input_file_ref idref="fl-9"/>
      </object_component>
      <object_component id="oc-a1">
         <name>.debug_line</name>
         <load_address>0x411</load_address>
         <run_address>0x411</run_address>
         <size>0x6f</size>
         <input_file_ref idref="fl-a"/>
      </object_component>
      <object_component id="oc-a7">
         <name>.debug_line</name>
         <load_address>0x480</load_address>
         <run_address>0x480</run_address>
         <size>0xa6b</size>
         <input_file_ref idref="fl-b"/>
      </object_component>
      <object_component id="oc-ac">
         <name>.debug_line</name>
         <load_address>0xeeb</load_address>
         <run_address>0xeeb</run_address>
         <size>0xda</size>
         <input_file_ref idref="fl-c"/>
      </object_component>
      <object_component id="oc-b0">
         <name>.debug_line</name>
         <load_address>0xfc5</load_address>
         <run_address>0xfc5</run_address>
         <size>0x7a</size>
         <input_file_ref idref="fl-d"/>
      </object_component>
      <object_component id="oc-b6">
         <name>.debug_line</name>
         <load_address>0x103f</load_address>
         <run_address>0x103f</run_address>
         <size>0x16a</size>
         <input_file_ref idref="fl-e"/>
      </object_component>
      <object_component id="oc-bb">
         <name>.debug_line</name>
         <load_address>0x11a9</load_address>
         <run_address>0x11a9</run_address>
         <size>0xed</size>
         <input_file_ref idref="fl-f"/>
      </object_component>
      <object_component id="oc-bf">
         <name>.debug_line</name>
         <load_address>0x1296</load_address>
         <run_address>0x1296</run_address>
         <size>0x4f</size>
         <input_file_ref idref="fl-10"/>
      </object_component>
      <object_component id="oc-c8">
         <name>.debug_line</name>
         <load_address>0x12e5</load_address>
         <run_address>0x12e5</run_address>
         <size>0xb26</size>
         <input_file_ref idref="fl-11"/>
      </object_component>
      <object_component id="oc-ce">
         <name>.debug_line</name>
         <load_address>0x1e0b</load_address>
         <run_address>0x1e0b</run_address>
         <size>0xd1</size>
         <input_file_ref idref="fl-16"/>
      </object_component>
      <object_component id="oc-d3">
         <name>.debug_line</name>
         <load_address>0x1edc</load_address>
         <run_address>0x1edc</run_address>
         <size>0x57</size>
         <input_file_ref idref="fl-17"/>
      </object_component>
      <object_component id="oc-d9">
         <name>.debug_line</name>
         <load_address>0x1f33</load_address>
         <run_address>0x1f33</run_address>
         <size>0x7e</size>
         <input_file_ref idref="fl-18"/>
      </object_component>
      <object_component id="oc-de">
         <name>.debug_line</name>
         <load_address>0x1fb1</load_address>
         <run_address>0x1fb1</run_address>
         <size>0xad</size>
         <input_file_ref idref="fl-19"/>
      </object_component>
      <object_component id="oc-e3">
         <name>.debug_line</name>
         <load_address>0x205e</load_address>
         <run_address>0x205e</run_address>
         <size>0x63</size>
         <input_file_ref idref="fl-1a"/>
      </object_component>
      <object_component id="oc-e8">
         <name>.debug_line</name>
         <load_address>0x20c1</load_address>
         <run_address>0x20c1</run_address>
         <size>0x62</size>
         <input_file_ref idref="fl-1b"/>
      </object_component>
      <object_component id="oc-ed">
         <name>.debug_line</name>
         <load_address>0x2123</load_address>
         <run_address>0x2123</run_address>
         <size>0x56</size>
         <input_file_ref idref="fl-1c"/>
      </object_component>
      <object_component id="oc-f2">
         <name>.debug_line</name>
         <load_address>0x2179</load_address>
         <run_address>0x2179</run_address>
         <size>0x50</size>
         <input_file_ref idref="fl-1d"/>
      </object_component>
      <object_component id="oc-f7">
         <name>.debug_line</name>
         <load_address>0x21c9</load_address>
         <run_address>0x21c9</run_address>
         <size>0x62</size>
         <input_file_ref idref="fl-1e"/>
      </object_component>
      <object_component id="oc-fc">
         <name>.debug_line</name>
         <load_address>0x222b</load_address>
         <run_address>0x222b</run_address>
         <size>0x3e</size>
         <input_file_ref idref="fl-1f"/>
      </object_component>
      <object_component id="oc-101">
         <name>.debug_line</name>
         <load_address>0x2269</load_address>
         <run_address>0x2269</run_address>
         <size>0x3a</size>
         <input_file_ref idref="fl-20"/>
      </object_component>
      <object_component id="oc-108">
         <name>.debug_line</name>
         <load_address>0x22a3</load_address>
         <run_address>0x22a3</run_address>
         <size>0x65</size>
         <input_file_ref idref="fl-21"/>
      </object_component>
      <object_component id="oc-10d">
         <name>.debug_line</name>
         <load_address>0x2308</load_address>
         <run_address>0x2308</run_address>
         <size>0x5e</size>
         <input_file_ref idref="fl-22"/>
      </object_component>
      <object_component id="oc-112">
         <name>.debug_line</name>
         <load_address>0x2366</load_address>
         <run_address>0x2366</run_address>
         <size>0x55</size>
         <input_file_ref idref="fl-23"/>
      </object_component>
      <object_component id="oc-4e">
         <name>.debug_info</name>
         <load_address>0x0</load_address>
         <run_address>0x0</run_address>
         <size>0x104</size>
         <input_file_ref idref="fl-3"/>
      </object_component>
      <object_component id="oc-51">
         <name>.debug_info</name>
         <load_address>0x104</load_address>
         <run_address>0x104</run_address>
         <size>0x1f0b</size>
         <input_file_ref idref="fl-4"/>
      </object_component>
      <object_component id="oc-59">
         <name>.debug_info</name>
         <load_address>0x200f</load_address>
         <run_address>0x200f</run_address>
         <size>0x142</size>
         <input_file_ref idref="fl-5"/>
      </object_component>
      <object_component id="oc-5c">
         <name>.debug_info</name>
         <load_address>0x2151</load_address>
         <run_address>0x2151</run_address>
         <size>0x34fe</size>
         <input_file_ref idref="fl-6"/>
      </object_component>
      <object_component id="oc-61">
         <name>.debug_info</name>
         <load_address>0x564f</load_address>
         <run_address>0x564f</run_address>
         <size>0x133a9</size>
         <input_file_ref idref="fl-7"/>
      </object_component>
      <object_component id="oc-95">
         <name>.debug_info</name>
         <load_address>0x189f8</load_address>
         <run_address>0x189f8</run_address>
         <size>0x1d70</size>
         <input_file_ref idref="fl-8"/>
      </object_component>
      <object_component id="oc-9a">
         <name>.debug_info</name>
         <load_address>0x1a768</load_address>
         <run_address>0x1a768</run_address>
         <size>0xb39</size>
         <input_file_ref idref="fl-9"/>
      </object_component>
      <object_component id="oc-9f">
         <name>.debug_info</name>
         <load_address>0x1b2a1</load_address>
         <run_address>0x1b2a1</run_address>
         <size>0x229d</size>
         <input_file_ref idref="fl-a"/>
      </object_component>
      <object_component id="oc-a4">
         <name>.debug_info</name>
         <load_address>0x1d53e</load_address>
         <run_address>0x1d53e</run_address>
         <size>0x3c2e</size>
         <input_file_ref idref="fl-b"/>
      </object_component>
      <object_component id="oc-aa">
         <name>.debug_info</name>
         <load_address>0x2116c</load_address>
         <run_address>0x2116c</run_address>
         <size>0x2802</size>
         <input_file_ref idref="fl-c"/>
      </object_component>
      <object_component id="oc-b1">
         <name>.debug_info</name>
         <load_address>0x2396e</load_address>
         <run_address>0x2396e</run_address>
         <size>0x15e</size>
         <input_file_ref idref="fl-d"/>
      </object_component>
      <object_component id="oc-b4">
         <name>.debug_info</name>
         <load_address>0x23acc</load_address>
         <run_address>0x23acc</run_address>
         <size>0x20d0</size>
         <input_file_ref idref="fl-e"/>
      </object_component>
      <object_component id="oc-b9">
         <name>.debug_info</name>
         <load_address>0x25b9c</load_address>
         <run_address>0x25b9c</run_address>
         <size>0x22a5</size>
         <input_file_ref idref="fl-f"/>
      </object_component>
      <object_component id="oc-c0">
         <name>.debug_info</name>
         <load_address>0x27e41</load_address>
         <run_address>0x27e41</run_address>
         <size>0x104</size>
         <input_file_ref idref="fl-10"/>
      </object_component>
      <object_component id="oc-c3">
         <name>.debug_info</name>
         <load_address>0x27f45</load_address>
         <run_address>0x27f45</run_address>
         <size>0x9f88</size>
         <input_file_ref idref="fl-11"/>
      </object_component>
      <object_component id="oc-cb">
         <name>.debug_info</name>
         <load_address>0x31ecd</load_address>
         <run_address>0x31ecd</run_address>
         <size>0x52f</size>
         <input_file_ref idref="fl-16"/>
      </object_component>
      <object_component id="oc-d1">
         <name>.debug_info</name>
         <load_address>0x323fc</load_address>
         <run_address>0x323fc</run_address>
         <size>0x3dc</size>
         <input_file_ref idref="fl-17"/>
      </object_component>
      <object_component id="oc-d8">
         <name>.debug_info</name>
         <load_address>0x327d8</load_address>
         <run_address>0x327d8</run_address>
         <size>0x174</size>
         <input_file_ref idref="fl-18"/>
      </object_component>
      <object_component id="oc-dd">
         <name>.debug_info</name>
         <load_address>0x3294c</load_address>
         <run_address>0x3294c</run_address>
         <size>0x115</size>
         <input_file_ref idref="fl-19"/>
      </object_component>
      <object_component id="oc-e2">
         <name>.debug_info</name>
         <load_address>0x32a61</load_address>
         <run_address>0x32a61</run_address>
         <size>0x14f</size>
         <input_file_ref idref="fl-1a"/>
      </object_component>
      <object_component id="oc-e7">
         <name>.debug_info</name>
         <load_address>0x32bb0</load_address>
         <run_address>0x32bb0</run_address>
         <size>0x127</size>
         <input_file_ref idref="fl-1b"/>
      </object_component>
      <object_component id="oc-ec">
         <name>.debug_info</name>
         <load_address>0x32cd7</load_address>
         <run_address>0x32cd7</run_address>
         <size>0x11f</size>
         <input_file_ref idref="fl-1c"/>
      </object_component>
      <object_component id="oc-f0">
         <name>.debug_info</name>
         <load_address>0x32df6</load_address>
         <run_address>0x32df6</run_address>
         <size>0x562</size>
         <input_file_ref idref="fl-1d"/>
      </object_component>
      <object_component id="oc-f5">
         <name>.debug_info</name>
         <load_address>0x33358</load_address>
         <run_address>0x33358</run_address>
         <size>0x43b</size>
         <input_file_ref idref="fl-1e"/>
      </object_component>
      <object_component id="oc-fa">
         <name>.debug_info</name>
         <load_address>0x33793</load_address>
         <run_address>0x33793</run_address>
         <size>0x3ae</size>
         <input_file_ref idref="fl-1f"/>
      </object_component>
      <object_component id="oc-ff">
         <name>.debug_info</name>
         <load_address>0x33b41</load_address>
         <run_address>0x33b41</run_address>
         <size>0x3ab</size>
         <input_file_ref idref="fl-20"/>
      </object_component>
      <object_component id="oc-104">
         <name>.debug_info</name>
         <load_address>0x33eec</load_address>
         <run_address>0x33eec</run_address>
         <size>0x545</size>
         <input_file_ref idref="fl-21"/>
      </object_component>
      <object_component id="oc-10b">
         <name>.debug_info</name>
         <load_address>0x34431</load_address>
         <run_address>0x34431</run_address>
         <size>0x4cd</size>
         <input_file_ref idref="fl-22"/>
      </object_component>
      <object_component id="oc-110">
         <name>.debug_info</name>
         <load_address>0x348fe</load_address>
         <run_address>0x348fe</run_address>
         <size>0x468</size>
         <input_file_ref idref="fl-23"/>
      </object_component>
      <object_component id="oc-115">
         <name>.debug_info</name>
         <load_address>0x34d66</load_address>
         <run_address>0x34d66</run_address>
         <size>0x1c7</size>
         <input_file_ref idref="fl-24"/>
      </object_component>
      <object_component id="oc-18b">
         <name>.debug_info</name>
         <load_address>0x34f2d</load_address>
         <run_address>0x34f2d</run_address>
         <size>0xaf</size>
      </object_component>
      <object_component id="oc-4f">
         <name>.debug_abbrev</name>
         <load_address>0x0</load_address>
         <run_address>0x0</run_address>
         <size>0x2f</size>
         <input_file_ref idref="fl-3"/>
      </object_component>
      <object_component id="oc-54">
         <name>.debug_abbrev</name>
         <load_address>0x2f</load_address>
         <run_address>0x2f</run_address>
         <size>0x10f</size>
         <input_file_ref idref="fl-4"/>
      </object_component>
      <object_component id="oc-5a">
         <name>.debug_abbrev</name>
         <load_address>0x13e</load_address>
         <run_address>0x13e</run_address>
         <size>0x21</size>
         <input_file_ref idref="fl-5"/>
      </object_component>
      <object_component id="oc-5f">
         <name>.debug_abbrev</name>
         <load_address>0x15f</load_address>
         <run_address>0x15f</run_address>
         <size>0x138</size>
         <input_file_ref idref="fl-6"/>
      </object_component>
      <object_component id="oc-94">
         <name>.debug_abbrev</name>
         <load_address>0x297</load_address>
         <run_address>0x297</run_address>
         <size>0xb7</size>
         <input_file_ref idref="fl-7"/>
      </object_component>
      <object_component id="oc-98">
         <name>.debug_abbrev</name>
         <load_address>0x34e</load_address>
         <run_address>0x34e</run_address>
         <size>0xdc</size>
         <input_file_ref idref="fl-8"/>
      </object_component>
      <object_component id="oc-9d">
         <name>.debug_abbrev</name>
         <load_address>0x42a</load_address>
         <run_address>0x42a</run_address>
         <size>0xc8</size>
         <input_file_ref idref="fl-9"/>
      </object_component>
      <object_component id="oc-a2">
         <name>.debug_abbrev</name>
         <load_address>0x4f2</load_address>
         <run_address>0x4f2</run_address>
         <size>0x116</size>
         <input_file_ref idref="fl-a"/>
      </object_component>
      <object_component id="oc-a8">
         <name>.debug_abbrev</name>
         <load_address>0x608</load_address>
         <run_address>0x608</run_address>
         <size>0x145</size>
         <input_file_ref idref="fl-b"/>
      </object_component>
      <object_component id="oc-ad">
         <name>.debug_abbrev</name>
         <load_address>0x74d</load_address>
         <run_address>0x74d</run_address>
         <size>0xdc</size>
         <input_file_ref idref="fl-c"/>
      </object_component>
      <object_component id="oc-b2">
         <name>.debug_abbrev</name>
         <load_address>0x829</load_address>
         <run_address>0x829</run_address>
         <size>0x3d</size>
         <input_file_ref idref="fl-d"/>
      </object_component>
      <object_component id="oc-b7">
         <name>.debug_abbrev</name>
         <load_address>0x866</load_address>
         <run_address>0x866</run_address>
         <size>0x16d</size>
         <input_file_ref idref="fl-e"/>
      </object_component>
      <object_component id="oc-bc">
         <name>.debug_abbrev</name>
         <load_address>0x9d3</load_address>
         <run_address>0x9d3</run_address>
         <size>0xea</size>
         <input_file_ref idref="fl-f"/>
      </object_component>
      <object_component id="oc-c1">
         <name>.debug_abbrev</name>
         <load_address>0xabd</load_address>
         <run_address>0xabd</run_address>
         <size>0x2f</size>
         <input_file_ref idref="fl-10"/>
      </object_component>
      <object_component id="oc-c9">
         <name>.debug_abbrev</name>
         <load_address>0xaec</load_address>
         <run_address>0xaec</run_address>
         <size>0x1d1</size>
         <input_file_ref idref="fl-11"/>
      </object_component>
      <object_component id="oc-cf">
         <name>.debug_abbrev</name>
         <load_address>0xcbd</load_address>
         <run_address>0xcbd</run_address>
         <size>0xbd</size>
         <input_file_ref idref="fl-16"/>
      </object_component>
      <object_component id="oc-d4">
         <name>.debug_abbrev</name>
         <load_address>0xd7a</load_address>
         <run_address>0xd7a</run_address>
         <size>0xa4</size>
         <input_file_ref idref="fl-17"/>
      </object_component>
      <object_component id="oc-da">
         <name>.debug_abbrev</name>
         <load_address>0xe1e</load_address>
         <run_address>0xe1e</run_address>
         <size>0x46</size>
         <input_file_ref idref="fl-18"/>
      </object_component>
      <object_component id="oc-df">
         <name>.debug_abbrev</name>
         <load_address>0xe64</load_address>
         <run_address>0xe64</run_address>
         <size>0x38</size>
         <input_file_ref idref="fl-19"/>
      </object_component>
      <object_component id="oc-e4">
         <name>.debug_abbrev</name>
         <load_address>0xe9c</load_address>
         <run_address>0xe9c</run_address>
         <size>0x38</size>
         <input_file_ref idref="fl-1a"/>
      </object_component>
      <object_component id="oc-e9">
         <name>.debug_abbrev</name>
         <load_address>0xed4</load_address>
         <run_address>0xed4</run_address>
         <size>0x38</size>
         <input_file_ref idref="fl-1b"/>
      </object_component>
      <object_component id="oc-ee">
         <name>.debug_abbrev</name>
         <load_address>0xf0c</load_address>
         <run_address>0xf0c</run_address>
         <size>0x38</size>
         <input_file_ref idref="fl-1c"/>
      </object_component>
      <object_component id="oc-f3">
         <name>.debug_abbrev</name>
         <load_address>0xf44</load_address>
         <run_address>0xf44</run_address>
         <size>0xe3</size>
         <input_file_ref idref="fl-1d"/>
      </object_component>
      <object_component id="oc-f8">
         <name>.debug_abbrev</name>
         <load_address>0x1027</load_address>
         <run_address>0x1027</run_address>
         <size>0xa8</size>
         <input_file_ref idref="fl-1e"/>
      </object_component>
      <object_component id="oc-fd">
         <name>.debug_abbrev</name>
         <load_address>0x10cf</load_address>
         <run_address>0x10cf</run_address>
         <size>0x68</size>
         <input_file_ref idref="fl-1f"/>
      </object_component>
      <object_component id="oc-102">
         <name>.debug_abbrev</name>
         <load_address>0x1137</load_address>
         <run_address>0x1137</run_address>
         <size>0x66</size>
         <input_file_ref idref="fl-20"/>
      </object_component>
      <object_component id="oc-109">
         <name>.debug_abbrev</name>
         <load_address>0x119d</load_address>
         <run_address>0x119d</run_address>
         <size>0x130</size>
         <input_file_ref idref="fl-21"/>
      </object_component>
      <object_component id="oc-10e">
         <name>.debug_abbrev</name>
         <load_address>0x12cd</load_address>
         <run_address>0x12cd</run_address>
         <size>0xb2</size>
         <input_file_ref idref="fl-22"/>
      </object_component>
      <object_component id="oc-113">
         <name>.debug_abbrev</name>
         <load_address>0x137f</load_address>
         <run_address>0x137f</run_address>
         <size>0xee</size>
         <input_file_ref idref="fl-23"/>
      </object_component>
      <object_component id="oc-118">
         <name>.debug_abbrev</name>
         <load_address>0x146d</load_address>
         <run_address>0x146d</run_address>
         <size>0x31</size>
         <input_file_ref idref="fl-24"/>
      </object_component>
      <object_component id="oc-18c">
         <name>.debug_abbrev</name>
         <load_address>0x149e</load_address>
         <run_address>0x149e</run_address>
         <size>0xf</size>
      </object_component>
      <object_component id="oc-50">
         <name>.debug_aranges</name>
         <load_address>0x0</load_address>
         <run_address>0x0</run_address>
         <size>0x20</size>
         <input_file_ref idref="fl-3"/>
      </object_component>
      <object_component id="oc-55">
         <name>.debug_aranges</name>
         <load_address>0x20</load_address>
         <run_address>0x20</run_address>
         <size>0x20</size>
         <input_file_ref idref="fl-4"/>
      </object_component>
      <object_component id="oc-5b">
         <name>.debug_aranges</name>
         <load_address>0x40</load_address>
         <run_address>0x40</run_address>
         <size>0x28</size>
         <input_file_ref idref="fl-5"/>
      </object_component>
      <object_component id="oc-60">
         <name>.debug_aranges</name>
         <load_address>0x68</load_address>
         <run_address>0x68</run_address>
         <size>0x70</size>
         <input_file_ref idref="fl-6"/>
      </object_component>
      <object_component id="oc-99">
         <name>.debug_aranges</name>
         <load_address>0xd8</load_address>
         <run_address>0xd8</run_address>
         <size>0x20</size>
         <input_file_ref idref="fl-8"/>
      </object_component>
      <object_component id="oc-9e">
         <name>.debug_aranges</name>
         <load_address>0xf8</load_address>
         <run_address>0xf8</run_address>
         <size>0x28</size>
         <input_file_ref idref="fl-9"/>
      </object_component>
      <object_component id="oc-a3">
         <name>.debug_aranges</name>
         <load_address>0x120</load_address>
         <run_address>0x120</run_address>
         <size>0x20</size>
         <input_file_ref idref="fl-a"/>
      </object_component>
      <object_component id="oc-a9">
         <name>.debug_aranges</name>
         <load_address>0x140</load_address>
         <run_address>0x140</run_address>
         <size>0x298</size>
         <input_file_ref idref="fl-b"/>
      </object_component>
      <object_component id="oc-ae">
         <name>.debug_aranges</name>
         <load_address>0x3d8</load_address>
         <run_address>0x3d8</run_address>
         <size>0x40</size>
         <input_file_ref idref="fl-c"/>
      </object_component>
      <object_component id="oc-b3">
         <name>.debug_aranges</name>
         <load_address>0x418</load_address>
         <run_address>0x418</run_address>
         <size>0x20</size>
         <input_file_ref idref="fl-d"/>
      </object_component>
      <object_component id="oc-b8">
         <name>.debug_aranges</name>
         <load_address>0x438</load_address>
         <run_address>0x438</run_address>
         <size>0x50</size>
         <input_file_ref idref="fl-e"/>
      </object_component>
      <object_component id="oc-bd">
         <name>.debug_aranges</name>
         <load_address>0x488</load_address>
         <run_address>0x488</run_address>
         <size>0x30</size>
         <input_file_ref idref="fl-f"/>
      </object_component>
      <object_component id="oc-c2">
         <name>.debug_aranges</name>
         <load_address>0x4b8</load_address>
         <run_address>0x4b8</run_address>
         <size>0x20</size>
         <input_file_ref idref="fl-10"/>
      </object_component>
      <object_component id="oc-ca">
         <name>.debug_aranges</name>
         <load_address>0x4d8</load_address>
         <run_address>0x4d8</run_address>
         <size>0xf0</size>
         <input_file_ref idref="fl-11"/>
      </object_component>
      <object_component id="oc-d0">
         <name>.debug_aranges</name>
         <load_address>0x5c8</load_address>
         <run_address>0x5c8</run_address>
         <size>0x20</size>
         <input_file_ref idref="fl-16"/>
      </object_component>
      <object_component id="oc-d5">
         <name>.debug_aranges</name>
         <load_address>0x5e8</load_address>
         <run_address>0x5e8</run_address>
         <size>0x20</size>
         <input_file_ref idref="fl-17"/>
      </object_component>
      <object_component id="oc-db">
         <name>.debug_aranges</name>
         <load_address>0x608</load_address>
         <run_address>0x608</run_address>
         <size>0x20</size>
         <input_file_ref idref="fl-18"/>
      </object_component>
      <object_component id="oc-e0">
         <name>.debug_aranges</name>
         <load_address>0x628</load_address>
         <run_address>0x628</run_address>
         <size>0x20</size>
         <input_file_ref idref="fl-19"/>
      </object_component>
      <object_component id="oc-e5">
         <name>.debug_aranges</name>
         <load_address>0x648</load_address>
         <run_address>0x648</run_address>
         <size>0x28</size>
         <input_file_ref idref="fl-1a"/>
      </object_component>
      <object_component id="oc-ea">
         <name>.debug_aranges</name>
         <load_address>0x670</load_address>
         <run_address>0x670</run_address>
         <size>0x20</size>
         <input_file_ref idref="fl-1b"/>
      </object_component>
      <object_component id="oc-ef">
         <name>.debug_aranges</name>
         <load_address>0x690</load_address>
         <run_address>0x690</run_address>
         <size>0x20</size>
         <input_file_ref idref="fl-1c"/>
      </object_component>
      <object_component id="oc-f4">
         <name>.debug_aranges</name>
         <load_address>0x6b0</load_address>
         <run_address>0x6b0</run_address>
         <size>0x20</size>
         <input_file_ref idref="fl-1d"/>
      </object_component>
      <object_component id="oc-f9">
         <name>.debug_aranges</name>
         <load_address>0x6d0</load_address>
         <run_address>0x6d0</run_address>
         <size>0x20</size>
         <input_file_ref idref="fl-1e"/>
      </object_component>
      <object_component id="oc-fe">
         <name>.debug_aranges</name>
         <load_address>0x6f0</load_address>
         <run_address>0x6f0</run_address>
         <size>0x20</size>
         <input_file_ref idref="fl-1f"/>
      </object_component>
      <object_component id="oc-103">
         <name>.debug_aranges</name>
         <load_address>0x710</load_address>
         <run_address>0x710</run_address>
         <size>0x20</size>
         <input_file_ref idref="fl-20"/>
      </object_component>
      <object_component id="oc-10a">
         <name>.debug_aranges</name>
         <load_address>0x730</load_address>
         <run_address>0x730</run_address>
         <size>0x28</size>
         <input_file_ref idref="fl-21"/>
      </object_component>
      <object_component id="oc-10f">
         <name>.debug_aranges</name>
         <load_address>0x758</load_address>
         <run_address>0x758</run_address>
         <size>0x30</size>
         <input_file_ref idref="fl-22"/>
      </object_component>
      <object_component id="oc-114">
         <name>.debug_aranges</name>
         <load_address>0x788</load_address>
         <run_address>0x788</run_address>
         <size>0x20</size>
         <input_file_ref idref="fl-23"/>
      </object_component>
      <object_component id="oc-52">
         <name>.debug_frame</name>
         <load_address>0x0</load_address>
         <run_address>0x0</run_address>
         <size>0x40</size>
         <input_file_ref idref="fl-4"/>
      </object_component>
      <object_component id="oc-5d">
         <name>.debug_frame</name>
         <load_address>0x40</load_address>
         <run_address>0x40</run_address>
         <size>0x130</size>
         <input_file_ref idref="fl-6"/>
      </object_component>
      <object_component id="oc-96">
         <name>.debug_frame</name>
         <load_address>0x170</load_address>
         <run_address>0x170</run_address>
         <size>0x40</size>
         <input_file_ref idref="fl-8"/>
      </object_component>
      <object_component id="oc-9b">
         <name>.debug_frame</name>
         <load_address>0x1b0</load_address>
         <run_address>0x1b0</run_address>
         <size>0x58</size>
         <input_file_ref idref="fl-9"/>
      </object_component>
      <object_component id="oc-a0">
         <name>.debug_frame</name>
         <load_address>0x208</load_address>
         <run_address>0x208</run_address>
         <size>0x44</size>
         <input_file_ref idref="fl-a"/>
      </object_component>
      <object_component id="oc-a6">
         <name>.debug_frame</name>
         <load_address>0x24c</load_address>
         <run_address>0x24c</run_address>
         <size>0xb10</size>
         <input_file_ref idref="fl-b"/>
      </object_component>
      <object_component id="oc-ab">
         <name>.debug_frame</name>
         <load_address>0xd5c</load_address>
         <run_address>0xd5c</run_address>
         <size>0xa0</size>
         <input_file_ref idref="fl-c"/>
      </object_component>
      <object_component id="oc-b5">
         <name>.debug_frame</name>
         <load_address>0xdfc</load_address>
         <run_address>0xdfc</run_address>
         <size>0xd8</size>
         <input_file_ref idref="fl-e"/>
      </object_component>
      <object_component id="oc-ba">
         <name>.debug_frame</name>
         <load_address>0xed4</load_address>
         <run_address>0xed4</run_address>
         <size>0x70</size>
         <input_file_ref idref="fl-f"/>
      </object_component>
      <object_component id="oc-c7">
         <name>.debug_frame</name>
         <load_address>0xf44</load_address>
         <run_address>0xf44</run_address>
         <size>0x3b4</size>
         <input_file_ref idref="fl-11"/>
      </object_component>
      <object_component id="oc-cd">
         <name>.debug_frame</name>
         <load_address>0x12f8</load_address>
         <run_address>0x12f8</run_address>
         <size>0x80</size>
         <input_file_ref idref="fl-16"/>
      </object_component>
      <object_component id="oc-d2">
         <name>.debug_frame</name>
         <load_address>0x1378</load_address>
         <run_address>0x1378</run_address>
         <size>0x44</size>
         <input_file_ref idref="fl-17"/>
      </object_component>
      <object_component id="oc-f1">
         <name>.debug_frame</name>
         <load_address>0x13bc</load_address>
         <run_address>0x13bc</run_address>
         <size>0x60</size>
         <input_file_ref idref="fl-1d"/>
      </object_component>
      <object_component id="oc-f6">
         <name>.debug_frame</name>
         <load_address>0x141c</load_address>
         <run_address>0x141c</run_address>
         <size>0x40</size>
         <input_file_ref idref="fl-1e"/>
      </object_component>
      <object_component id="oc-fb">
         <name>.debug_frame</name>
         <load_address>0x145c</load_address>
         <run_address>0x145c</run_address>
         <size>0x40</size>
         <input_file_ref idref="fl-1f"/>
      </object_component>
      <object_component id="oc-100">
         <name>.debug_frame</name>
         <load_address>0x149c</load_address>
         <run_address>0x149c</run_address>
         <size>0x40</size>
         <input_file_ref idref="fl-20"/>
      </object_component>
      <object_component id="oc-107">
         <name>.debug_frame</name>
         <load_address>0x14dc</load_address>
         <run_address>0x14dc</run_address>
         <size>0x60</size>
         <input_file_ref idref="fl-21"/>
      </object_component>
      <object_component id="oc-10c">
         <name>.debug_frame</name>
         <load_address>0x153c</load_address>
         <run_address>0x153c</run_address>
         <size>0x70</size>
         <input_file_ref idref="fl-22"/>
      </object_component>
      <object_component id="oc-111">
         <name>.debug_frame</name>
         <load_address>0x15ac</load_address>
         <run_address>0x15ac</run_address>
         <size>0x40</size>
         <input_file_ref idref="fl-23"/>
      </object_component>
   </object_component_list>
   <logical_group_list>
      <logical_group id="lg-2" display="no" color="cyan">
         <name>csmpasswds</name>
         <run_address>0x0</run_address>
         <size>0x0</size>
         <contents>
         </contents>
      </logical_group>
      <logical_group id="lg-3" display="no" color="cyan">
         <name>csm_rsvd</name>
         <run_address>0x0</run_address>
         <size>0x0</size>
         <contents>
         </contents>
      </logical_group>
      <logical_group id="lg-4" display="no" color="cyan">
         <name>codestart</name>
         <load_address>0x33fff6</load_address>
         <run_address>0x33fff6</run_address>
         <size>0x2</size>
         <contents>
            <object_component_ref idref="oc-56"/>
         </contents>
      </logical_group>
      <logical_group id="lg-5" display="no" color="cyan">
         <name>wddisable</name>
         <load_address>0x33a5ca</load_address>
         <run_address>0x33a5ca</run_address>
         <size>0x8</size>
         <contents>
            <object_component_ref idref="oc-57"/>
         </contents>
      </logical_group>
      <logical_group id="lg-6" display="no" color="cyan">
         <name>copysections</name>
         <load_address>0x33a58e</load_address>
         <run_address>0x33a58e</run_address>
         <size>0x3c</size>
         <contents>
            <object_component_ref idref="oc-af"/>
         </contents>
      </logical_group>
      <logical_group id="lg-7" display="no" color="cyan">
         <name>IQmath</name>
         <run_address>0x0</run_address>
         <size>0x0</size>
         <contents>
         </contents>
      </logical_group>
      <logical_group id="lg-8" display="no" color="cyan">
         <name>IQmathTables</name>
         <run_address>0x0</run_address>
         <size>0x0</size>
         <contents>
         </contents>
      </logical_group>
      <logical_group id="lg-9" display="no" color="cyan">
         <name>IQmathTables2</name>
         <run_address>0x0</run_address>
         <size>0x0</size>
         <contents>
         </contents>
      </logical_group>
      <logical_group id="lg-a" display="no" color="cyan">
         <name>FPUmathTables</name>
         <run_address>0x0</run_address>
         <size>0x0</size>
         <contents>
         </contents>
      </logical_group>
      <logical_group id="lg-b" display="no" color="cyan">
         <name>ZONE7DATA</name>
         <run_address>0x0</run_address>
         <size>0x0</size>
         <contents>
         </contents>
      </logical_group>
      <logical_group id="lg-c" display="no" color="cyan">
         <name>.adc_cal</name>
         <load_address>0x380080</load_address>
         <run_address>0x380080</run_address>
         <size>0x7</size>
         <contents>
            <object_component_ref idref="oc-4c"/>
         </contents>
      </logical_group>
      <logical_group id="lg-d" display="no" color="cyan">
         <name>.reset</name>
         <load_address>0x3fffc0</load_address>
         <run_address>0x3fffc0</run_address>
         <size>0x2</size>
         <contents>
            <object_component_ref idref="oc-d7"/>
         </contents>
      </logical_group>
      <logical_group id="lg-e" display="no" color="cyan">
         <name>vectors</name>
         <run_address>0x3fffc2</run_address>
         <size>0x0</size>
         <contents>
         </contents>
      </logical_group>
      <logical_group id="lg-f" display="no" color="cyan">
         <name>.stack</name>
         <run_address>0x0</run_address>
         <size>0x3e8</size>
         <contents>
            <object_component_ref idref="oc-d6"/>
            <object_component_ref idref="oc-18a"/>
         </contents>
      </logical_group>
      <logical_group id="lg-10" display="no" color="cyan">
         <name>.ebss</name>
         <run_address>0xc000</run_address>
         <size>0x691</size>
         <contents>
            <object_component_ref idref="oc-c5"/>
            <object_component_ref idref="oc-12a"/>
            <object_component_ref idref="oc-12e"/>
            <object_component_ref idref="oc-130"/>
            <object_component_ref idref="oc-106"/>
            <object_component_ref idref="oc-120"/>
            <object_component_ref idref="oc-135"/>
            <object_component_ref idref="oc-117"/>
         </contents>
      </logical_group>
      <logical_group id="lg-11" display="no" color="cyan">
         <name>.esysmem</name>
         <run_address>0x0</run_address>
         <size>0x0</size>
         <contents>
         </contents>
      </logical_group>
      <logical_group id="lg-12" display="no" color="cyan">
         <name>.cinit</name>
         <load_address>0x339e76</load_address>
         <run_address>0x9e76</run_address>
         <size>0x607</size>
         <contents>
            <object_component_ref idref="oc-c4"/>
            <object_component_ref idref="oc-12f"/>
            <object_component_ref idref="oc-131"/>
            <object_component_ref idref="oc-105"/>
            <object_component_ref idref="oc-12b"/>
            <object_component_ref idref="oc-121"/>
            <object_component_ref idref="oc-133"/>
            <object_component_ref idref="oc-116"/>
         </contents>
      </logical_group>
      <logical_group id="lg-13" display="no" color="cyan">
         <name>.const</name>
         <run_address>0x8000</run_address>
         <size>0x0</size>
         <contents>
         </contents>
      </logical_group>
      <logical_group id="lg-14" display="no" color="cyan">
         <name>.econst</name>
         <load_address>0x33a47e</load_address>
         <run_address>0xa47e</run_address>
         <size>0x110</size>
         <contents>
            <object_component_ref idref="oc-134"/>
            <object_component_ref idref="oc-cc"/>
         </contents>
      </logical_group>
      <logical_group id="lg-15" display="no" color="cyan">
         <name>.pinit</name>
         <run_address>0x8000</run_address>
         <size>0x0</size>
         <contents>
         </contents>
      </logical_group>
      <logical_group id="lg-16" display="no" color="cyan">
         <name>.switch</name>
         <run_address>0x8000</run_address>
         <size>0x0</size>
         <contents>
         </contents>
      </logical_group>
      <logical_group id="lg-17" display="no" color="cyan">
         <name>.text</name>
         <load_address>0x338000</load_address>
         <run_address>0x8000</run_address>
         <size>0x1e76</size>
         <contents>
            <object_component_ref idref="oc-11e"/>
            <object_component_ref idref="oc-a5"/>
            <object_component_ref idref="oc-124"/>
            <object_component_ref idref="oc-12d"/>
            <object_component_ref idref="oc-122"/>
            <object_component_ref idref="oc-125"/>
            <object_component_ref idref="oc-c6"/>
            <object_component_ref idref="oc-dc"/>
            <object_component_ref idref="oc-123"/>
            <object_component_ref idref="oc-129"/>
            <object_component_ref idref="oc-126"/>
            <object_component_ref idref="oc-4b"/>
            <object_component_ref idref="oc-11d"/>
            <object_component_ref idref="oc-127"/>
            <object_component_ref idref="oc-11b"/>
            <object_component_ref idref="oc-12c"/>
            <object_component_ref idref="oc-e6"/>
            <object_component_ref idref="oc-11a"/>
            <object_component_ref idref="oc-128"/>
            <object_component_ref idref="oc-eb"/>
            <object_component_ref idref="oc-e1"/>
            <object_component_ref idref="oc-11f"/>
            <object_component_ref idref="oc-11c"/>
            <object_component_ref idref="oc-132"/>
            <object_component_ref idref="oc-be"/>
            <object_component_ref idref="oc-119"/>
         </contents>
      </logical_group>
      <logical_group id="lg-18" display="no" color="cyan">
         <name>PieVectTableFile</name>
         <run_address>0xd00</run_address>
         <size>0x100</size>
         <contents>
            <object_component_ref idref="oc-93"/>
         </contents>
      </logical_group>
      <logical_group id="lg-19" display="no" color="cyan">
         <name>DevEmuRegsFile</name>
         <run_address>0x880</run_address>
         <size>0xd0</size>
         <contents>
            <object_component_ref idref="oc-8f"/>
         </contents>
      </logical_group>
      <logical_group id="lg-1a" display="no" color="cyan">
         <name>FlashRegsFile</name>
         <run_address>0xa80</run_address>
         <size>0x8</size>
         <contents>
            <object_component_ref idref="oc-67"/>
         </contents>
      </logical_group>
      <logical_group id="lg-1b" display="no" color="cyan">
         <name>CsmRegsFile</name>
         <run_address>0xae0</run_address>
         <size>0x10</size>
         <contents>
            <object_component_ref idref="oc-6a"/>
         </contents>
      </logical_group>
      <logical_group id="lg-1c" display="no" color="cyan">
         <name>AdcMirrorFile</name>
         <run_address>0xb00</run_address>
         <size>0x10</size>
         <contents>
            <object_component_ref idref="oc-69"/>
         </contents>
      </logical_group>
      <logical_group id="lg-1d" display="no" color="cyan">
         <name>XintfRegsFile</name>
         <run_address>0xb20</run_address>
         <size>0x1e</size>
         <contents>
            <object_component_ref idref="oc-72"/>
         </contents>
      </logical_group>
      <logical_group id="lg-1e" display="no" color="cyan">
         <name>CpuTimer0RegsFile</name>
         <run_address>0xc00</run_address>
         <size>0x8</size>
         <contents>
            <object_component_ref idref="oc-63"/>
         </contents>
      </logical_group>
      <logical_group id="lg-1f" display="no" color="cyan">
         <name>CpuTimer1RegsFile</name>
         <run_address>0xc08</run_address>
         <size>0x8</size>
         <contents>
            <object_component_ref idref="oc-64"/>
         </contents>
      </logical_group>
      <logical_group id="lg-20" display="no" color="cyan">
         <name>CpuTimer2RegsFile</name>
         <run_address>0xc10</run_address>
         <size>0x8</size>
         <contents>
            <object_component_ref idref="oc-65"/>
         </contents>
      </logical_group>
      <logical_group id="lg-21" display="no" color="cyan">
         <name>PieCtrlRegsFile</name>
         <run_address>0xce0</run_address>
         <size>0x1a</size>
         <contents>
            <object_component_ref idref="oc-70"/>
         </contents>
      </logical_group>
      <logical_group id="lg-22" display="no" color="cyan">
         <name>DmaRegsFile</name>
         <run_address>0x1000</run_address>
         <size>0xe0</size>
         <contents>
            <object_component_ref idref="oc-90"/>
         </contents>
      </logical_group>
      <logical_group id="lg-23" display="no" color="cyan">
         <name>McbspaRegsFile</name>
         <run_address>0x5000</run_address>
         <size>0x25</size>
         <contents>
            <object_component_ref idref="oc-82"/>
         </contents>
      </logical_group>
      <logical_group id="lg-24" display="no" color="cyan">
         <name>McbspbRegsFile</name>
         <run_address>0x5040</run_address>
         <size>0x25</size>
         <contents>
            <object_component_ref idref="oc-83"/>
         </contents>
      </logical_group>
      <logical_group id="lg-25" display="no" color="cyan">
         <name>ECanaRegsFile</name>
         <run_address>0x6000</run_address>
         <size>0x34</size>
         <contents>
            <object_component_ref idref="oc-85"/>
         </contents>
      </logical_group>
      <logical_group id="lg-26" display="no" color="cyan">
         <name>ECanaLAMRegsFile</name>
         <run_address>0x6040</run_address>
         <size>0x40</size>
         <contents>
            <object_component_ref idref="oc-87"/>
         </contents>
      </logical_group>
      <logical_group id="lg-27" display="no" color="cyan">
         <name>ECanaMboxesFile</name>
         <run_address>0x6100</run_address>
         <size>0x100</size>
         <contents>
            <object_component_ref idref="oc-91"/>
         </contents>
      </logical_group>
      <logical_group id="lg-28" display="no" color="cyan">
         <name>ECanaMOTSRegsFile</name>
         <run_address>0x6080</run_address>
         <size>0x40</size>
         <contents>
            <object_component_ref idref="oc-88"/>
         </contents>
      </logical_group>
      <logical_group id="lg-29" display="no" color="cyan">
         <name>ECanaMOTORegsFile</name>
[...]
      </symbol>
      <symbol id="sm-2bc">
         <name>_DSP28x_usDelay</name>
         <value>0x9e70</value>
         <object_component_ref idref="oc-be"/>
      </symbol>
      <symbol id="sm-385">
         <name>_ENRG_Compute</name>
         <value>0x8aa0</value>
         <object_component_ref idref="oc-11e"/>
      </symbol>
      <symbol id="sm-386">
         <name>_ModbusCRCLo</name>
         <value>0xc580</value>
         <object_component_ref idref="oc-130"/>
      </symbol>
      <symbol id="sm-387">
         <name>_I_park</name>
         <value>0xc09a</value>
         <object_component_ref idref="oc-c5"/>
      </symbol>
      <symbol id="sm-388">
         <name>_main</name>
         <value>0x8000</value>
         <object_component_ref idref="oc-11e"/>
      </symbol>
      <symbol id="sm-389">
         <name>_Vt</name>
         <value>0xc02c</value>
         <object_component_ref idref="oc-c5"/>
      </symbol>
      <symbol id="sm-38a">
         <name>_V_ISLAND</name>
         <value>0xc280</value>
         <object_component_ref idref="oc-c5"/>
      </symbol>
      <symbol id="sm-38b">
         <name>_Uc</name>
         <value>0xc01e</value>
         <object_component_ref idref="oc-c5"/>
      </symbol>
      <symbol id="sm-38c">
         <name>_Ub</name>
         <value>0xc01c</value>
         <object_component_ref idref="oc-c5"/>
      </symbol>
      <symbol id="sm-38d">
         <name>_Ua</name>
         <value>0xc01a</value>
         <object_component_ref idref="oc-c5"/>
      </symbol>
      <symbol id="sm-38e">
         <name>_U2</name>
         <value>0xc04e</value>
         <object_component_ref idref="oc-c5"/>
      </symbol>
      <symbol id="sm-38f">
         <name>_U1</name>
         <value>0xc04c</value>
         <object_component_ref idref="oc-c5"/>
      </symbol>
      <symbol id="sm-390">
         <name>_ENRG_Data</name>
         <value>0xc1c0</value>
         <object_component_ref idref="oc-c5"/>
      </symbol>
      <symbol id="sm-391">
         <name>_T0</name>
         <value>0xc02a</value>
         <object_component_ref idref="oc-c5"/>
      </symbol>
      <symbol id="sm-392">
         <name>_ModbusCRCHi</name>
         <value>0xc480</value>
         <object_component_ref idref="oc-12e"/>
      </symbol>
      <symbol id="sm-393">
         <name>_I2C_xrdy</name>
         <value>0x8cfd</value>
         <object_component_ref idref="oc-11e"/>
      </symbol>
      <symbol id="sm-394">
         <name>_Tcpdatatest</name>
         <value>0xc240</value>
         <object_component_ref idref="oc-c5"/>
      </symbol>
      <symbol id="sm-395">
         <name>_Rt</name>
         <value>0xc030</value>
         <object_component_ref idref="oc-c5"/>
      </symbol>
      <symbol id="sm-396">
         <name>_R1</name>
         <value>0xc032</value>
         <object_component_ref idref="oc-c5"/>
      </symbol>
      <symbol id="sm-397">
         <name>_int_char</name>
         <value>0x86af</value>
         <object_component_ref idref="oc-11e"/>
      </symbol>
      <symbol id="sm-398">
         <name>_offset8</name>
         <value>0xc044</value>
         <object_component_ref idref="oc-c5"/>
      </symbol>
      <symbol id="sm-399">
         <name>_offset1</name>
         <value>0xc036</value>
         <object_component_ref idref="oc-c5"/>
      </symbol>
      <symbol id="sm-39a">
         <name>_offset3</name>
         <value>0xc03a</value>
         <object_component_ref idref="oc-c5"/>
      </symbol>
      <symbol id="sm-39b">
         <name>_offset2</name>
         <value>0xc038</value>
         <object_component_ref idref="oc-c5"/>
      </symbol>
      <symbol id="sm-39c">
         <name>_offset5</name>
         <value>0xc03e</value>
         <object_component_ref idref="oc-c5"/>
      </symbol>
      <symbol id="sm-39d">
         <name>_offset4</name>
         <value>0xc03c</value>
         <object_component_ref idref="oc-c5"/>
      </symbol>
      <symbol id="sm-39e">
         <name>_offset7</name>
         <value>0xc042</value>
         <object_component_ref idref="oc-c5"/>
      </symbol>
      <symbol id="sm-39f">
         <name>_offset6</name>
         <value>0xc040</value>
         <object_component_ref idref="oc-c5"/>
      </symbol>
      <symbol id="sm-3a0">
         <name>_Fault_I</name>
         <value>0xc003</value>
         <object_component_ref idref="oc-c5"/>
      </symbol>
      <symbol id="sm-3a1">
         <name>_V_clarke</name>
         <value>0xc05a</value>
         <object_component_ref idref="oc-c5"/>
      </symbol>
      <symbol id="sm-3a2">
         <name>_Reset_status</name>
         <value>0x86f9</value>
         <object_component_ref idref="oc-11e"/>
      </symbol>
      <symbol id="sm-3a3">
         <name>_I_clarke</name>
         <value>0xc064</value>
         <object_component_ref idref="oc-c5"/>
      </symbol>
      <symbol id="sm-3a4">
         <name>_ReadData</name>
         <value>0x8d47</value>
         <object_component_ref idref="oc-11e"/>
      </symbol>
      <symbol id="sm-3a5">
         <name>_Mdfy_Time</name>
         <value>0x8a46</value>
         <object_component_ref idref="oc-11e"/>
      </symbol>
      <symbol id="sm-3a6">
         <name>_Uart1</name>
         <value>0xc3c0</value>
         <object_component_ref idref="oc-c5"/>
      </symbol>
      <symbol id="sm-3a7">
         <name>_ReadAd</name>
         <value>0x8196</value>
         <object_component_ref idref="oc-11e"/>
      </symbol>
      <symbol id="sm-3a8">
         <name>_P_set</name>
         <value>0xc056</value>
         <object_component_ref idref="oc-c5"/>
      </symbol>
      <symbol id="sm-3a9">
         <name>_flg2</name>
         <value>0xc002</value>
         <object_component_ref idref="oc-c5"/>
      </symbol>
      <symbol id="sm-3aa">
         <name>_flg1</name>
         <value>0xc001</value>
         <object_component_ref idref="oc-c5"/>
      </symbol>
      <symbol id="sm-3ab">
         <name>_InitI2C</name>
         <value>0x8cd7</value>
         <object_component_ref idref="oc-11e"/>
      </symbol>
      <symbol id="sm-3ac">
         <name>_I2C_rrdy</name>
         <value>0x8d06</value>
         <object_component_ref idref="oc-11e"/>
      </symbol>
      <symbol id="sm-3ad">
         <name>_Ic</name>
         <value>0xc010</value>
         <object_component_ref idref="oc-c5"/>
      </symbol>
      <symbol id="sm-3ae">
         <name>_Ib</name>
         <value>0xc00e</value>
         <object_component_ref idref="oc-c5"/>
      </symbol>
      <symbol id="sm-3af">
         <name>_Ia</name>
         <value>0xc00c</value>
         <object_component_ref idref="oc-c5"/>
      </symbol>
      <symbol id="sm-3b0">
         <name>_IC</name>
         <value>0xc018</value>
         <object_component_ref idref="oc-c5"/>
      </symbol>
      <symbol id="sm-3b1">
         <name>_IB</name>
         <value>0xc016</value>
         <object_component_ref idref="oc-c5"/>
      </symbol>
      <symbol id="sm-3b2">
         <name>_IA</name>
         <value>0xc014</value>
         <object_component_ref idref="oc-c5"/>
      </symbol>
      <symbol id="sm-3b3">
         <name>_I2C_Operation</name>
         <value>0x8d9f</value>
         <object_component_ref idref="oc-11e"/>
      </symbol>
      <symbol id="sm-3b4">
         <name>_Udc_count</name>
         <value>0xc000</value>
         <object_component_ref idref="oc-c5"/>
      </symbol>
      <symbol id="sm-3b5">
         <name>_ThreeAnalyz</name>
         <value>0xc180</value>
         <object_component_ref idref="oc-c5"/>
      </symbol>
      <symbol id="sm-3b6">
         <name>_Dis_Para</name>
         <value>0xc300</value>
         <object_component_ref idref="oc-c5"/>
      </symbol>
      <symbol id="sm-3b7">
         <name>_Mdfy_Enrg</name>
         <value>0x894b</value>
         <object_component_ref idref="oc-11e"/>
      </symbol>
      <symbol id="sm-3b8">
         <name>_Udc</name>
         <value>0xc024</value>
         <object_component_ref idref="oc-c5"/>
      </symbol>
      <symbol id="sm-3b9">
         <name>_Tcpdataaver</name>
         <value>0xc200</value>
         <object_component_ref idref="oc-c5"/>
      </symbol>
      <symbol id="sm-3ba">
         <name>_Scib_Check</name>
         <value>0x8ba6</value>
         <object_component_ref idref="oc-11e"/>
      </symbol>
      <symbol id="sm-3bb">
         <name>_Vdcs</name>
         <value>0xc680</value>
         <object_component_ref idref="oc-12a"/>
      </symbol>
      <symbol id="sm-3bc">
         <name>_upwr_count</name>
         <value>0xc058</value>
         <object_component_ref idref="oc-c5"/>
      </symbol>
      <symbol id="sm-3bd">
         <name>_Fault1</name>
         <value>0xc005</value>
         <object_component_ref idref="oc-c5"/>
      </symbol>
      <symbol id="sm-3be">
         <name>_Mppt_enable</name>
         <value>0xc009</value>
         <object_component_ref idref="oc-c5"/>
      </symbol>
      <symbol id="sm-3bf">
         <name>_Fault2</name>
         <value>0xc004</value>
         <object_component_ref idref="oc-c5"/>
      </symbol>
      <symbol id="sm-3c0">
         <name>_Extre</name>
         <value>0xc0c0</value>
         <object_component_ref idref="oc-c5"/>
      </symbol>
      <symbol id="sm-3c1">
         <name>_Ubc</name>
         <value>0xc022</value>
         <object_component_ref idref="oc-c5"/>
      </symbol>
      <symbol id="sm-3c2">
         <name>_rs_time</name>
         <value>0xc046</value>
         <object_component_ref idref="oc-c5"/>
      </symbol>
      <symbol id="sm-3c3">
         <name>_B5025_N</name>
         <value>0xc02e</value>
         <object_component_ref idref="oc-c5"/>
      </symbol>
      <symbol id="sm-3c4">
         <name>_Protect</name>
         <value>0x8793</value>
         <object_component_ref idref="oc-11e"/>
      </symbol>
      <symbol id="sm-3c5">
         <name>_Uab</name>
         <value>0xc020</value>
         <object_component_ref idref="oc-c5"/>
      </symbol>
      <symbol id="sm-3c6">
         <name>_Iq_pidreg</name>
         <value>0xc11a</value>
         <object_component_ref idref="oc-c5"/>
      </symbol>
      <symbol id="sm-3c7">
         <name>_GetCrcCode</name>
         <value>0x86d0</value>
         <object_component_ref idref="oc-11e"/>
      </symbol>
      <symbol id="sm-3c8">
         <name>_Scib_Data_Process</name>
         <value>0x8be0</value>
         <object_component_ref idref="oc-11e"/>
      </symbol>
      <symbol id="sm-3c9">
         <name>_mppt_pno_ctrl</name>
         <value>0xc0d8</value>
         <object_component_ref idref="oc-c5"/>
      </symbol>
      <symbol id="sm-3ca">
         <name>_WR_En</name>
         <value>0xc006</value>
         <object_component_ref idref="oc-c5"/>
      </symbol>
      <symbol id="sm-3cb">
         <name>_Vpre_rate</name>
         <value>0xc048</value>
         <object_component_ref idref="oc-c5"/>
      </symbol>
      <symbol id="sm-3cc">
         <name>_Scib_Data_Tx</name>
         <value>0x8c98</value>
         <object_component_ref idref="oc-11e"/>
      </symbol>
      <symbol id="sm-3cd">
         <name>_p_cal_cnt</name>
         <value>0xc00b</value>
         <object_component_ref idref="oc-c5"/>
      </symbol>
      <symbol id="sm-3ce">
         <name>_Idc</name>
         <value>0xc012</value>
         <object_component_ref idref="oc-c5"/>
      </symbol>
      <symbol id="sm-3cf">
         <name>_V_CURR_ADJ</name>
         <value>0xc0a8</value>
         <object_component_ref idref="oc-c5"/>
      </symbol>
      <symbol id="sm-3d0">
         <name>_WR_Flash</name>
         <value>0x8914</value>
         <object_component_ref idref="oc-11e"/>
      </symbol>
      <symbol id="sm-3d1">
         <name>_delta_U</name>
         <value>0xc04a</value>
         <object_component_ref idref="oc-c5"/>
      </symbol>
      <symbol id="sm-3d2">
         <name>_P_rated</name>
         <value>0xc00a</value>
         <object_component_ref idref="oc-c5"/>
      </symbol>
      <symbol id="sm-3d3">
         <name>_R25_N</name>
         <value>0xc026</value>
         <object_component_ref idref="oc-c5"/>
      </symbol>
      <symbol id="sm-3d4">
         <name>_Pset_pidreg</name>
         <value>0xc15a</value>
         <object_component_ref idref="oc-c5"/>
      </symbol>
      <symbol id="sm-3d5">
         <name>_EPwm1ISR</name>
         <value>0x9a5b</value>
         <object_component_ref idref="oc-c6"/>
      </symbol>
      <symbol id="sm-3d6">
         <name>_c46_DOL</name>
         <value>0x8716</value>
         <object_component_ref idref="oc-11e"/>
      </symbol>
      <symbol id="sm-3d7">
         <name>_I_ipark</name>
         <value>0xc080</value>
         <object_component_ref idref="oc-c5"/>
      </symbol>
      <symbol id="sm-3d8">
         <name>_Id_pidreg</name>
         <value>0xc100</value>
         <object_component_ref idref="oc-c5"/>
      </symbol>
      <symbol id="sm-3d9">
         <name>_Mdfy_Enrg_HMI</name>
         <value>0x89ed</value>
         <object_component_ref idref="oc-11e"/>
      </symbol>
      <symbol id="sm-3da">
         <name>_svgen</name>
         <value>0xc06e</value>
         <object_component_ref idref="oc-c5"/>
      </symbol>
      <symbol id="sm-3db">
         <name>_Vtemp</name>
         <value>0xc034</value>
         <object_component_ref idref="oc-c5"/>
      </symbol>
      <symbol id="sm-3dc">
         <name>_Plimit_P</name>
         <value>0xc052</value>
         <object_component_ref idref="oc-c5"/>
      </symbol>
      <symbol id="sm-3dd">
         <name>_Plimit_N</name>
         <value>0xc054</value>
         <object_component_ref idref="oc-c5"/>
      </symbol>
      <symbol id="sm-3de">
         <name>_InitI2CGpio</name>
         <value>0x8ce7</value>
         <object_component_ref idref="oc-11e"/>
      </symbol>
      <symbol id="sm-3df">
         <name>_Mppt_time</name>
         <value>0xc007</value>
         <object_component_ref idref="oc-c5"/>
      </symbol>
      <symbol id="sm-3e0">
         <name>_Mppt_Pv</name>
         <value>0xc050</value>
         <object_component_ref idref="oc-c5"/>
      </symbol>
      <symbol id="sm-3e1">
         <name>_RESET_SCIC</name>
         <value>0x8787</value>
         <object_component_ref idref="oc-11e"/>
      </symbol>
      <symbol id="sm-3e2">
         <name>_RESET_SCIB</name>
         <value>0x877b</value>
         <object_component_ref idref="oc-11e"/>
      </symbol>
      <symbol id="sm-3e3">
         <name>_V_pidreg</name>
         <value>0xc140</value>
         <object_component_ref idref="oc-c5"/>
      </symbol>
      <symbol id="sm-3e4">
         <name>_mpp_pause</name>
         <value>0xc008</value>
         <object_component_ref idref="oc-c5"/>
      </symbol>
      <symbol id="sm-3e5">
         <name>_WriteData</name>
         <value>0x8d0f</value>
         <object_component_ref idref="oc-11e"/>
      </symbol>
      <symbol id="sm-3e6">
         <name>_T25_N</name>
         <value>0xc028</value>
         <object_component_ref idref="oc-c5"/>
      </symbol>
      <symbol id="sm-3e7">
         <name>_Paramcalc1</name>
         <value>0x82c5</value>
         <object_component_ref idref="oc-11e"/>
      </symbol>
      <symbol id="sm-3e8">
         <name>_Paramcalc2</name>
         <value>0x8450</value>
         <object_component_ref idref="oc-11e"/>
      </symbol>
      <symbol id="sm-3e9">
         <name>_V_park</name>
         <value>0xc08c</value>
         <object_component_ref idref="oc-c5"/>
      </symbol>
      <symbol id="sm-40f">
         <name>_logf</name>
         <value>0x973b</value>
         <object_component_ref idref="oc-12d"/>
      </symbol>
      <symbol id="sm-410">
         <name>_log</name>
         <value>0x973b</value>
         <object_component_ref idref="oc-12d"/>
      </symbol>
      <symbol id="sm-420">
         <name>_sqrtf</name>
         <value>0x9d62</value>
         <object_component_ref idref="oc-12c"/>
      </symbol>
      <symbol id="sm-421">
         <name>_sqrt</name>
         <value>0x9d62</value>
         <object_component_ref idref="oc-12c"/>
      </symbol>
      <symbol id="sm-43c">
         <name>_c_int00</name>
         <value>0x9cba</value>
         <object_component_ref idref="oc-4b"/>
      </symbol>
      <symbol id="sm-43d">
         <name>__stack</name>
         <value>0x0</value>
         <object_component_ref idref="oc-d6"/>
      </symbol>
      <symbol id="sm-44e">
         <name>FS$$DIV</name>
         <value>0x9b1b</value>
         <object_component_ref idref="oc-dc"/>
      </symbol>
      <symbol id="sm-45c">
         <name>ULL$$CMP</name>
         <value>0x9e25</value>
         <object_component_ref idref="oc-e1"/>
      </symbol>
      <symbol id="sm-45d">
         <name>LL$$CMP</name>
         <value>0x9e13</value>
         <object_component_ref idref="oc-e1"/>
      </symbol>
      <symbol id="sm-46f">
         <name>FS$$TOLL</name>
         <value>0x9d89</value>
         <object_component_ref idref="oc-e6"/>
      </symbol>
      <symbol id="sm-47d">
         <name>LL$$TOFS</name>
         <value>0x9df3</value>
         <object_component_ref idref="oc-eb"/>
      </symbol>
      <symbol id="sm-48c">
         <name>_copy_in</name>
         <value>0x9daf</value>
         <object_component_ref idref="oc-11a"/>
      </symbol>
      <symbol id="sm-49d">
         <name>_memcpy</name>
         <value>0x9e31</value>
         <object_component_ref idref="oc-11f"/>
      </symbol>
      <symbol id="sm-4a9">
         <name>__system_pre_init</name>
         <value>0x9e74</value>
         <object_component_ref idref="oc-119"/>
      </symbol>
      <symbol id="sm-4b6">
         <name>__system_post_cinit</name>
         <value>0x9d61</value>
         <object_component_ref idref="oc-11b"/>
      </symbol>
      <symbol id="sm-4ca">
         <name>C$$EXIT</name>
         <value>0x9d10</value>
         <object_component_ref idref="oc-11d"/>
      </symbol>
      <symbol id="sm-4cb">
         <name>_exit</name>
         <value>0x9d12</value>
         <object_component_ref idref="oc-11d"/>
      </symbol>
      <symbol id="sm-4cc">
         <name>___TI_cleanup_ptr</name>
         <value>0xc68a</value>
         <object_component_ref idref="oc-106"/>
      </symbol>
      <symbol id="sm-4cd">
         <name>___TI_enable_exit_profile_output</name>
         <value>0xc688</value>
         <object_component_ref idref="oc-106"/>
      </symbol>
      <symbol id="sm-4ce">
         <name>_abort</name>
         <value>0x9d10</value>
         <object_component_ref idref="oc-11d"/>
      </symbol>
      <symbol id="sm-4cf">
         <name>___TI_dtors_ptr</name>
         <value>0xc68c</value>
         <object_component_ref idref="oc-106"/>
      </symbol>
      <symbol id="sm-4e3">
         <name>__unlock</name>
         <value>0xc68e</value>
         <object_component_ref idref="oc-135"/>
      </symbol>
      <symbol id="sm-4e4">
         <name>__lock</name>
         <value>0xc47e</value>
         <object_component_ref idref="oc-120"/>
      </symbol>
      <symbol id="sm-4e5">
         <name>__register_lock</name>
         <value>0x9e6b</value>
         <object_component_ref idref="oc-132"/>
      </symbol>
      <symbol id="sm-4e6">
         <name>__nop</name>
         <value>0x9e6f</value>
         <object_component_ref idref="oc-132"/>
      </symbol>
      <symbol id="sm-4e7">
         <name>__register_unlock</name>
         <value>0x9e67</value>
         <object_component_ref idref="oc-132"/>
      </symbol>
      <symbol id="sm-4f6">
         <name>__args_main</name>
         <value>0x9e4e</value>
         <object_component_ref idref="oc-11c"/>
      </symbol>
      <symbol id="sm-500">
         <name>_errno</name>
         <value>0xc690</value>
         <object_component_ref idref="oc-117"/>
      </symbol>
   </symbol_table>
   <title>Link successful</title>
</link_info>
