******************************************************************************
             TMS320C2000 Linker PC v18.12.3                    
******************************************************************************
>> Linked Mon Aug  8 10:55:21 2022

OUTPUT FILE NAME:   <F28335_GTI_FLASH.out>
ENTRY POINT SYMBOL: "_c_int00"  address: 00009cba


MEMORY CONFIGURATION

         name            origin    length      used     unused   attr    fill
----------------------  --------  ---------  --------  --------  ----  --------
PAGE 0:
  ZONE0                 00004000   00001000  00000000  00001000  RWIX
  RAML0_3               00008000   00004000  0000258d  00001a73  RWIX
  ZONE6                 00100000   00100000  00000000  00100000  RWIX
  ZONE7A                00200000   0000fc00  00000000  0000fc00  RWIX
  FLASHH                00300000   00008000  00000000  00008000  RWIX
  FLASHG                00308000   00008000  00000000  00008000  RWIX
  FLASHF                00310000   00008000  00000000  00008000  RWIX
  FLASHE                00318000   00008000  00000000  00008000  RWIX
  FLASHD                00320000   00008000  00000000  00008000  RWIX
  FLASHC                00328000   00008000  00000000  00008000  RWIX
  FLASHA                00338000   00007f80  000025d1  000059af  RWIX
  CSM_RSVD              0033ff80   00000076  00000000  00000076  RWIX
  BEGIN_FLASH           0033fff6   00000002  00000002  00000000  RWIX
  CSM_PWL               0033fff8   00000008  00000000  00000008  RWIX
  ADC_CAL               00380080   00000009  00000007  00000002  RWIX
  OTP                   00380400   00000400  00000000  00000400  RWIX
  IQTABLES              003fe000   00000b50  00000000  00000b50  RWIX
  IQTABLES2             003feb50   0000008c  00000000  0000008c  RWIX
  FPUTABLES             003febdc   000006a0  00000000  000006a0  RWIX
  ROM                   003ff27c   00000d44  00000000  00000d44  RWIX
  RESET                 003fffc0   00000002  00000000  00000002  RWIX
  VECTORS               003fffc2   0000003e  00000000  0000003e  RWIX

PAGE 1:
  RAMM0                 00000000   00000400  000003e8  00000018  RWIX
  BOOT_RSVD             00000400   00000080  00000000  00000080  RWIX
  DEV_EMU               00000880   00000180  000000d0  000000b0  RWIX
  FLASH_REGS            00000a80   00000060  00000008  00000058  RWIX
  CSM                   00000ae0   00000010  00000010  00000000  RWIX
  ADC_MIRROR            00000b00   00000010  00000010  00000000  RWIX
  XINTF                 00000b20   00000020  0000001e  00000002  RWIX
  CPU_TIMER0            00000c00   00000008  00000008  00000000  RWIX
  CPU_TIMER1            00000c08   00000008  00000008  00000000  RWIX
  CPU_TIMER2            00000c10   00000008  00000008  00000000  RWIX
  PIE_CTRL              00000ce0   00000020  0000001a  00000006  RWIX
  PIE_VECT              00000d00   00000100  00000100  00000000  RWIX
  DMA                   00001000   00000200  000000e0  00000120  RWIX
  MCBSPA                00005000   00000040  00000025  0000001b  RWIX
  MCBSPB                00005040   00000040  00000025  0000001b  RWIX
  ECANA                 00006000   00000040  00000034  0000000c  RWIX
  ECANA_LAM             00006040   00000040  00000040  00000000  RWIX
  ECANA_MOTS            00006080   00000040  00000040  00000000  RWIX
  ECANA_MOTO            000060c0   00000040  00000040  00000000  RWIX
  ECANA_MBOX            00006100   00000100  00000100  00000000  RWIX
  ECANB                 00006200   00000040  00000034  0000000c  RWIX
  ECANB_LAM             00006240   00000040  00000040  00000000  RWIX
  ECANB_MOTS            00006280   00000040  00000040  00000000  RWIX
  ECANB_MOTO            000062c0   00000040  00000040  00000000  RWIX
  ECANB_MBOX            00006300   00000100  00000100  00000000  RWIX
  EPWM1                 00006800   00000022  00000022  00000000  RWIX
  EPWM2                 00006840   00000022  00000022  00000000  RWIX
  EPWM3                 00006880   00000022  00000022  00000000  RWIX
  EPWM4                 000068c0   00000022  00000022  00000000  RWIX
  EPWM5                 00006900   00000022  00000022  00000000  RWIX
  EPWM6                 00006940   00000022  00000022  00000000  RWIX
  ECAP1                 00006a00   00000020  00000020  00000000  RWIX
  ECAP2                 00006a20   00000020  00000020  00000000  RWIX
  ECAP3                 00006a40   00000020  00000020  00000000  RWIX
  ECAP4                 00006a60   00000020  00000020  00000000  RWIX
  ECAP5                 00006a80   00000020  00000020  00000000  RWIX
  ECAP6                 00006aa0   00000020  00000020  00000000  RWIX
  EQEP1                 00006b00   00000040  00000040  00000000  RWIX
  EQEP2                 00006b40   00000040  00000040  00000000  RWIX
  GPIOCTRL              00006f80   00000040  0000002e  00000012  RWIX
  GPIODAT               00006fc0   00000020  00000020  00000000  RWIX
  GPIOINT               00006fe0   00000020  0000000a  00000016  RWIX
  SYSTEM                00007010   00000020  00000020  00000000  RWIX
  SPIA                  00007040   00000010  00000010  00000000  RWIX
  SCIA                  00007050   00000010  00000010  00000000  RWIX
  XINTRUPT              00007070   00000010  00000010  00000000  RWIX
  ADC                   00007100   00000020  0000001e  00000002  RWIX
  SCIB                  00007750   00000010  00000010  00000000  RWIX
  SCIC                  00007770   00000010  00000010  00000000  RWIX
  I2CA                  00007900   00000040  00000022  0000001e  RWIX
  RAML4_8               0000c000   00004000  00000691  0000396f  RWIX
  ZONE7B                0020fc00   00000400  00000000  00000400  RWIX
  CSM_PWL               0033fff8   00000008  00000008  00000000  RWIX
  PARTID                00380090   00000001  00000001  00000000  RWIX


SECTION ALLOCATION MAP

 output                                  attributes/
section   page    origin      length       input sections
--------  ----  ----------  ----------   ----------------
.const     0    00008000    00000000     UNINITIALIZED

copysections 
*          0    0033a58e    0000003c     
                  0033a58e    0000003c     DSP2833x_SectionCopy_nonBIOS.obj (copysections)

wddisable 
*          0    0033a5ca    00000008     
                  0033a5ca    00000008     DSP2833x_CodeStartBranch.obj (wddisable)

codestart 
*          0    0033fff6    00000002     
                  0033fff6    00000002     DSP2833x_CodeStartBranch.obj (codestart)

.adc_cal   0    00380080    00000007     NOLOAD SECTION
                  00380080    00000007     DSP2833x_ADC_cal.obj (.adc_cal)

.reset     0    003fffc0    00000002     DSECT
                  003fffc0    00000002     rts2800_fpu32.lib : boot28.asm.obj (.reset)

vectors    0    003fffc2    00000000     DSECT

.pinit     0    00008000    00000000     UNINITIALIZED

.switch    0    00008000    00000000     UNINITIALIZED

.text      0    00338000    00001e76     RUN ADDR = 00008000
                  00338000    00000e9d     main.obj (.text)
                  00338e9d    00000711     DSP2833x_SWPrioritizedDefaultIsr.obj (.text:retain)
                  003395ae    0000018d     DSP2833x_EPwm.obj (.text)
                  0033973b    0000012b     rts2800_fpu32.lib : e_logf.c.obj (.text)
                  00339866    0000010c     DSP2833x_SysCtrl.obj (.text)
                  00339972    000000e9     DSP2833x_Xintf.obj (.text)
                  00339a5b    000000c0     main.obj (.text:retain)
                  00339b1b    00000088     rts2800_fpu32.lib : fs_div28.asm.obj (.text)
                  00339ba3    00000063     DSP2833x_Gpio.obj (.text)
                  00339c06    0000005a     DSP2833x_Adc.obj (.text)
                  00339c60    0000005a     DSP2833x_Sci.obj (.text)
                  00339cba    00000056     rts2800_fpu32.lib : boot28.asm.obj (.text)
                  00339d10    00000029                       : exit.c.obj (.text)
                  00339d39    00000028     DSP2833x_PieCtrl.obj (.text)
                  00339d61    00000001     rts2800_fpu32.lib : startup.c.obj (.text)
                  00339d62    00000027                       : e_sqrtf.c.obj (.text)
                  00339d89    00000026                       : fs_tollfpu32.asm.obj (.text)
                  00339daf    00000024                       : cpy_tbl.c.obj (.text)
                  00339dd3    00000020     DSP2833x_PieVect.obj (.text)
                  00339df3    00000020     rts2800_fpu32.lib : ll_tofsfpu32.asm.obj (.text)
                  00339e13    0000001e                       : ll_cmp28.asm.obj (.text)
                  00339e31    0000001d                       : memcpy.c.obj (.text)
                  00339e4e    00000019                       : args_main.c.obj (.text)
                  00339e67    00000009                       : _lock.c.obj (.text)
                  00339e70    00000004     DSP2833x_usDelay.obj (.text)
                  00339e74    00000002     rts2800_fpu32.lib : pre_init.c.obj (.text)

.stack     1    00000000    000003e8     UNINITIALIZED
                  00000000    000003e8     --HOLE--

.ebss      1    0000c000    00000691     UNINITIALIZED
                  0000c000    0000047e     main.obj (.ebss)
                  0000c47e    00000002     rts2800_fpu32.lib : _lock.c.obj (.ebss:__lock)
                  0000c480    00000100     main.obj (.ebss:_ModbusCRCHi)
                  0000c580    00000100     main.obj (.ebss:_ModbusCRCLo)
                  0000c680    00000008     main.obj (.ebss:_Vdcs)
                  0000c688    00000006     rts2800_fpu32.lib : exit.c.obj (.ebss)
                  0000c68e    00000002                       : _lock.c.obj (.ebss:__unlock)
                  0000c690    00000001                       : errno.c.obj (.ebss)

.cinit     0    00339e76    00000607     RUN ADDR = 00009e76
                  00339e76    000003d8     main.obj (.cinit)
                  0033a24e    00000103     main.obj (.cinit:_ModbusCRCHi)
                  0033a351    00000103     main.obj (.cinit:_ModbusCRCLo)
                  0033a454    0000000e     rts2800_fpu32.lib : exit.c.obj (.cinit)
                  0033a462    0000000b     main.obj (.cinit:_Vdcs)
                  0033a46d    00000005     rts2800_fpu32.lib : _lock.c.obj (.cinit:__lock)
                  0033a472    00000005                       : _lock.c.obj (.cinit:__unlock)
                  0033a477    00000004                       : errno.c.obj (.cinit)
                  0033a47b    00000002     --HOLE-- [fill = 0]

.econst    0    0033a47e    00000110     RUN ADDR = 0000a47e
                  0033a47e    00000100     DSP2833x_PieVect.obj (.econst:_PieVectTableInit)
                  0033a57e    00000010     rts2800_fpu32.lib : e_logf.c.obj (.econst)

DevEmuRegsFile 
*          1    00000880    000000d0     UNINITIALIZED
                  00000880    000000d0     DSP2833x_GlobalVariableDefs.obj (DevEmuRegsFile)

FlashRegsFile 
*          1    00000a80    00000008     UNINITIALIZED
                  00000a80    00000008     DSP2833x_GlobalVariableDefs.obj (FlashRegsFile)

CsmRegsFile 
*          1    00000ae0    00000010     UNINITIALIZED
                  00000ae0    00000010     DSP2833x_GlobalVariableDefs.obj (CsmRegsFile)

AdcMirrorFile 
*          1    00000b00    00000010     UNINITIALIZED
                  00000b00    00000010     DSP2833x_GlobalVariableDefs.obj (AdcMirrorFile)

XintfRegsFile 
*          1    00000b20    0000001e     UNINITIALIZED
                  00000b20    0000001e     DSP2833x_GlobalVariableDefs.obj (XintfRegsFile)

CpuTimer0RegsFile 
*          1    00000c00    00000008     UNINITIALIZED
                  00000c00    00000008     DSP2833x_GlobalVariableDefs.obj (CpuTimer0RegsFile)

CpuTimer1RegsFile 
*          1    00000c08    00000008     UNINITIALIZED
                  00000c08    00000008     DSP2833x_GlobalVariableDefs.obj (CpuTimer1RegsFile)

CpuTimer2RegsFile 
*          1    00000c10    00000008     UNINITIALIZED
                  00000c10    00000008     DSP2833x_GlobalVariableDefs.obj (CpuTimer2RegsFile)

PieCtrlRegsFile 
*          1    00000ce0    0000001a     UNINITIALIZED
                  00000ce0    0000001a     DSP2833x_GlobalVariableDefs.obj (PieCtrlRegsFile)

PieVectTableFile 
*          1    00000d00    00000100     UNINITIALIZED
                  00000d00    00000100     DSP2833x_GlobalVariableDefs.obj (PieVectTableFile)

DmaRegsFile 
*          1    00001000    000000e0     UNINITIALIZED
                  00001000    000000e0     DSP2833x_GlobalVariableDefs.obj (DmaRegsFile)

McbspaRegsFile 
*          1    00005000    00000025     UNINITIALIZED
                  00005000    00000025     DSP2833x_GlobalVariableDefs.obj (McbspaRegsFile)

McbspbRegsFile 
*          1    00005040    00000025     UNINITIALIZED
                  00005040    00000025     DSP2833x_GlobalVariableDefs.obj (McbspbRegsFile)

ECanaRegsFile 
*          1    00006000    00000034     UNINITIALIZED
                  00006000    00000034     DSP2833x_GlobalVariableDefs.obj (ECanaRegsFile)

ECanaLAMRegsFile 
*          1    00006040    00000040     UNINITIALIZED
                  00006040    00000040     DSP2833x_GlobalVariableDefs.obj (ECanaLAMRegsFile)

ECanaMOTSRegsFile 
*          1    00006080    00000040     UNINITIALIZED
                  00006080    00000040     DSP2833x_GlobalVariableDefs.obj (ECanaMOTSRegsFile)

ECanaMOTORegsFile 
*          1    000060c0    00000040     UNINITIALIZED
                  000060c0    00000040     DSP2833x_GlobalVariableDefs.obj (ECanaMOTORegsFile)

ECanaMboxesFile 
*          1    00006100    00000100     UNINITIALIZED
                  00006100    00000100     DSP2833x_GlobalVariableDefs.obj (ECanaMboxesFile)

ECanbRegsFile 
*          1    00006200    00000034     UNINITIALIZED
                  00006200    00000034     DSP2833x_GlobalVariableDefs.obj (ECanbRegsFile)

ECanbLAMRegsFile 
*          1    00006240    00000040     UNINITIALIZED
                  00006240    00000040     DSP2833x_GlobalVariableDefs.obj (ECanbLAMRegsFile)

ECanbMOTSRegsFile 
*          1    00006280    00000040     UNINITIALIZED
                  00006280    00000040     DSP2833x_GlobalVariableDefs.obj (ECanbMOTSRegsFile)

ECanbMOTORegsFile 
*          1    000062c0    00000040     UNINITIALIZED
                  000062c0    00000040     DSP2833x_GlobalVariableDefs.obj (ECanbMOTORegsFile)

ECanbMboxesFile 
*          1    00006300    00000100     UNINITIALIZED
                  00006300    00000100     DSP2833x_GlobalVariableDefs.obj (ECanbMboxesFile)

EPwm1RegsFile 
*          1    00006800    00000022     UNINITIALIZED
                  00006800    00000022     DSP2833x_GlobalVariableDefs.obj (EPwm1RegsFile)

EPwm2RegsFile 
*          1    00006840    00000022     UNINITIALIZED
                  00006840    00000022     DSP2833x_GlobalVariableDefs.obj (EPwm2RegsFile)

EPwm3RegsFile 
*          1    00006880    00000022     UNINITIALIZED
                  00006880    00000022     DSP2833x_GlobalVariableDefs.obj (EPwm3RegsFile)

EPwm4RegsFile 
*          1    000068c0    00000022     UNINITIALIZED
                  000068c0    00000022     DSP2833x_GlobalVariableDefs.obj (EPwm4RegsFile)

EPwm5RegsFile 
*          1    00006900    00000022     UNINITIALIZED
                  00006900    00000022     DSP2833x_GlobalVariableDefs.obj (EPwm5RegsFile)

EPwm6RegsFile 
*          1    00006940    00000022     UNINITIALIZED
                  00006940    00000022     DSP2833x_GlobalVariableDefs.obj (EPwm6RegsFile)

ECap1RegsFile 
*          1    00006a00    00000020     UNINITIALIZED
                  00006a00    00000020     DSP2833x_GlobalVariableDefs.obj (ECap1RegsFile)

ECap2RegsFile 
*          1    00006a20    00000020     UNINITIALIZED
                  00006a20    00000020     DSP2833x_GlobalVariableDefs.obj (ECap2RegsFile)

ECap3RegsFile 
*          1    00006a40    00000020     UNINITIALIZED
                  00006a40    00000020     DSP2833x_GlobalVariableDefs.obj (ECap3RegsFile)

ECap4RegsFile 
*          1    00006a60    00000020     UNINITIALIZED
                  00006a60    00000020     DSP2833x_GlobalVariableDefs.obj (ECap4RegsFile)

ECap5RegsFile 
*          1    00006a80    00000020     UNINITIALIZED
                  00006a80    00000020     DSP2833x_GlobalVariableDefs.obj (ECap5RegsFile)

ECap6RegsFile 
*          1    00006aa0    00000020     UNINITIALIZED
                  00006aa0    00000020     DSP2833x_GlobalVariableDefs.obj (ECap6RegsFile)

EQep1RegsFile 
*          1    00006b00    00000040     UNINITIALIZED
                  00006b00    00000040     DSP2833x_GlobalVariableDefs.obj (EQep1RegsFile)

EQep2RegsFile 
*          1    00006b40    00000040     UNINITIALIZED
                  00006b40    00000040     DSP2833x_GlobalVariableDefs.obj (EQep2RegsFile)

GpioCtrlRegsFile 
*          1    00006f80    0000002e     UNINITIALIZED
                  00006f80    0000002e     DSP2833x_GlobalVariableDefs.obj (GpioCtrlRegsFile)

GpioDataRegsFile 
*          1    00006fc0    00000020     UNINITIALIZED
                  00006fc0    00000020     DSP2833x_GlobalVariableDefs.obj (GpioDataRegsFile)

GpioIntRegsFile 
*          1    00006fe0    0000000a     UNINITIALIZED
                  00006fe0    0000000a     DSP2833x_GlobalVariableDefs.obj (GpioIntRegsFile)

SysCtrlRegsFile 
*          1    00007010    00000020     UNINITIALIZED
                  00007010    00000020     DSP2833x_GlobalVariableDefs.obj (SysCtrlRegsFile)

SpiaRegsFile 
*          1    00007040    00000010     UNINITIALIZED
                  00007040    00000010     DSP2833x_GlobalVariableDefs.obj (SpiaRegsFile)

SciaRegsFile 
*          1    00007050    00000010     UNINITIALIZED
                  00007050    00000010     DSP2833x_GlobalVariableDefs.obj (SciaRegsFile)

XIntruptRegsFile 
*          1    00007070    00000010     UNINITIALIZED
                  00007070    00000010     DSP2833x_GlobalVariableDefs.obj (XIntruptRegsFile)

AdcRegsFile 
*          1    00007100    0000001e     UNINITIALIZED
                  00007100    0000001e     DSP2833x_GlobalVariableDefs.obj (AdcRegsFile)

ScibRegsFile 
*          1    00007750    00000010     UNINITIALIZED
                  00007750    00000010     DSP2833x_GlobalVariableDefs.obj (ScibRegsFile)

ScicRegsFile 
*          1    00007770    00000010     UNINITIALIZED
                  00007770    00000010     DSP2833x_GlobalVariableDefs.obj (ScicRegsFile)

I2caRegsFile 
*          1    00007900    00000022     UNINITIALIZED
                  00007900    00000022     DSP2833x_GlobalVariableDefs.obj (I2caRegsFile)

CsmPwlFile 
*          1    0033fff8    00000008     UNINITIALIZED
                  0033fff8    00000008     DSP2833x_GlobalVariableDefs.obj (CsmPwlFile)

PartIdRegsFile 
*          1    00380090    00000001     UNINITIALIZED
                  00380090    00000001     DSP2833x_GlobalVariableDefs.obj (PartIdRegsFile)

MODULE SUMMARY

       Module                                 code    initialized data   uninitialized data
       ------                                 ----    ----------------   ------------------
    .\source\
       main.obj                               7866    3026               1670              
       DSP2833x_SWPrioritizedDefaultIsr.obj   3618    0                  0                 
       DSP2833x_GlobalVariableDefs.obj        0       0                  2679              
       DSP2833x_EPwm.obj                      794     0                  0                 
       DSP2833x_PieVect.obj                   64      512                0                 
       DSP2833x_SysCtrl.obj                   536     0                  0                 
       DSP2833x_Xintf.obj                     466     0                  0                 
       DSP2833x_Gpio.obj                      198     0                  0                 
       DSP2833x_Adc.obj                       180     0                  0                 
       DSP2833x_Sci.obj                       180     0                  0                 
       DSP2833x_PieCtrl.obj                   80      0                  0                 
       DSP2833x_SectionCopy_nonBIOS.obj       60      0                  0                 
       DSP2833x_CodeStartBranch.obj           10      0                  0                 
       DSP2833x_usDelay.obj                   8       0                  0                 
       DSP2833x_ADC_cal.obj                   7       0                  0                 
    +--+--------------------------------------+-------+------------------+--------------------+
       Total:                                 14067   3538               4349              
                                                                                           
    D:/install/CCS/ccs/tools/compiler/ti-cgt-c2000_18.12.3.LTS/lib/rts2800_fpu32.lib
       e_logf.c.obj                           598     32                 0                 
       fs_div28.asm.obj                       272     0                  0                 
       boot28.asm.obj                         172     0                  0                 
       exit.c.obj                             82      28                 6                 
       e_sqrtf.c.obj                          78      0                  0                 
       fs_tollfpu32.asm.obj                   76      0                  0                 
       cpy_tbl.c.obj                          72      0                  0                 
       ll_tofsfpu32.asm.obj                   64      0                  0                 
       ll_cmp28.asm.obj                       60      0                  0                 
       memcpy.c.obj                           58      0                  0                 
       args_main.c.obj                        50      0                  0                 
       _lock.c.obj                            18      20                 4                 
       errno.c.obj                            0       8                  1                 
       pre_init.c.obj                         4       0                  0                 
       startup.c.obj                          2       0                  0                 
    +--+--------------------------------------+-------+------------------+--------------------+
       Total:                                 1606    88                 11                
                                                                                           
       Stack:                                 0       0                  1000              
    +--+--------------------------------------+-------+------------------+--------------------+
       Grand Total:                           15673   3626               5360              


GLOBAL DATA SYMBOLS: SORTED BY DATA PAGE

address     data page           name
--------    ----------------    ----
00000000       0 (00000000)     __stack

00000880      22 (00000880)     _DevEmuRegs

00000a80      2a (00000a80)     _FlashRegs

00000ae0      2b (00000ac0)     _CsmRegs

00000b00      2c (00000b00)     _AdcMirror
00000b20      2c (00000b00)     _XintfRegs

00000c00      30 (00000c00)     _CpuTimer0Regs
00000c08      30 (00000c00)     _CpuTimer1Regs
00000c10      30 (00000c00)     _CpuTimer2Regs

00000ce0      33 (00000cc0)     _PieCtrlRegs

00000d00      34 (00000d00)     _PieVectTable

00001000      40 (00001000)     _DmaRegs

00005000     140 (00005000)     _McbspaRegs

00005040     141 (00005040)     _McbspbRegs

00006000     180 (00006000)     _ECanaRegs

00006040     181 (00006040)     _ECanaLAMRegs

00006080     182 (00006080)     _ECanaMOTSRegs

000060c0     183 (000060c0)     _ECanaMOTORegs

00006100     184 (00006100)     _ECanaMboxes

00006200     188 (00006200)     _ECanbRegs

00006240     189 (00006240)     _ECanbLAMRegs

00006280     18a (00006280)     _ECanbMOTSRegs

000062c0     18b (000062c0)     _ECanbMOTORegs

00006300     18c (00006300)     _ECanbMboxes

00006800     1a0 (00006800)     _EPwm1Regs

00006840     1a1 (00006840)     _EPwm2Regs

00006880     1a2 (00006880)     _EPwm3Regs

000068c0     1a3 (000068c0)     _EPwm4Regs

00006900     1a4 (00006900)     _EPwm5Regs

00006940     1a5 (00006940)     _EPwm6Regs

00006a00     1a8 (00006a00)     _ECap1Regs
00006a20     1a8 (00006a00)     _ECap2Regs

00006a40     1a9 (00006a40)     _ECap3Regs
00006a60     1a9 (00006a40)     _ECap4Regs

00006a80     1aa (00006a80)     _ECap5Regs
00006aa0     1aa (00006a80)     _ECap6Regs

00006b00     1ac (00006b00)     _EQep1Regs

00006b40     1ad (00006b40)     _EQep2Regs

00006f80     1be (00006f80)     _GpioCtrlRegs

00006fc0     1bf (00006fc0)     _GpioDataRegs
00006fe0     1bf (00006fc0)     _GpioIntRegs

00007010     1c0 (00007000)     _SysCtrlRegs

00007040     1c1 (00007040)     _SpiaRegs
00007050     1c1 (00007040)     _SciaRegs
00007070     1c1 (00007040)     _XIntruptRegs

00007100     1c4 (00007100)     _AdcRegs

00007750     1dd (00007740)     _ScibRegs
00007770     1dd (00007740)     _ScicRegs

00007900     1e4 (00007900)     _I2caRegs

0000a47e     291 (0000a440)     _PieVectTableInit

0000c000     300 (0000c000)     _Udc_count
0000c001     300 (0000c000)     _flg1
0000c002     300 (0000c000)     _flg2
0000c003     300 (0000c000)     _Fault_I
0000c004     300 (0000c000)     _Fault2
0000c005     300 (0000c000)     _Fault1
0000c006     300 (0000c000)     _WR_En
0000c007     300 (0000c000)     _Mppt_time
0000c008     300 (0000c000)     _mpp_pause
0000c009     300 (0000c000)     _Mppt_enable
0000c00a     300 (0000c000)     _P_rated
0000c00b     300 (0000c000)     _p_cal_cnt
0000c00c     300 (0000c000)     _Ia
0000c00e     300 (0000c000)     _Ib
0000c010     300 (0000c000)     _Ic
0000c012     300 (0000c000)     _Idc
0000c014     300 (0000c000)     _IA
0000c016     300 (0000c000)     _IB
0000c018     300 (0000c000)     _IC
0000c01a     300 (0000c000)     _Ua
0000c01c     300 (0000c000)     _Ub
0000c01e     300 (0000c000)     _Uc
0000c020     300 (0000c000)     _Uab
0000c022     300 (0000c000)     _Ubc
0000c024     300 (0000c000)     _Udc
0000c026     300 (0000c000)     _R25_N
0000c028     300 (0000c000)     _T25_N
0000c02a     300 (0000c000)     _T0
0000c02c     300 (0000c000)     _Vt
0000c02e     300 (0000c000)     _B5025_N
0000c030     300 (0000c000)     _Rt
0000c032     300 (0000c000)     _R1
0000c034     300 (0000c000)     _Vtemp
0000c036     300 (0000c000)     _offset1
0000c038     300 (0000c000)     _offset2
0000c03a     300 (0000c000)     _offset3
0000c03c     300 (0000c000)     _offset4
0000c03e     300 (0000c000)     _offset5

0000c040     301 (0000c040)     _offset6
0000c042     301 (0000c040)     _offset7
0000c044     301 (0000c040)     _offset8
0000c046     301 (0000c040)     _rs_time
0000c048     301 (0000c040)     _Vpre_rate
0000c04a     301 (0000c040)     _delta_U
0000c04c     301 (0000c040)     _U1
0000c04e     301 (0000c040)     _U2
0000c050     301 (0000c040)     _Mppt_Pv
0000c052     301 (0000c040)     _Plimit_P
0000c054     301 (0000c040)     _Plimit_N
0000c056     301 (0000c040)     _P_set
0000c058     301 (0000c040)     _upwr_count
0000c05a     301 (0000c040)     _V_clarke
0000c064     301 (0000c040)     _I_clarke
0000c06e     301 (0000c040)     _svgen

0000c080     302 (0000c080)     _I_ipark
0000c08c     302 (0000c080)     _V_park
0000c09a     302 (0000c080)     _I_park
0000c0a8     302 (0000c080)     _V_CURR_ADJ

0000c0c0     303 (0000c0c0)     _Extre
0000c0d8     303 (0000c0c0)     _mppt_pno_ctrl

0000c100     304 (0000c100)     _Id_pidreg
0000c11a     304 (0000c100)     _Iq_pidreg

0000c140     305 (0000c140)     _V_pidreg
0000c15a     305 (0000c140)     _Pset_pidreg

0000c180     306 (0000c180)     _ThreeAnalyz

0000c1c0     307 (0000c1c0)     _ENRG_Data

0000c200     308 (0000c200)     _Tcpdataaver

0000c240     309 (0000c240)     _Tcpdatatest

0000c280     30a (0000c280)     _V_ISLAND

0000c300     30c (0000c300)     _Dis_Para

0000c3c0     30f (0000c3c0)     _Uart1

0000c47e     311 (0000c440)     __lock

0000c480     312 (0000c480)     _ModbusCRCHi

0000c580     316 (0000c580)     _ModbusCRCLo

0000c680     31a (0000c680)     _Vdcs
0000c688     31a (0000c680)     ___TI_enable_exit_profile_output
0000c68a     31a (0000c680)     ___TI_cleanup_ptr
0000c68c     31a (0000c680)     ___TI_dtors_ptr
0000c68e     31a (0000c680)     __unlock
0000c690     31a (0000c680)     _errno

0033fff8    cfff (0033ffc0)     _CsmPwl

00380090    e002 (00380080)     _PartIdRegs


GLOBAL SYMBOLS: SORTED ALPHABETICALLY BY Name 

page  address   name                            
----  -------   ----                            
0     00008000  .text                           
0     00009d10  C$$EXIT                         
0     00009b1b  FS$$DIV                         
0     00009d89  FS$$TOLL                        
0     00009e13  LL$$CMP                         
0     00009df3  LL$$TOFS                        
0     00009e25  ULL$$CMP                        
0     00008fde  _ADCINT_ISR                     
0     00380080  _ADC_cal                        
1     00000b00  _AdcMirror                      
1     00007100  _AdcRegs                        
1     0000c02e  _B5025_N                        
1     00000c00  _CpuTimer0Regs                  
1     00000c08  _CpuTimer1Regs                  
1     00000c10  _CpuTimer2Regs                  
1     0033fff8  _CsmPwl                         
1     00000ae0  _CsmRegs                        
0     00009941  _CsmUnlock                      
0     00008eb7  _DATALOG_ISR                    
0     000092ed  _DINTCH1_ISR                    
0     00009308  _DINTCH2_ISR                    
0     00009323  _DINTCH3_ISR                    
0     0000933e  _DINTCH4_ISR                    
0     00009359  _DINTCH5_ISR                    
0     00009374  _DINTCH6_ISR                    
0     00009e70  _DSP28x_usDelay                 
1     00000880  _DevEmuRegs                     
1     0000c300  _Dis_Para                       
0     00009894  _DisableDog                     
1     00001000  _DmaRegs                        
0     00009467  _ECAN0INTA_ISR                  
0     0000949d  _ECAN0INTB_ISR                  
0     00009482  _ECAN1INTA_ISR                  
0     000094b8  _ECAN1INTB_ISR                  
0     00009173  _ECAP1_INT_ISR                  
0     0000918e  _ECAP2_INT_ISR                  
0     000091a9  _ECAP3_INT_ISR                  
0     000091c4  _ECAP4_INT_ISR                  
0     000091df  _ECAP5_INT_ISR                  
0     000091fa  _ECAP6_INT_ISR                  
1     00006040  _ECanaLAMRegs                   
1     000060c0  _ECanaMOTORegs                  
1     00006080  _ECanaMOTSRegs                  
1     00006100  _ECanaMboxes                    
1     00006000  _ECanaRegs                      
1     00006240  _ECanbLAMRegs                   
1     000062c0  _ECanbMOTORegs                  
1     00006280  _ECanbMOTSRegs                  
1     00006300  _ECanbMboxes                    
1     00006200  _ECanbRegs                      
1     00006a00  _ECap1Regs                      
1     00006a20  _ECap2Regs                      
1     00006a40  _ECap3Regs                      
1     00006a60  _ECap4Regs                      
1     00006a80  _ECap5Regs                      
1     00006aa0  _ECap6Regs                      
0     00008ed1  _EMUINT_ISR                     
0     00008aa0  _ENRG_Compute                   
1     0000c1c0  _ENRG_Data                      
0     000090d1  _EPWM1_INT_ISR                  
0     0000902f  _EPWM1_TZINT_ISR                
0     000090ec  _EPWM2_INT_ISR                  
0     0000904a  _EPWM2_TZINT_ISR                
0     00009107  _EPWM3_INT_ISR                  
0     00009065  _EPWM3_TZINT_ISR                
0     00009122  _EPWM4_INT_ISR                  
0     00009080  _EPWM4_TZINT_ISR                
0     0000913d  _EPWM5_INT_ISR                  
0     0000909b  _EPWM5_TZINT_ISR                
0     00009158  _EPWM6_INT_ISR                  
0     000090b6  _EPWM6_TZINT_ISR                
0     00009a5b  _EPwm1ISR                       
1     00006800  _EPwm1Regs                      
1     00006840  _EPwm2Regs                      
1     00006880  _EPwm3Regs                      
1     000068c0  _EPwm4Regs                      
1     00006900  _EPwm5Regs                      
1     00006940  _EPwm6Regs                      
0     00009215  _EQEP1_INT_ISR                  
0     00009230  _EQEP2_INT_ISR                  
1     00006b00  _EQep1Regs                      
1     00006b40  _EQep2Regs                      
0     00009d58  _EnableInterrupts               
1     0000c0c0  _Extre                          
1     0000c005  _Fault1                         
1     0000c004  _Fault2                         
1     0000c003  _Fault_I                        
1     00000a80  _FlashRegs                      
0     000086d0  _GetCrcCode                     
1     00006f80  _GpioCtrlRegs                   
1     00006fc0  _GpioDataRegs                   
1     00006fe0  _GpioIntRegs                    
0     0000938f  _I2CINT1A_ISR                   
0     000093aa  _I2CINT2A_ISR                   
0     00008d9f  _I2C_Operation                  
0     00008d06  _I2C_rrdy                       
0     00008cfd  _I2C_xrdy                       
1     00007900  _I2caRegs                       
1     0000c014  _IA                             
1     0000c016  _IB                             
1     0000c018  _IC                             
0     00008ee7  _ILLEGAL_ISR                    
0     00008e9d  _INT13_ISR                      
0     00008eaa  _INT14_ISR                      
0     0000959a  _INT_NOTUSED_ISR                
1     0000c064  _I_clarke                       
1     0000c080  _I_ipark                        
1     0000c09a  _I_park                         
1     0000c00c  _Ia                             
1     0000c00e  _Ib                             
1     0000c010  _Ic                             
1     0000c100  _Id_pidreg                      
1     0000c012  _Idc                            
0     00009c06  _InitAdc                        
0     000095be  _InitEPwm                       
0     0000969e  _InitEPwm1Gpio                  
0     000096b0  _InitEPwm2Gpio                  
0     000096c2  _InitEPwm3Gpio                  
0     000096d6  _InitEPwm4Gpio                  
0     000096ea  _InitEPwm5Gpio                  
0     000096fc  _InitEPwm6Gpio                  
0     00009691  _InitEPwmGpio                   
0     0000970e  _InitEPwmSyncGpio               
0     0000986f  _InitFlash                      
0     00009ba3  _InitGpio                       
0     00008cd7  _InitI2C                        
0     00008ce7  _InitI2CGpio                    
0     000098ed  _InitPeripheralClocks           
0     00009d39  _InitPieCtrl                    
0     00009dd3  _InitPieVectTable               
0     0000989c  _InitPll                        
0     00009c60  _InitSci                        
0     00009c79  _InitSciGpio                    
0     00009c7a  _InitSciaGpio                   
0     00009c90  _InitScibGpio                   
0     00009ca4  _InitScicGpio                   
0     00009866  _InitSysCtrl                    
0     00009722  _InitTzGpio                     
0     00009972  _InitXintf                      
0     00009a19  _InitXintf16Gpio                
0     000099d2  _InitXintf32Gpio                
1     0000c11a  _Iq_pidreg                      
0     00009575  _LUF_ISR                        
0     0000955a  _LVF_ISR                        
0     000092b7  _MRINTA_ISR                     
0     00009281  _MRINTB_ISR                     
0     000092d2  _MXINTA_ISR                     
0     0000929c  _MXINTB_ISR                     
1     00005000  _McbspaRegs                     
1     00005040  _McbspbRegs                     
0     0000894b  _Mdfy_Enrg                      
0     000089ed  _Mdfy_Enrg_HMI                  
0     00008a46  _Mdfy_Time                      
1     0000c480  _ModbusCRCHi                    
1     0000c580  _ModbusCRCLo                    
1     0000c050  _Mppt_Pv                        
1     0000c009  _Mppt_enable                    
1     0000c007  _Mppt_time                      
0     00008edc  _NMI_ISR                        
0     00009590  _PIE_RESERVED                   
1     0000c00a  _P_rated                        
1     0000c056  _P_set                          
0     000082c5  _Paramcalc1                     
0     00008450  _Paramcalc2                     
1     00380090  _PartIdRegs                     
1     00000ce0  _PieCtrlRegs                    
1     00000d00  _PieVectTable                   
0     0000a47e  _PieVectTableInit               
1     0000c054  _Plimit_N                       
1     0000c052  _Plimit_P                       
0     00008793  _Protect                        
1     0000c15a  _Pset_pidreg                    
1     0000c032  _R1                             
1     0000c026  _R25_N                          
0     0000877b  _RESET_SCIB                     
0     00008787  _RESET_SCIC                     
0     00008ec4  _RTOSINT_ISR                    
0     00008196  _ReadAd                         
0     00008d47  _ReadData                       
0     000086f9  _Reset_status                   
1     0000c030  _Rt                             
0     000093fb  _SCIRXINTA_ISR                  
0     00009431  _SCIRXINTB_ISR                  
0     000093c5  _SCIRXINTC_ISR                  
0     00009416  _SCITXINTA_ISR                  
0     0000944c  _SCITXINTB_ISR                  
0     000093e0  _SCITXINTC_ISR                  
0     00008f76  _SEQ1INT_ISR                    
0     00008f91  _SEQ2INT_ISR                    
0     0000924b  _SPIRXINTA_ISR                  
0     00009266  _SPITXINTA_ISR                  
1     00007050  _SciaRegs                       
1     00007750  _ScibRegs                       
0     00008ba6  _Scib_Check                     
0     00008be0  _Scib_Data_Process              
0     00008c98  _Scib_Data_Tx                   
1     00007770  _ScicRegs                       
0     0000988a  _ServiceDog                     
1     00007040  _SpiaRegs                       
1     00007010  _SysCtrlRegs                    
1     0000c02a  _T0                             
1     0000c028  _T25_N                          
0     00008ff9  _TINT0_ISR                      
0     000095ae  _TZCLR                          
1     0000c200  _Tcpdataaver                    
1     0000c240  _Tcpdatatest                    
1     0000c180  _ThreeAnalyz                    
1     0000c04c  _U1                             
1     0000c04e  _U2                             
0     00008f55  _USER10_ISR                     
0     00008f60  _USER11_ISR                     
0     00008f6b  _USER12_ISR                     
0     00008ef2  _USER1_ISR                      
0     00008efd  _USER2_ISR                      
0     00008f08  _USER3_ISR                      
0     00008f13  _USER4_ISR                      
0     00008f1e  _USER5_ISR                      
0     00008f29  _USER6_ISR                      
0     00008f34  _USER7_ISR                      
0     00008f3f  _USER8_ISR                      
0     00008f4a  _USER9_ISR                      
1     0000c01a  _Ua                             
1     0000c020  _Uab                            
1     0000c3c0  _Uart1                          
1     0000c01c  _Ub                             
1     0000c022  _Ubc                            
1     0000c01e  _Uc                             
1     0000c024  _Udc                            
1     0000c000  _Udc_count                      
1     0000c0a8  _V_CURR_ADJ                     
1     0000c280  _V_ISLAND                       
1     0000c05a  _V_clarke                       
1     0000c08c  _V_park                         
1     0000c140  _V_pidreg                       
1     0000c680  _Vdcs                           
1     0000c048  _Vpre_rate                      
1     0000c02c  _Vt                             
1     0000c034  _Vtemp                          
0     00009014  _WAKEINT_ISR                    
1     0000c006  _WR_En                          
0     00008914  _WR_Flash                       
0     00008d0f  _WriteData                      
0     00008fac  _XINT1_ISR                      
0     00008fc5  _XINT2_ISR                      
0     000094d3  _XINT3_ISR                      
0     000094ee  _XINT4_ISR                      
0     00009509  _XINT5_ISR                      
0     00009524  _XINT6_ISR                      
0     0000953f  _XINT7_ISR                      
1     00007070  _XIntruptRegs                   
1     00000b20  _XintfRegs                      
1     000003e8  __STACK_END                     
abs   000003e8  __STACK_SIZE                    
1     0000c68a  ___TI_cleanup_ptr               
1     0000c68c  ___TI_dtors_ptr                 
1     0000c688  ___TI_enable_exit_profile_output
abs   ffffffff  ___TI_pprof_out_hndl            
abs   ffffffff  ___TI_prof_data_size            
abs   ffffffff  ___TI_prof_data_start           
abs   ffffffff  ___binit__                      
abs   ffffffff  ___c_args__                     
0     00009e76  ___cinit__                      
0     00009e76  ___etext__                      
abs   ffffffff  ___pinit__                      
0     00008000  ___text__                       
0     00009e4e  __args_main                     
1     0000c47e  __lock                          
0     00009e6f  __nop                           
0     00009e6b  __register_lock                 
0     00009e67  __register_unlock               
1     00000000  __stack                         
0     00009d61  __system_post_cinit             
0     00009e74  __system_pre_init               
1     0000c68e  __unlock                        
0     00009d10  _abort                          
0     00008716  _c46_DOL                        
0     00009cba  _c_int00                        
0     00339e76  _cinit_loadstart                
0     00009e76  _cinit_runstart                 
abs   00000607  _cinit_size                     
0     00008000  _const_loadstart                
0     00008000  _const_runstart                 
abs   00000000  _const_size                     
0     00009daf  _copy_in                        
1     0000c04a  _delta_U                        
0     0033a47e  _econst_loadstart               
0     0000a47e  _econst_runstart                
abs   00000110  _econst_size                    
1     0000c690  _errno                          
0     00009d12  _exit                           
1     0000c001  _flg1                           
1     0000c002  _flg2                           
0     000086af  _int_char                       
0     0000973b  _log                            
0     0000973b  _logf                           
0     00008000  _main                           
0     00009e31  _memcpy                         
1     0000c008  _mpp_pause                      
1     0000c0d8  _mppt_pno_ctrl                  
1     0000c036  _offset1                        
1     0000c038  _offset2                        
1     0000c03a  _offset3                        
1     0000c03c  _offset4                        
1     0000c03e  _offset5                        
1     0000c040  _offset6                        
1     0000c042  _offset7                        
1     0000c044  _offset8                        
1     0000c00b  _p_cal_cnt                      
0     00008000  _pinit_loadstart                
0     00008000  _pinit_runstart                 
abs   00000000  _pinit_size                     
1     0000c046  _rs_time                        
0     000095a4  _rsvd_ISR                       
0     00009d62  _sqrt                           
0     00009d62  _sqrtf                          
1     0000c06e  _svgen                          
0     00008000  _switch_loadstart               
0     00008000  _switch_runstart                
abs   00000000  _switch_size                    
0     00338000  _text_loadstart                 
0     00008000  _text_runstart                  
abs   00001e76  _text_size                      
1     0000c058  _upwr_count                     
abs   ffffffff  binit                           
0     00009e76  cinit                           
0     0033fff6  code_start                      
0     0033a58e  copy_sections                   
0     00009e76  etext                           
abs   ffffffff  pinit                           


GLOBAL SYMBOLS: SORTED BY Symbol Address 

page  address   name                            
----  -------   ----                            
0     00008000  .text                           
0     00008000  ___text__                       
0     00008000  _const_loadstart                
0     00008000  _const_runstart                 
0     00008000  _main                           
0     00008000  _pinit_loadstart                
0     00008000  _pinit_runstart                 
0     00008000  _switch_loadstart               
0     00008000  _switch_runstart                
0     00008000  _text_runstart                  
0     00008196  _ReadAd                         
0     000082c5  _Paramcalc1                     
0     00008450  _Paramcalc2                     
0     000086af  _int_char                       
0     000086d0  _GetCrcCode                     
0     000086f9  _Reset_status                   
0     00008716  _c46_DOL                        
0     0000877b  _RESET_SCIB                     
0     00008787  _RESET_SCIC                     
0     00008793  _Protect                        
0     00008914  _WR_Flash                       
0     0000894b  _Mdfy_Enrg                      
0     000089ed  _Mdfy_Enrg_HMI                  
0     00008a46  _Mdfy_Time                      
0     00008aa0  _ENRG_Compute                   
0     00008ba6  _Scib_Check                     
0     00008be0  _Scib_Data_Process              
0     00008c98  _Scib_Data_Tx                   
0     00008cd7  _InitI2C                        
0     00008ce7  _InitI2CGpio                    
0     00008cfd  _I2C_xrdy                       
0     00008d06  _I2C_rrdy                       
0     00008d0f  _WriteData                      
0     00008d47  _ReadData                       
0     00008d9f  _I2C_Operation                  
0     00008e9d  _INT13_ISR                      
0     00008eaa  _INT14_ISR                      
0     00008eb7  _DATALOG_ISR                    
0     00008ec4  _RTOSINT_ISR                    
0     00008ed1  _EMUINT_ISR                     
0     00008edc  _NMI_ISR                        
0     00008ee7  _ILLEGAL_ISR                    
0     00008ef2  _USER1_ISR                      
0     00008efd  _USER2_ISR                      
0     00008f08  _USER3_ISR                      
0     00008f13  _USER4_ISR                      
0     00008f1e  _USER5_ISR                      
0     00008f29  _USER6_ISR                      
0     00008f34  _USER7_ISR                      
0     00008f3f  _USER8_ISR                      
0     00008f4a  _USER9_ISR                      
0     00008f55  _USER10_ISR                     
0     00008f60  _USER11_ISR                     
0     00008f6b  _USER12_ISR                     
0     00008f76  _SEQ1INT_ISR                    
0     00008f91  _SEQ2INT_ISR                    
0     00008fac  _XINT1_ISR                      
0     00008fc5  _XINT2_ISR                      
0     00008fde  _ADCINT_ISR                     
0     00008ff9  _TINT0_ISR                      
0     00009014  _WAKEINT_ISR                    
0     0000902f  _EPWM1_TZINT_ISR                
0     0000904a  _EPWM2_TZINT_ISR                
0     00009065  _EPWM3_TZINT_ISR                
0     00009080  _EPWM4_TZINT_ISR                
0     0000909b  _EPWM5_TZINT_ISR                
0     000090b6  _EPWM6_TZINT_ISR                
0     000090d1  _EPWM1_INT_ISR                  
0     000090ec  _EPWM2_INT_ISR                  
0     00009107  _EPWM3_INT_ISR                  
0     00009122  _EPWM4_INT_ISR                  
0     0000913d  _EPWM5_INT_ISR                  
0     00009158  _EPWM6_INT_ISR                  
0     00009173  _ECAP1_INT_ISR                  
0     0000918e  _ECAP2_INT_ISR                  
0     000091a9  _ECAP3_INT_ISR                  
0     000091c4  _ECAP4_INT_ISR                  
0     000091df  _ECAP5_INT_ISR                  
0     000091fa  _ECAP6_INT_ISR                  
0     00009215  _EQEP1_INT_ISR                  
0     00009230  _EQEP2_INT_ISR                  
0     0000924b  _SPIRXINTA_ISR                  
0     00009266  _SPITXINTA_ISR                  
0     00009281  _MRINTB_ISR                     
0     0000929c  _MXINTB_ISR                     
0     000092b7  _MRINTA_ISR                     
0     000092d2  _MXINTA_ISR                     
0     000092ed  _DINTCH1_ISR                    
0     00009308  _DINTCH2_ISR                    
0     00009323  _DINTCH3_ISR                    
0     0000933e  _DINTCH4_ISR                    
0     00009359  _DINTCH5_ISR                    
0     00009374  _DINTCH6_ISR                    
0     0000938f  _I2CINT1A_ISR                   
0     000093aa  _I2CINT2A_ISR                   
0     000093c5  _SCIRXINTC_ISR                  
0     000093e0  _SCITXINTC_ISR                  
0     000093fb  _SCIRXINTA_ISR                  
0     00009416  _SCITXINTA_ISR                  
0     00009431  _SCIRXINTB_ISR                  
0     0000944c  _SCITXINTB_ISR                  
0     00009467  _ECAN0INTA_ISR                  
0     00009482  _ECAN1INTA_ISR                  
0     0000949d  _ECAN0INTB_ISR                  
0     000094b8  _ECAN1INTB_ISR                  
0     000094d3  _XINT3_ISR                      
0     000094ee  _XINT4_ISR                      
0     00009509  _XINT5_ISR                      
0     00009524  _XINT6_ISR                      
0     0000953f  _XINT7_ISR                      
0     0000955a  _LVF_ISR                        
0     00009575  _LUF_ISR                        
0     00009590  _PIE_RESERVED                   
0     0000959a  _INT_NOTUSED_ISR                
0     000095a4  _rsvd_ISR                       
0     000095ae  _TZCLR                          
0     000095be  _InitEPwm                       
0     00009691  _InitEPwmGpio                   
0     0000969e  _InitEPwm1Gpio                  
0     000096b0  _InitEPwm2Gpio                  
0     000096c2  _InitEPwm3Gpio                  
0     000096d6  _InitEPwm4Gpio                  
0     000096ea  _InitEPwm5Gpio                  
0     000096fc  _InitEPwm6Gpio                  
0     0000970e  _InitEPwmSyncGpio               
0     00009722  _InitTzGpio                     
0     0000973b  _log                            
0     0000973b  _logf                           
0     00009866  _InitSysCtrl                    
0     0000986f  _InitFlash                      
0     0000988a  _ServiceDog                     
0     00009894  _DisableDog                     
0     0000989c  _InitPll                        
0     000098ed  _InitPeripheralClocks           
0     00009941  _CsmUnlock                      
0     00009972  _InitXintf                      
0     000099d2  _InitXintf32Gpio                
0     00009a19  _InitXintf16Gpio                
0     00009a5b  _EPwm1ISR                       
0     00009b1b  FS$$DIV                         
0     00009ba3  _InitGpio                       
0     00009c06  _InitAdc                        
0     00009c60  _InitSci                        
0     00009c79  _InitSciGpio                    
0     00009c7a  _InitSciaGpio                   
0     00009c90  _InitScibGpio                   
0     00009ca4  _InitScicGpio                   
0     00009cba  _c_int00                        
0     00009d10  C$$EXIT                         
0     00009d10  _abort                          
0     00009d12  _exit                           
0     00009d39  _InitPieCtrl                    
0     00009d58  _EnableInterrupts               
0     00009d61  __system_post_cinit             
0     00009d62  _sqrt                           
0     00009d62  _sqrtf                          
0     00009d89  FS$$TOLL                        
0     00009daf  _copy_in                        
0     00009dd3  _InitPieVectTable               
0     00009df3  LL$$TOFS                        
0     00009e13  LL$$CMP                         
0     00009e25  ULL$$CMP                        
0     00009e31  _memcpy                         
0     00009e4e  __args_main                     
0     00009e67  __register_unlock               
0     00009e6b  __register_lock                 
0     00009e6f  __nop                           
0     00009e70  _DSP28x_usDelay                 
0     00009e74  __system_pre_init               
0     00009e76  ___cinit__                      
0     00009e76  ___etext__                      
0     00009e76  _cinit_runstart                 
0     00009e76  cinit                           
0     00009e76  etext                           
0     0000a47e  _PieVectTableInit               
0     0000a47e  _econst_runstart                
0     00338000  _text_loadstart                 
0     00339e76  _cinit_loadstart                
0     0033a47e  _econst_loadstart               
0     0033a58e  copy_sections                   
0     0033fff6  code_start                      
0     00380080  _ADC_cal                        
1     00000000  __stack                         
1     000003e8  __STACK_END                     
1     00000880  _DevEmuRegs                     
1     00000a80  _FlashRegs                      
1     00000ae0  _CsmRegs                        
1     00000b00  _AdcMirror                      
1     00000b20  _XintfRegs                      
1     00000c00  _CpuTimer0Regs                  
1     00000c08  _CpuTimer1Regs                  
1     00000c10  _CpuTimer2Regs                  
1     00000ce0  _PieCtrlRegs                    
1     00000d00  _PieVectTable                   
1     00001000  _DmaRegs                        
1     00005000  _McbspaRegs                     
1     00005040  _McbspbRegs                     
1     00006000  _ECanaRegs                      
1     00006040  _ECanaLAMRegs                   
1     00006080  _ECanaMOTSRegs                  
1     000060c0  _ECanaMOTORegs                  
1     00006100  _ECanaMboxes                    
1     00006200  _ECanbRegs                      
1     00006240  _ECanbLAMRegs                   
1     00006280  _ECanbMOTSRegs                  
1     000062c0  _ECanbMOTORegs                  
1     00006300  _ECanbMboxes                    
1     00006800  _EPwm1Regs                      
1     00006840  _EPwm2Regs                      
1     00006880  _EPwm3Regs                      
1     000068c0  _EPwm4Regs                      
1     00006900  _EPwm5Regs                      
1     00006940  _EPwm6Regs                      
1     00006a00  _ECap1Regs                      
1     00006a20  _ECap2Regs                      
1     00006a40  _ECap3Regs                      
1     00006a60  _ECap4Regs                      
1     00006a80  _ECap5Regs                      
1     00006aa0  _ECap6Regs                      
1     00006b00  _EQep1Regs                      
1     00006b40  _EQep2Regs                      
1     00006f80  _GpioCtrlRegs                   
1     00006fc0  _GpioDataRegs                   
1     00006fe0  _GpioIntRegs                    
1     00007010  _SysCtrlRegs                    
1     00007040  _SpiaRegs                       
1     00007050  _SciaRegs                       
1     00007070  _XIntruptRegs                   
1     00007100  _AdcRegs                        
1     00007750  _ScibRegs                       
1     00007770  _ScicRegs                       
1     00007900  _I2caRegs                       
1     0000c000  _Udc_count                      
1     0000c001  _flg1                           
1     0000c002  _flg2                           
1     0000c003  _Fault_I                        
1     0000c004  _Fault2                         
1     0000c005  _Fault1                         
1     0000c006  _WR_En                          
1     0000c007  _Mppt_time                      
1     0000c008  _mpp_pause                      
1     0000c009  _Mppt_enable                    
1     0000c00a  _P_rated                        
1     0000c00b  _p_cal_cnt                      
1     0000c00c  _Ia                             
1     0000c00e  _Ib                             
1     0000c010  _Ic                             
1     0000c012  _Idc                            
1     0000c014  _IA                             
1     0000c016  _IB                             
1     0000c018  _IC                             
1     0000c01a  _Ua                             
1     0000c01c  _Ub                             
1     0000c01e  _Uc                             
1     0000c020  _Uab                            
1     0000c022  _Ubc                            
1     0000c024  _Udc                            
1     0000c026  _R25_N                          
1     0000c028  _T25_N                          
1     0000c02a  _T0                             
1     0000c02c  _Vt                             
1     0000c02e  _B5025_N                        
1     0000c030  _Rt                             
1     0000c032  _R1                             
1     0000c034  _Vtemp                          
1     0000c036  _offset1                        
1     0000c038  _offset2                        
1     0000c03a  _offset3                        
1     0000c03c  _offset4                        
1     0000c03e  _offset5                        
1     0000c040  _offset6                        
1     0000c042  _offset7                        
1     0000c044  _offset8                        
1     0000c046  _rs_time                        
1     0000c048  _Vpre_rate                      
1     0000c04a  _delta_U                        
1     0000c04c  _U1                             
1     0000c04e  _U2                             
1     0000c050  _Mppt_Pv                        
1     0000c052  _Plimit_P                       
1     0000c054  _Plimit_N                       
1     0000c056  _P_set                          
1     0000c058  _upwr_count                     
1     0000c05a  _V_clarke                       
1     0000c064  _I_clarke                       
1     0000c06e  _svgen                          
1     0000c080  _I_ipark                        
1     0000c08c  _V_park                         
1     0000c09a  _I_park                         
1     0000c0a8  _V_CURR_ADJ                     
1     0000c0c0  _Extre                          
1     0000c0d8  _mppt_pno_ctrl                  
1     0000c100  _Id_pidreg                      
1     0000c11a  _Iq_pidreg                      
1     0000c140  _V_pidreg                       
1     0000c15a  _Pset_pidreg                    
1     0000c180  _ThreeAnalyz                    
1     0000c1c0  _ENRG_Data                      
1     0000c200  _Tcpdataaver                    
1     0000c240  _Tcpdatatest                    
1     0000c280  _V_ISLAND                       
1     0000c300  _Dis_Para                       
1     0000c3c0  _Uart1                          
1     0000c47e  __lock                          
1     0000c480  _ModbusCRCHi                    
1     0000c580  _ModbusCRCLo                    
1     0000c680  _Vdcs                           
1     0000c688  ___TI_enable_exit_profile_output
1     0000c68a  ___TI_cleanup_ptr               
1     0000c68c  ___TI_dtors_ptr                 
1     0000c68e  __unlock                        
1     0000c690  _errno                          
1     0033fff8  _CsmPwl                         
1     00380090  _PartIdRegs                     
abs   00000000  _const_size                     
abs   00000000  _pinit_size                     
abs   00000000  _switch_size                    
abs   00000110  _econst_size                    
abs   000003e8  __STACK_SIZE                    
abs   00000607  _cinit_size                     
abs   00001e76  _text_size                      
abs   ffffffff  ___TI_pprof_out_hndl            
abs   ffffffff  ___TI_prof_data_size            
abs   ffffffff  ___TI_prof_data_start           
abs   ffffffff  ___binit__                      
abs   ffffffff  ___c_args__                     
abs   ffffffff  ___pinit__                      
abs   ffffffff  binit                           
abs   ffffffff  pinit                           

[329 symbols]
