<?xml version="1.0" encoding="ISO-8859-1" ?>
<link_info>
   <banner>TMS320C2000 Linker PC v18.12.3.LTS</banner>
   <copyright>Copyright (c) 1996-2018 Texas Instruments Incorporated</copyright>
   <link_time>0x62a1acbf</link_time>
   <link_errors>0x0</link_errors>
   <output_file>F28335_GTI_FLASH.out</output_file>
   <entry_point>
      <name>_c_int00</name>
      <address>0xb5b9</address>
   </entry_point>
   <input_file_list>
      <input_file id="fl-3">
         <path>.\source\</path>
         <kind>object</kind>
         <file>DSP2833x_ADC_cal.obj</file>
         <name>DSP2833x_ADC_cal.obj</name>
      </input_file>
      <input_file id="fl-4">
         <path>.\source\</path>
         <kind>object</kind>
         <file>DSP2833x_Adc.obj</file>
         <name>DSP2833x_Adc.obj</name>
      </input_file>
      <input_file id="fl-5">
         <path>.\source\</path>
         <kind>object</kind>
         <file>DSP2833x_CodeStartBranch.obj</file>
         <name>DSP2833x_CodeStartBranch.obj</name>
      </input_file>
      <input_file id="fl-6">
         <path>.\source\</path>
         <kind>object</kind>
         <file>DSP2833x_EPwm.obj</file>
         <name>DSP2833x_EPwm.obj</name>
      </input_file>
      <input_file id="fl-7">
         <path>.\source\</path>
         <kind>object</kind>
         <file>DSP2833x_GlobalVariableDefs.obj</file>
         <name>DSP2833x_GlobalVariableDefs.obj</name>
      </input_file>
      <input_file id="fl-8">
         <path>.\source\</path>
         <kind>object</kind>
         <file>DSP2833x_Gpio.obj</file>
         <name>DSP2833x_Gpio.obj</name>
      </input_file>
      <input_file id="fl-9">
         <path>.\source\</path>
         <kind>object</kind>
         <file>DSP2833x_PieCtrl.obj</file>
         <name>DSP2833x_PieCtrl.obj</name>
      </input_file>
      <input_file id="fl-a">
         <path>.\source\</path>
         <kind>object</kind>
         <file>DSP2833x_PieVect.obj</file>
         <name>DSP2833x_PieVect.obj</name>
      </input_file>
      <input_file id="fl-b">
         <path>.\source\</path>
         <kind>object</kind>
         <file>DSP2833x_SWPrioritizedDefaultIsr.obj</file>
         <name>DSP2833x_SWPrioritizedDefaultIsr.obj</name>
      </input_file>
      <input_file id="fl-c">
         <path>.\source\</path>
         <kind>object</kind>
         <file>DSP2833x_Sci.obj</file>
         <name>DSP2833x_Sci.obj</name>
      </input_file>
      <input_file id="fl-d">
         <path>.\source\</path>
         <kind>object</kind>
         <file>DSP2833x_SectionCopy_nonBIOS.obj</file>
         <name>DSP2833x_SectionCopy_nonBIOS.obj</name>
      </input_file>
      <input_file id="fl-e">
         <path>.\source\</path>
         <kind>object</kind>
         <file>DSP2833x_SysCtrl.obj</file>
         <name>DSP2833x_SysCtrl.obj</name>
      </input_file>
      <input_file id="fl-f">
         <path>.\source\</path>
         <kind>object</kind>
         <file>DSP2833x_Xintf.obj</file>
         <name>DSP2833x_Xintf.obj</name>
      </input_file>
      <input_file id="fl-10">
         <path>.\source\</path>
         <kind>object</kind>
         <file>DSP2833x_usDelay.obj</file>
         <name>DSP2833x_usDelay.obj</name>
      </input_file>
      <input_file id="fl-11">
         <path>.\source\</path>
         <kind>object</kind>
         <file>main.obj</file>
         <name>main.obj</name>
      </input_file>
      <input_file id="fl-12">
         <path>.\source\</path>
         <kind>object</kind>
         <file>svpwm.obj</file>
         <name>svpwm.obj</name>
      </input_file>
      <input_file id="fl-13">
         <path>.\source\</path>
         <kind>object</kind>
         <file>w5300.obj</file>
         <name>w5300.obj</name>
      </input_file>
      <input_file id="fl-17">
         <kind>object</kind>
         <file>&lt;internal&gt;</file>
         <name>&lt;internal&gt;</name>
      </input_file>
      <input_file id="fl-18">
         <path>D:\install\CCS\ccs\tools\compiler\ti-cgt-c2000_18.12.3.LTS\lib\</path>
         <kind>archive</kind>
         <file>rts2800_fpu32.lib</file>
         <name>e_logf.c.obj</name>
      </input_file>
      <input_file id="fl-19">
         <path>D:\install\CCS\ccs\tools\compiler\ti-cgt-c2000_18.12.3.LTS\lib\</path>
         <kind>archive</kind>
         <file>rts2800_fpu32.lib</file>
         <name>e_sqrtf.c.obj</name>
      </input_file>
      <input_file id="fl-1a">
         <path>D:\install\CCS\ccs\tools\compiler\ti-cgt-c2000_18.12.3.LTS\lib\</path>
         <kind>archive</kind>
         <file>rts2800_fpu32.lib</file>
         <name>boot28.asm.obj</name>
      </input_file>
      <input_file id="fl-1b">
         <path>D:\install\CCS\ccs\tools\compiler\ti-cgt-c2000_18.12.3.LTS\lib\</path>
         <kind>archive</kind>
         <file>rts2800_fpu32.lib</file>
         <name>fs_div28.asm.obj</name>
      </input_file>
      <input_file id="fl-1c">
         <path>D:\install\CCS\ccs\tools\compiler\ti-cgt-c2000_18.12.3.LTS\lib\</path>
         <kind>archive</kind>
         <file>rts2800_fpu32.lib</file>
         <name>ll_cmp28.asm.obj</name>
      </input_file>
      <input_file id="fl-1d">
         <path>D:\install\CCS\ccs\tools\compiler\ti-cgt-c2000_18.12.3.LTS\lib\</path>
         <kind>archive</kind>
         <file>rts2800_fpu32.lib</file>
         <name>fs_tollfpu32.asm.obj</name>
      </input_file>
      <input_file id="fl-1e">
         <path>D:\install\CCS\ccs\tools\compiler\ti-cgt-c2000_18.12.3.LTS\lib\</path>
         <kind>archive</kind>
         <file>rts2800_fpu32.lib</file>
         <name>ll_tofsfpu32.asm.obj</name>
      </input_file>
      <input_file id="fl-1f">
         <path>D:\install\CCS\ccs\tools\compiler\ti-cgt-c2000_18.12.3.LTS\lib\</path>
         <kind>archive</kind>
         <file>rts2800_fpu32.lib</file>
         <name>cpy_tbl.c.obj</name>
      </input_file>
      <input_file id="fl-20">
         <path>D:\install\CCS\ccs\tools\compiler\ti-cgt-c2000_18.12.3.LTS\lib\</path>
         <kind>archive</kind>
         <file>rts2800_fpu32.lib</file>
         <name>memcpy.c.obj</name>
      </input_file>
      <input_file id="fl-21">
         <path>D:\install\CCS\ccs\tools\compiler\ti-cgt-c2000_18.12.3.LTS\lib\</path>
         <kind>archive</kind>
         <file>rts2800_fpu32.lib</file>
         <name>pre_init.c.obj</name>
      </input_file>
      <input_file id="fl-22">
         <path>D:\install\CCS\ccs\tools\compiler\ti-cgt-c2000_18.12.3.LTS\lib\</path>
         <kind>archive</kind>
         <file>rts2800_fpu32.lib</file>
         <name>startup.c.obj</name>
      </input_file>
      <input_file id="fl-23">
         <path>D:\install\CCS\ccs\tools\compiler\ti-cgt-c2000_18.12.3.LTS\lib\</path>
         <kind>archive</kind>
         <file>rts2800_fpu32.lib</file>
         <name>exit.c.obj</name>
      </input_file>
      <input_file id="fl-24">
         <path>D:\install\CCS\ccs\tools\compiler\ti-cgt-c2000_18.12.3.LTS\lib\</path>
         <kind>archive</kind>
         <file>rts2800_fpu32.lib</file>
         <name>_lock.c.obj</name>
      </input_file>
      <input_file id="fl-25">
         <path>D:\install\CCS\ccs\tools\compiler\ti-cgt-c2000_18.12.3.LTS\lib\</path>
         <kind>archive</kind>
         <file>rts2800_fpu32.lib</file>
         <name>args_main.c.obj</name>
      </input_file>
      <input_file id="fl-26">
         <path>D:\install\CCS\ccs\tools\compiler\ti-cgt-c2000_18.12.3.LTS\lib\</path>
         <kind>archive</kind>
         <file>rts2800_fpu32.lib</file>
         <name>errno.c.obj</name>
      </input_file>
   </input_file_list>
   <object_component_list>
      <object_component id="oc-56">
         <name>codestart</name>
         <load_address>0x33fff6</load_address>
         <run_address>0x33fff6</run_address>
         <size>0x2</size>
         <input_file_ref idref="fl-5"/>
      </object_component>
      <object_component id="oc-57">
         <name>wddisable</name>
         <load_address>0x33bf2c</load_address>
         <run_address>0x33bf2c</run_address>
         <size>0x8</size>
         <input_file_ref idref="fl-5"/>
      </object_component>
      <object_component id="oc-af">
         <name>copysections</name>
         <load_address>0x33bef0</load_address>
         <run_address>0x33bef0</run_address>
         <size>0x3c</size>
         <input_file_ref idref="fl-d"/>
      </object_component>
      <object_component id="oc-4c">
         <name>.adc_cal</name>
         <load_address>0x380080</load_address>
         <run_address>0x380080</run_address>
         <size>0x7</size>
         <input_file_ref idref="fl-3"/>
      </object_component>
      <object_component id="oc-e4">
         <name>.reset</name>
         <load_address>0x3fffc0</load_address>
         <run_address>0x3fffc0</run_address>
         <size>0x2</size>
         <input_file_ref idref="fl-1a"/>
      </object_component>
      <object_component id="oc-e3">
         <name>.stack</name>
         <uninitialized>true</uninitialized>
         <run_address>0x0</run_address>
         <size>0x0</size>
         <input_file_ref idref="fl-1a"/>
      </object_component>
      <object_component id="oc-1ac">
         <name>.stack</name>
         <uninitialized>true</uninitialized>
         <run_address>0x0</run_address>
         <size>0x0</size>
      </object_component>
      <object_component id="oc-c5">
         <name>.ebss</name>
         <uninitialized>true</uninitialized>
         <run_address>0xc000</run_address>
         <size>0x4be</size>
         <input_file_ref idref="fl-11"/>
      </object_component>
      <object_component id="oc-147">
         <name>.ebss:_Vdcs</name>
         <uninitialized>true</uninitialized>
         <run_address>0xdaf4</run_address>
         <size>0x8</size>
         <input_file_ref idref="fl-11"/>
      </object_component>
      <object_component id="oc-14f">
         <name>.ebss:_data_tcprx</name>
         <uninitialized>true</uninitialized>
         <run_address>0xdac0</run_address>
         <size>0x14</size>
         <input_file_ref idref="fl-11"/>
      </object_component>
      <object_component id="oc-14b">
         <name>.ebss:_ModbusCRCHi</name>
         <uninitialized>true</uninitialized>
         <run_address>0xd8c0</run_address>
         <size>0x100</size>
         <input_file_ref idref="fl-11"/>
      </object_component>
      <object_component id="oc-14d">
         <name>.ebss:_ModbusCRCLo</name>
         <uninitialized>true</uninitialized>
         <run_address>0xd9c0</run_address>
         <size>0x100</size>
         <input_file_ref idref="fl-11"/>
      </object_component>
      <object_component id="oc-13f">
         <name>.ebss:_ch1_str</name>
         <uninitialized>true</uninitialized>
         <run_address>0xc4c0</run_address>
         <size>0x280</size>
         <input_file_ref idref="fl-11"/>
      </object_component>
      <object_component id="oc-140">
         <name>.ebss:_ch2_str</name>
         <uninitialized>true</uninitialized>
         <run_address>0xc740</run_address>
         <size>0x280</size>
         <input_file_ref idref="fl-11"/>
      </object_component>
      <object_component id="oc-141">
         <name>.ebss:_ch3_str</name>
         <uninitialized>true</uninitialized>
         <run_address>0xc9c0</run_address>
         <size>0x280</size>
         <input_file_ref idref="fl-11"/>
      </object_component>
      <object_component id="oc-142">
         <name>.ebss:_ch4_str</name>
         <uninitialized>true</uninitialized>
         <run_address>0xcc40</run_address>
         <size>0x280</size>
         <input_file_ref idref="fl-11"/>
      </object_component>
      <object_component id="oc-143">
         <name>.ebss:_ch5_str</name>
         <uninitialized>true</uninitialized>
         <run_address>0xcec0</run_address>
         <size>0x280</size>
         <input_file_ref idref="fl-11"/>
      </object_component>
      <object_component id="oc-144">
         <name>.ebss:_ch6_str</name>
         <uninitialized>true</uninitialized>
         <run_address>0xd140</run_address>
         <size>0x280</size>
         <input_file_ref idref="fl-11"/>
      </object_component>
      <object_component id="oc-145">
         <name>.ebss:_ch7_str</name>
         <uninitialized>true</uninitialized>
         <run_address>0xd3c0</run_address>
         <size>0x280</size>
         <input_file_ref idref="fl-11"/>
      </object_component>
      <object_component id="oc-146">
         <name>.ebss:_ch8_str</name>
         <uninitialized>true</uninitialized>
         <run_address>0xd640</run_address>
         <size>0x280</size>
         <input_file_ref idref="fl-11"/>
      </object_component>
      <object_component id="oc-d2">
         <name>.ebss</name>
         <uninitialized>true</uninitialized>
         <run_address>0xdb10</run_address>
         <size>0x2</size>
         <input_file_ref idref="fl-13"/>
      </object_component>
      <object_component id="oc-153">
         <name>.ebss:_Subnet</name>
         <uninitialized>true</uninitialized>
         <run_address>0xdafc</run_address>
         <size>0x4</size>
         <input_file_ref idref="fl-13"/>
      </object_component>
      <object_component id="oc-156">
         <name>.ebss:_check_sendok_flag</name>
         <uninitialized>true</uninitialized>
         <run_address>0xdb00</run_address>
         <size>0x8</size>
         <input_file_ref idref="fl-13"/>
      </object_component>
      <object_component id="oc-154">
         <name>.ebss:_TXMEM_SIZE</name>
         <uninitialized>true</uninitialized>
         <run_address>0xdae4</run_address>
         <size>0x10</size>
         <input_file_ref idref="fl-13"/>
      </object_component>
      <object_component id="oc-155">
         <name>.ebss:_RXMEM_SIZE</name>
         <uninitialized>true</uninitialized>
         <run_address>0xdad4</run_address>
         <size>0x10</size>
         <input_file_ref idref="fl-13"/>
      </object_component>
      <object_component id="oc-113">
         <name>.ebss</name>
         <uninitialized>true</uninitialized>
         <run_address>0xdb08</run_address>
         <size>0x6</size>
         <input_file_ref idref="fl-23"/>
      </object_component>
      <object_component id="oc-12e">
         <name>.ebss:__lock</name>
         <uninitialized>true</uninitialized>
         <run_address>0xc4be</run_address>
         <size>0x2</size>
         <input_file_ref idref="fl-24"/>
      </object_component>
      <object_component id="oc-157">
         <name>.ebss:__unlock</name>
         <uninitialized>true</uninitialized>
         <run_address>0xdb0e</run_address>
         <size>0x2</size>
         <input_file_ref idref="fl-24"/>
      </object_component>
      <object_component id="oc-124">
         <name>.ebss</name>
         <uninitialized>true</uninitialized>
         <run_address>0xdb12</run_address>
         <size>0x1</size>
         <input_file_ref idref="fl-26"/>
      </object_component>
      <object_component id="oc-c4">
         <name>.cinit</name>
         <load_address>0x33b775</load_address>
         <run_address>0xb775</run_address>
         <size>0x414</size>
         <input_file_ref idref="fl-11"/>
      </object_component>
      <object_component id="oc-14c">
         <name>.cinit:_ModbusCRCHi</name>
         <load_address>0x33bb89</load_address>
         <run_address>0xbb89</run_address>
         <size>0x103</size>
         <input_file_ref idref="fl-11"/>
      </object_component>
      <object_component id="oc-14e">
         <name>.cinit:_ModbusCRCLo</name>
         <load_address>0x33bc8c</load_address>
         <run_address>0xbc8c</run_address>
         <size>0x103</size>
         <input_file_ref idref="fl-11"/>
      </object_component>
      <object_component id="oc-112">
         <name>.cinit</name>
         <load_address>0x33bd8f</load_address>
         <run_address>0xbd8f</run_address>
         <size>0xe</size>
         <input_file_ref idref="fl-23"/>
      </object_component>
      <object_component id="oc-148">
         <name>.cinit:_Vdcs</name>
         <load_address>0x33bd9d</load_address>
         <run_address>0xbd9d</run_address>
         <size>0xb</size>
         <input_file_ref idref="fl-11"/>
      </object_component>
      <object_component id="oc-12f">
         <name>.cinit:__lock</name>
         <load_address>0x33bda8</load_address>
         <run_address>0xbda8</run_address>
         <size>0x5</size>
         <input_file_ref idref="fl-24"/>
      </object_component>
      <object_component id="oc-151">
         <name>.cinit:__unlock</name>
         <load_address>0x33bdad</load_address>
         <run_address>0xbdad</run_address>
         <size>0x5</size>
         <input_file_ref idref="fl-24"/>
      </object_component>
      <object_component id="oc-123">
         <name>.cinit</name>
         <load_address>0x33bdb2</load_address>
         <run_address>0xbdb2</run_address>
         <size>0x4</size>
         <input_file_ref idref="fl-26"/>
      </object_component>
      <object_component id="oc-d1">
         <name>.cinit</name>
         <load_address>0x33bdb6</load_address>
         <run_address>0xbdb6</run_address>
         <size>0x4</size>
         <input_file_ref idref="fl-13"/>
      </object_component>
      <object_component id="oc-152">
         <name>.econst:_PieVectTableInit</name>
         <load_address>0x33bdbc</load_address>
         <run_address>0xbdbc</run_address>
         <size>0x100</size>
         <input_file_ref idref="fl-a"/>
      </object_component>
      <object_component id="oc-d9">
         <name>.econst</name>
         <load_address>0x33bebc</load_address>
         <run_address>0xbebc</run_address>
         <size>0x10</size>
         <input_file_ref idref="fl-18"/>
      </object_component>
      <object_component id="oc-130">
         <name>.econst:.string:_$P$T0$1</name>
         <load_address>0x33becc</load_address>
         <run_address>0xbecc</run_address>
         <size>0x8</size>
         <input_file_ref idref="fl-11"/>
      </object_component>
      <object_component id="oc-131">
         <name>.econst:.string:_$P$T1$2</name>
         <load_address>0x33bed4</load_address>
         <run_address>0xbed4</run_address>
         <size>0x8</size>
         <input_file_ref idref="fl-11"/>
      </object_component>
      <object_component id="oc-135">
         <name>.econst:.string:_$P$T5$6</name>
         <load_address>0x33bedc</load_address>
         <run_address>0xbedc</run_address>
         <size>0x6</size>
         <input_file_ref idref="fl-11"/>
      </object_component>
      <object_component id="oc-132">
         <name>.econst:.string:_$P$T2$3</name>
         <load_address>0x33bee2</load_address>
         <run_address>0xbee2</run_address>
         <size>0x4</size>
         <input_file_ref idref="fl-11"/>
      </object_component>
      <object_component id="oc-133">
         <name>.econst:.string:_$P$T3$4</name>
         <load_address>0x33bee6</load_address>
         <run_address>0xbee6</run_address>
         <size>0x4</size>
         <input_file_ref idref="fl-11"/>
      </object_component>
      <object_component id="oc-134">
         <name>.econst:.string:_$P$T4$5</name>
         <load_address>0x33beea</load_address>
         <run_address>0xbeea</run_address>
         <size>0x4</size>
         <input_file_ref idref="fl-11"/>
      </object_component>
      <object_component id="oc-d3">
         <name>.econst:.string</name>
         <load_address>0x33beee</load_address>
         <run_address>0xbeee</run_address>
         <size>0x2</size>
         <input_file_ref idref="fl-13"/>
      </object_component>
      <object_component id="oc-12b">
         <name>.text</name>
         <load_address>0x338000</load_address>
         <run_address>0x8000</run_address>
         <size>0x190a</size>
         <input_file_ref idref="fl-11"/>
      </object_component>
      <object_component id="oc-13e">
         <name>.text</name>
         <load_address>0x33990a</load_address>
         <run_address>0x990a</run_address>
         <size>0x95e</size>
         <input_file_ref idref="fl-13"/>
      </object_component>
      <object_component id="oc-a5">
         <name>.text:retain</name>
         <load_address>0x33a268</load_address>
         <run_address>0xa268</run_address>
         <size>0x711</size>
         <input_file_ref idref="fl-b"/>
      </object_component>
      <object_component id="oc-12c">
         <name>.text</name>
         <load_address>0x33a979</load_address>
         <run_address>0xa979</run_address>
         <size>0x519</size>
         <input_file_ref idref="fl-12"/>
      </object_component>
      <object_component id="oc-138">
         <name>.text</name>
         <load_address>0x33ae92</load_address>
         <run_address>0xae92</run_address>
         <size>0x18d</size>
         <input_file_ref idref="fl-6"/>
      </object_component>
      <object_component id="oc-14a">
         <name>.text</name>
         <load_address>0x33b01f</load_address>
         <run_address>0xb01f</run_address>
         <size>0x12b</size>
         <input_file_ref idref="fl-18"/>
      </object_component>
      <object_component id="oc-136">
         <name>.text</name>
         <load_address>0x33b14a</load_address>
         <run_address>0xb14a</run_address>
         <size>0x10c</size>
         <input_file_ref idref="fl-e"/>
      </object_component>
      <object_component id="oc-139">
         <name>.text</name>
         <load_address>0x33b256</load_address>
         <run_address>0xb256</run_address>
         <size>0xe9</size>
         <input_file_ref idref="fl-f"/>
      </object_component>
      <object_component id="oc-c6">
         <name>.text:retain</name>
         <load_address>0x33b33f</load_address>
         <run_address>0xb33f</run_address>
         <size>0xdb</size>
         <input_file_ref idref="fl-11"/>
      </object_component>
      <object_component id="oc-e9">
         <name>.text</name>
         <load_address>0x33b41a</load_address>
         <run_address>0xb41a</run_address>
         <size>0x88</size>
         <input_file_ref idref="fl-1b"/>
      </object_component>
      <object_component id="oc-137">
         <name>.text</name>
         <load_address>0x33b4a2</load_address>
         <run_address>0xb4a2</run_address>
         <size>0x63</size>
         <input_file_ref idref="fl-8"/>
      </object_component>
      <object_component id="oc-13d">
         <name>.text</name>
         <load_address>0x33b505</load_address>
         <run_address>0xb505</run_address>
         <size>0x5a</size>
         <input_file_ref idref="fl-4"/>
      </object_component>
      <object_component id="oc-13a">
         <name>.text</name>
         <load_address>0x33b55f</load_address>
         <run_address>0xb55f</run_address>
         <size>0x5a</size>
         <input_file_ref idref="fl-c"/>
      </object_component>
      <object_component id="oc-4b">
         <name>.text</name>
         <load_address>0x33b5b9</load_address>
         <run_address>0xb5b9</run_address>
         <size>0x56</size>
         <input_file_ref idref="fl-1a"/>
      </object_component>
      <object_component id="oc-12a">
         <name>.text</name>
         <load_address>0x33b60f</load_address>
         <run_address>0xb60f</run_address>
         <size>0x29</size>
         <input_file_ref idref="fl-23"/>
      </object_component>
      <object_component id="oc-13b">
         <name>.text</name>
         <load_address>0x33b638</load_address>
         <run_address>0xb638</run_address>
         <size>0x28</size>
         <input_file_ref idref="fl-9"/>
      </object_component>
      <object_component id="oc-149">
         <name>.text</name>
         <load_address>0x33b660</load_address>
         <run_address>0xb660</run_address>
         <size>0x27</size>
         <input_file_ref idref="fl-19"/>
      </object_component>
      <object_component id="oc-f3">
         <name>.text</name>
         <load_address>0x33b687</load_address>
         <run_address>0xb687</run_address>
         <size>0x26</size>
         <input_file_ref idref="fl-1d"/>
      </object_component>
      <object_component id="oc-127">
         <name>.text</name>
         <load_address>0x33b6ad</load_address>
         <run_address>0xb6ad</run_address>
         <size>0x24</size>
         <input_file_ref idref="fl-1f"/>
      </object_component>
      <object_component id="oc-13c">
         <name>.text</name>
         <load_address>0x33b6d1</load_address>
         <run_address>0xb6d1</run_address>
         <size>0x20</size>
         <input_file_ref idref="fl-a"/>
      </object_component>
      <object_component id="oc-f8">
         <name>.text</name>
         <load_address>0x33b6f1</load_address>
         <run_address>0xb6f1</run_address>
         <size>0x20</size>
         <input_file_ref idref="fl-1e"/>
      </object_component>
      <object_component id="oc-ee">
         <name>.text</name>
         <load_address>0x33b711</load_address>
         <run_address>0xb711</run_address>
         <size>0x1e</size>
         <input_file_ref idref="fl-1c"/>
      </object_component>
      <object_component id="oc-12d">
         <name>.text</name>
         <load_address>0x33b72f</load_address>
         <run_address>0xb72f</run_address>
         <size>0x1d</size>
         <input_file_ref idref="fl-20"/>
      </object_component>
      <object_component id="oc-129">
         <name>.text</name>
         <load_address>0x33b74c</load_address>
         <run_address>0xb74c</run_address>
         <size>0x19</size>
         <input_file_ref idref="fl-25"/>
      </object_component>
      <object_component id="oc-150">
         <name>.text</name>
         <load_address>0x33b765</load_address>
         <run_address>0xb765</run_address>
         <size>0x9</size>
         <input_file_ref idref="fl-24"/>
      </object_component>
      <object_component id="oc-be">
         <name>.text</name>
         <load_address>0x33b76e</load_address>
         <run_address>0xb76e</run_address>
         <size>0x4</size>
         <input_file_ref idref="fl-10"/>
      </object_component>
      <object_component id="oc-126">
         <name>.text</name>
         <load_address>0x33b772</load_address>
         <run_address>0xb772</run_address>
         <size>0x2</size>
         <input_file_ref idref="fl-21"/>
      </object_component>
      <object_component id="oc-128">
         <name>.text</name>
         <load_address>0x33b774</load_address>
         <run_address>0xb774</run_address>
         <size>0x1</size>
         <input_file_ref idref="fl-22"/>
      </object_component>
      <object_component id="oc-93">
         <name>PieVectTableFile</name>
         <uninitialized>true</uninitialized>
         <run_address>0xd00</run_address>
         <size>0x100</size>
         <input_file_ref idref="fl-7"/>
      </object_component>
      <object_component id="oc-8f">
         <name>DevEmuRegsFile</name>
         <uninitialized>true</uninitialized>
         <run_address>0x880</run_address>
         <size>0xd0</size>
         <input_file_ref idref="fl-7"/>
      </object_component>
      <object_component id="oc-67">
         <name>FlashRegsFile</name>
         <uninitialized>true</uninitialized>
         <run_address>0xa80</run_address>
         <size>0x8</size>
         <input_file_ref idref="fl-7"/>
      </object_component>
      <object_component id="oc-6a">
         <name>CsmRegsFile</name>
         <uninitialized>true</uninitialized>
         <run_address>0xae0</run_address>
         <size>0x10</size>
         <input_file_ref idref="fl-7"/>
      </object_component>
      <object_component id="oc-69">
         <name>AdcMirrorFile</name>
         <uninitialized>true</uninitialized>
         <run_address>0xb00</run_address>
         <size>0x10</size>
         <input_file_ref idref="fl-7"/>
      </object_component>
      <object_component id="oc-72">
         <name>XintfRegsFile</name>
         <uninitialized>true</uninitialized>
         <run_address>0xb20</run_address>
         <size>0x1e</size>
         <input_file_ref idref="fl-7"/>
      </object_component>
      <object_component id="oc-63">
         <name>CpuTimer0RegsFile</name>
         <uninitialized>true</uninitialized>
         <run_address>0xc00</run_address>
         <size>0x8</size>
         <input_file_ref idref="fl-7"/>
      </object_component>
      <object_component id="oc-64">
         <name>CpuTimer1RegsFile</name>
         <uninitialized>true</uninitialized>
         <run_address>0xc08</run_address>
         <size>0x8</size>
         <input_file_ref idref="fl-7"/>
      </object_component>
      <object_component id="oc-65">
         <name>CpuTimer2RegsFile</name>
         <uninitialized>true</uninitialized>
         <run_address>0xc10</run_address>
         <size>0x8</size>
         <input_file_ref idref="fl-7"/>
      </object_component>
      <object_component id="oc-70">
         <name>PieCtrlRegsFile</name>
         <uninitialized>true</uninitialized>
         <run_address>0xce0</run_address>
         <size>0x1a</size>
         <input_file_ref idref="fl-7"/>
      </object_component>
      <object_component id="oc-90">
         <name>DmaRegsFile</name>
         <uninitialized>true</uninitialized>
         <run_address>0x1000</run_address>
         <size>0xe0</size>
         <input_file_ref idref="fl-7"/>
      </object_component>
      <object_component id="oc-82">
         <name>McbspaRegsFile</name>
         <uninitialized>true</uninitialized>
         <run_address>0x5000</run_address>
         <size>0x25</size>
         <input_file_ref idref="fl-7"/>
      </object_component>
      <object_component id="oc-83">
         <name>McbspbRegsFile</name>
         <uninitialized>true</uninitialized>
         <run_address>0x5040</run_address>
         <size>0x25</size>
         <input_file_ref idref="fl-7"/>
      </object_component>
      <object_component id="oc-85">
         <name>ECanaRegsFile</name>
         <uninitialized>true</uninitialized>
         <run_address>0x6000</run_address>
         <size>0x34</size>
         <input_file_ref idref="fl-7"/>
      </object_component>
      <object_component id="oc-87">
         <name>ECanaLAMRegsFile</name>
         <uninitialized>true</uninitialized>
         <run_address>0x6040</run_address>
         <size>0x40</size>
         <input_file_ref idref="fl-7"/>
      </object_component>
      <object_component id="oc-91">
         <name>ECanaMboxesFile</name>
         <uninitialized>true</uninitialized>
         <run_address>0x6100</run_address>
         <size>0x100</size>
         <input_file_ref idref="fl-7"/>
      </object_component>
      <object_component id="oc-88">
         <name>ECanaMOTSRegsFile</name>
         <uninitialized>true</uninitialized>
         <run_address>0x6080</run_address>
         <size>0x40</size>
         <input_file_ref idref="fl-7"/>
      </object_component>
      <object_component id="oc-89">
         <name>ECanaMOTORegsFile</name>
         <uninitialized>true</uninitialized>
         <run_address>0x60c0</run_address>
         <size>0x40</size>
         <input_file_ref idref="fl-7"/>
      </object_component>
      <object_component id="oc-86">
         <name>ECanbRegsFile</name>
         <uninitialized>true</uninitialized>
         <run_address>0x6200</run_address>
         <size>0x34</size>
         <input_file_ref idref="fl-7"/>
      </object_component>
      <object_component id="oc-8a">
         <name>ECanbLAMRegsFile</name>
         <uninitialized>true</uninitialized>
         <run_address>0x6240</run_address>
         <size>0x40</size>
         <input_file_ref idref="fl-7"/>
      </object_component>
      <object_component id="oc-92">
         <name>ECanbMboxesFile</name>
         <uninitialized>true</uninitialized>
         <run_address>0x6300</run_address>
         <size>0x100</size>
         <input_file_ref idref="fl-7"/>
      </object_component>
      <object_component id="oc-8b">
         <name>ECanbMOTSRegsFile</name>
         <uninitialized>true</uninitialized>
         <run_address>0x6280</run_address>
         <size>0x40</size>
         <input_file_ref idref="fl-7"/>
      </object_component>
      <object_component id="oc-8c">
         <name>ECanbMOTORegsFile</name>
         <uninitialized>true</uninitialized>
         <run_address>0x62c0</run_address>
         <size>0x40</size>
         <input_file_ref idref="fl-7"/>
      </object_component>
      <object_component id="oc-7b">
         <name>EPwm1RegsFile</name>
         <uninitialized>true</uninitialized>
         <run_address>0x6800</run_address>
         <size>0x22</size>
         <input_file_ref idref="fl-7"/>
      </object_component>
      <object_component id="oc-7c">
         <name>EPwm2RegsFile</name>
         <uninitialized>true</uninitialized>
         <run_address>0x6840</run_address>
         <size>0x22</size>
         <input_file_ref idref="fl-7"/>
      </object_component>
      <object_component id="oc-7d">
         <name>EPwm3RegsFile</name>
         <uninitialized>true</uninitialized>
         <run_address>0x6880</run_address>
         <size>0x22</size>
         <input_file_ref idref="fl-7"/>
      </object_component>
      <object_component id="oc-7e">
         <name>EPwm4RegsFile</name>
         <uninitialized>true</uninitialized>
         <run_address>0x68c0</run_address>
         <size>0x22</size>
         <input_file_ref idref="fl-7"/>
      </object_component>
      <object_component id="oc-7f">
         <name>EPwm5RegsFile</name>
         <uninitialized>true</uninitialized>
         <run_address>0x6900</run_address>
         <size>0x22</size>
         <input_file_ref idref="fl-7"/>
      </object_component>
      <object_component id="oc-80">
         <name>EPwm6RegsFile</name>
         <uninitialized>true</uninitialized>
         <run_address>0x6940</run_address>
         <size>0x22</size>
         <input_file_ref idref="fl-7"/>
      </object_component>
      <object_component id="oc-73">
         <name>ECap1RegsFile</name>
         <uninitialized>true</uninitialized>
         <run_address>0x6a00</run_address>
         <size>0x20</size>
         <input_file_ref idref="fl-7"/>
      </object_component>
      <object_component id="oc-74">
         <name>ECap2RegsFile</name>
         <uninitialized>true</uninitialized>
         <run_address>0x6a20</run_address>
         <size>0x20</size>
         <input_file_ref idref="fl-7"/>
      </object_component>
      <object_component id="oc-75">
         <name>ECap3RegsFile</name>
         <uninitialized>true</uninitialized>
         <run_address>0x6a40</run_address>
         <size>0x20</size>
         <input_file_ref idref="fl-7"/>
      </object_component>
      <object_component id="oc-76">
         <name>ECap4RegsFile</name>
         <uninitialized>true</uninitialized>
         <run_address>0x6a60</run_address>
         <size>0x20</size>
         <input_file_ref idref="fl-7"/>
      </object_component>
      <object_component id="oc-77">
         <name>ECap5RegsFile</name>
         <uninitialized>true</uninitialized>
         <run_address>0x6a80</run_address>
         <size>0x20</size>
         <input_file_ref idref="fl-7"/>
      </object_component>
      <object_component id="oc-78">
         <name>ECap6RegsFile</name>
         <uninitialized>true</uninitialized>
         <run_address>0x6aa0</run_address>
         <size>0x20</size>
         <input_file_ref idref="fl-7"/>
      </object_component>
      <object_component id="oc-8d">
         <name>EQep1RegsFile</name>
         <uninitialized>true</uninitialized>
         <run_address>0x6b00</run_address>
         <size>0x40</size>
         <input_file_ref idref="fl-7"/>
      </object_component>
      <object_component id="oc-8e">
         <name>EQep2RegsFile</name>
         <uninitialized>true</uninitialized>
         <run_address>0x6b40</run_address>
         <size>0x40</size>
         <input_file_ref idref="fl-7"/>
      </object_component>
      <object_component id="oc-84">
         <name>GpioCtrlRegsFile</name>
         <uninitialized>true</uninitialized>
         <run_address>0x6f80</run_address>
         <size>0x2e</size>
         <input_file_ref idref="fl-7"/>
      </object_component>
      <object_component id="oc-79">
         <name>GpioDataRegsFile</name>
         <uninitialized>true</uninitialized>
         <run_address>0x6fc0</run_address>
         <size>0x20</size>
         <input_file_ref idref="fl-7"/>
      </object_component>
      <object_component id="oc-68">
         <name>GpioIntRegsFile</name>
         <uninitialized>true</uninitialized>
         <run_address>0x6fe0</run_address>
         <size>0xa</size>
         <input_file_ref idref="fl-7"/>
      </object_component>
      <object_component id="oc-7a">
         <name>SysCtrlRegsFile</name>
         <uninitialized>true</uninitialized>
         <run_address>0x7010</run_address>
         <size>0x20</size>
         <input_file_ref idref="fl-7"/>
      </object_component>
      <object_component id="oc-6e">
         <name>SpiaRegsFile</name>
         <uninitialized>true</uninitialized>
         <run_address>0x7040</run_address>
         <size>0x10</size>
         <input_file_ref idref="fl-7"/>
      </object_component>
      <object_component id="oc-6b">
         <name>SciaRegsFile</name>
         <uninitialized>true</uninitialized>
         <run_address>0x7050</run_address>
         <size>0x10</size>
         <input_file_ref idref="fl-7"/>
      </object_component>
      <object_component id="oc-6f">
         <name>XIntruptRegsFile</name>
         <uninitialized>true</uninitialized>
         <run_address>0x7070</run_address>
         <size>0x10</size>
         <input_file_ref idref="fl-7"/>
      </object_component>
      <object_component id="oc-71">
         <name>AdcRegsFile</name>
         <uninitialized>true</uninitialized>
         <run_address>0x7100</run_address>
         <size>0x1e</size>
         <input_file_ref idref="fl-7"/>
      </object_component>
      <object_component id="oc-6c">
         <name>ScibRegsFile</name>
         <uninitialized>true</uninitialized>
         <run_address>0x7750</run_address>
         <size>0x10</size>
         <input_file_ref idref="fl-7"/>
      </object_component>
      <object_component id="oc-6d">
         <name>ScicRegsFile</name>
         <uninitialized>true</uninitialized>
         <run_address>0x7770</run_address>
         <size>0x10</size>
         <input_file_ref idref="fl-7"/>
      </object_component>
      <object_component id="oc-81">
         <name>I2caRegsFile</name>
         <uninitialized>true</uninitialized>
         <run_address>0x7900</run_address>
         <size>0x22</size>
         <input_file_ref idref="fl-7"/>
      </object_component>
      <object_component id="oc-66">
         <name>CsmPwlFile</name>
         <uninitialized>true</uninitialized>
         <run_address>0x33fff8</run_address>
         <size>0x8</size>
         <input_file_ref idref="fl-7"/>
      </object_component>
      <object_component id="oc-62">
         <name>PartIdRegsFile</name>
         <uninitialized>true</uninitialized>
         <run_address>0x380090</run_address>
         <size>0x1</size>
         <input_file_ref idref="fl-7"/>
      </object_component>
      <object_component id="oc-4d">
         <name>.debug_line</name>
         <load_address>0x0</load_address>
         <run_address>0x0</run_address>
         <size>0x50</size>
         <input_file_ref idref="fl-3"/>
      </object_component>
      <object_component id="oc-53">
         <name>.debug_line</name>
         <load_address>0x50</load_address>
         <run_address>0x50</run_address>
         <size>0x77</size>
         <input_file_ref idref="fl-4"/>
      </object_component>
      <object_component id="oc-58">
         <name>.debug_line</name>
         <load_address>0xc7</load_address>
         <run_address>0xc7</run_address>
         <size>0x68</size>
         <input_file_ref idref="fl-5"/>
      </object_component>
      <object_component id="oc-5e">
         <name>.debug_line</name>
         <load_address>0x12f</load_address>
         <run_address>0x12f</run_address>
         <size>0x1d5</size>
         <input_file_ref idref="fl-6"/>
      </object_component>
      <object_component id="oc-97">
         <name>.debug_line</name>
         <load_address>0x304</load_address>
         <run_address>0x304</run_address>
         <size>0x80</size>
         <input_file_ref idref="fl-8"/>
      </object_component>
      <object_component id="oc-9c">
         <name>.debug_line</name>
         <load_address>0x384</load_address>
         <run_address>0x384</run_address>
         <size>0x8d</size>
         <input_file_ref idref="fl-9"/>
      </object_component>
      <object_component id="oc-a1">
         <name>.debug_line</name>
         <load_address>0x411</load_address>
         <run_address>0x411</run_address>
         <size>0x6f</size>
         <input_file_ref idref="fl-a"/>
      </object_component>
      <object_component id="oc-a7">
         <name>.debug_line</name>
         <load_address>0x480</load_address>
         <run_address>0x480</run_address>
         <size>0xa6b</size>
         <input_file_ref idref="fl-b"/>
      </object_component>
      <object_component id="oc-ac">
         <name>.debug_line</name>
         <load_address>0xeeb</load_address>
         <run_address>0xeeb</run_address>
         <size>0xda</size>
         <input_file_ref idref="fl-c"/>
      </object_component>
      <object_component id="oc-b0">
         <name>.debug_line</name>
         <load_address>0xfc5</load_address>
         <run_address>0xfc5</run_address>
         <size>0x7a</size>
         <input_file_ref idref="fl-d"/>
      </object_component>
      <object_component id="oc-b6">
         <name>.debug_line</name>
         <load_address>0x103f</load_address>
         <run_address>0x103f</run_address>
         <size>0x16a</size>
         <input_file_ref idref="fl-e"/>
      </object_component>
      <object_component id="oc-bb">
         <name>.debug_line</name>
         <load_address>0x11a9</load_address>
         <run_address>0x11a9</run_address>
         <size>0xed</size>
         <input_file_ref idref="fl-f"/>
      </object_component>
      <object_component id="oc-bf">
         <name>.debug_line</name>
         <load_address>0x1296</load_address>
         <run_address>0x1296</run_address>
         <size>0x4f</size>
         <input_file_ref idref="fl-10"/>
      </object_component>
      <object_component id="oc-c8">
         <name>.debug_line</name>
         <load_address>0x12e5</load_address>
         <run_address>0x12e5</run_address>
         <size>0x11f3</size>
         <input_file_ref idref="fl-11"/>
      </object_component>
      <object_component id="oc-cd">
         <name>.debug_line</name>
         <load_address>0x24d8</load_address>
         <run_address>0x24d8</run_address>
         <size>0x29e</size>
         <input_file_ref idref="fl-12"/>
      </object_component>
      <object_component id="oc-d5">
         <name>.debug_line</name>
         <load_address>0x2776</load_address>
         <run_address>0x2776</run_address>
         <size>0xd33</size>
         <input_file_ref idref="fl-13"/>
      </object_component>
      <object_component id="oc-db">
         <name>.debug_line</name>
         <load_address>0x34a9</load_address>
         <run_address>0x34a9</run_address>
         <size>0xd1</size>
         <input_file_ref idref="fl-18"/>
      </object_component>
      <object_component id="oc-e0">
         <name>.debug_line</name>
         <load_address>0x357a</load_address>
         <run_address>0x357a</run_address>
         <size>0x57</size>
         <input_file_ref idref="fl-19"/>
      </object_component>
      <object_component id="oc-e6">
         <name>.debug_line</name>
         <load_address>0x35d1</load_address>
         <run_address>0x35d1</run_address>
         <size>0x7e</size>
         <input_file_ref idref="fl-1a"/>
      </object_component>
      <object_component id="oc-eb">
         <name>.debug_line</name>
         <load_address>0x364f</load_address>
         <run_address>0x364f</run_address>
         <size>0xad</size>
         <input_file_ref idref="fl-1b"/>
      </object_component>
      <object_component id="oc-f0">
         <name>.debug_line</name>
         <load_address>0x36fc</load_address>
         <run_address>0x36fc</run_address>
         <size>0x63</size>
         <input_file_ref idref="fl-1c"/>
      </object_component>
      <object_component id="oc-f5">
         <name>.debug_line</name>
         <load_address>0x375f</load_address>
         <run_address>0x375f</run_address>
         <size>0x62</size>
         <input_file_ref idref="fl-1d"/>
      </object_component>
      <object_component id="oc-fa">
         <name>.debug_line</name>
         <load_address>0x37c1</load_address>
         <run_address>0x37c1</run_address>
         <size>0x56</size>
         <input_file_ref idref="fl-1e"/>
      </object_component>
      <object_component id="oc-ff">
         <name>.debug_line</name>
         <load_address>0x3817</load_address>
         <run_address>0x3817</run_address>
         <size>0x50</size>
         <input_file_ref idref="fl-1f"/>
      </object_component>
      <object_component id="oc-104">
         <name>.debug_line</name>
         <load_address>0x3867</load_address>
         <run_address>0x3867</run_address>
         <size>0x62</size>
         <input_file_ref idref="fl-20"/>
      </object_component>
      <object_component id="oc-109">
         <name>.debug_line</name>
         <load_address>0x38c9</load_address>
         <run_address>0x38c9</run_address>
         <size>0x3e</size>
         <input_file_ref idref="fl-21"/>
      </object_component>
      <object_component id="oc-10e">
         <name>.debug_line</name>
         <load_address>0x3907</load_address>
         <run_address>0x3907</run_address>
         <size>0x3a</size>
         <input_file_ref idref="fl-22"/>
      </object_component>
      <object_component id="oc-115">
         <name>.debug_line</name>
         <load_address>0x3941</load_address>
         <run_address>0x3941</run_address>
         <size>0x65</size>
         <input_file_ref idref="fl-23"/>
      </object_component>
      <object_component id="oc-11a">
         <name>.debug_line</name>
         <load_address>0x39a6</load_address>
         <run_address>0x39a6</run_address>
         <size>0x5e</size>
         <input_file_ref idref="fl-24"/>
      </object_component>
      <object_component id="oc-11f">
         <name>.debug_line</name>
         <load_address>0x3a04</load_address>
         <run_address>0x3a04</run_address>
         <size>0x55</size>
         <input_file_ref idref="fl-25"/>
      </object_component>
      <object_component id="oc-4e">
         <name>.debug_info</name>
         <load_address>0x0</load_address>
         <run_address>0x0</run_address>
         <size>0xf9</size>
         <input_file_ref idref="fl-3"/>
      </object_component>
      <object_component id="oc-51">
         <name>.debug_info</name>
         <load_address>0xf9</load_address>
         <run_address>0xf9</run_address>
         <size>0x1f00</size>
         <input_file_ref idref="fl-4"/>
      </object_component>
      <object_component id="oc-59">
         <name>.debug_info</name>
         <load_address>0x1ff9</load_address>
         <run_address>0x1ff9</run_address>
         <size>0x137</size>
         <input_file_ref idref="fl-5"/>
      </object_component>
      <object_component id="oc-5c">
         <name>.debug_info</name>
         <load_address>0x2130</load_address>
         <run_address>0x2130</run_address>
         <size>0x34f3</size>
         <input_file_ref idref="fl-6"/>
      </object_component>
      <object_component id="oc-61">
         <name>.debug_info</name>
         <load_address>0x5623</load_address>
         <run_address>0x5623</run_address>
         <size>0x1339e</size>
         <input_file_ref idref="fl-7"/>
      </object_component>
      <object_component id="oc-95">
         <name>.debug_info</name>
         <load_address>0x189c1</load_address>
         <run_address>0x189c1</run_address>
         <size>0x1d65</size>
         <input_file_ref idref="fl-8"/>
      </object_component>
      <object_component id="oc-9a">
         <name>.debug_info</name>
         <load_address>0x1a726</load_address>
         <run_address>0x1a726</run_address>
         <size>0xb2e</size>
         <input_file_ref idref="fl-9"/>
      </object_component>
      <object_component id="oc-9f">
         <name>.debug_info</name>
         <load_address>0x1b254</load_address>
         <run_address>0x1b254</run_address>
         <size>0x2292</size>
         <input_file_ref idref="fl-a"/>
      </object_component>
      <object_component id="oc-a4">
         <name>.debug_info</name>
         <load_address>0x1d4e6</load_address>
         <run_address>0x1d4e6</run_address>
         <size>0x3c23</size>
         <input_file_ref idref="fl-b"/>
      </object_component>
      <object_component id="oc-aa">
         <name>.debug_info</name>
         <load_address>0x21109</load_address>
         <run_address>0x21109</run_address>
         <size>0x27f7</size>
         <input_file_ref idref="fl-c"/>
      </object_component>
      <object_component id="oc-b1">
         <name>.debug_info</name>
         <load_address>0x23900</load_address>
         <run_address>0x23900</run_address>
         <size>0x153</size>
         <input_file_ref idref="fl-d"/>
      </object_component>
      <object_component id="oc-b4">
         <name>.debug_info</name>
         <load_address>0x23a53</load_address>
         <run_address>0x23a53</run_address>
         <size>0x20c5</size>
         <input_file_ref idref="fl-e"/>
      </object_component>
      <object_component id="oc-b9">
         <name>.debug_info</name>
         <load_address>0x25b18</load_address>
         <run_address>0x25b18</run_address>
         <size>0x229a</size>
         <input_file_ref idref="fl-f"/>
      </object_component>
      <object_component id="oc-c0">
         <name>.debug_info</name>
         <load_address>0x27db2</load_address>
         <run_address>0x27db2</run_address>
         <size>0xf9</size>
         <input_file_ref idref="fl-10"/>
      </object_component>
      <object_component id="oc-c3">
         <name>.debug_info</name>
         <load_address>0x27eab</load_address>
         <run_address>0x27eab</run_address>
         <size>0xb183</size>
         <input_file_ref idref="fl-11"/>
      </object_component>
      <object_component id="oc-cb">
         <name>.debug_info</name>
         <load_address>0x3302e</load_address>
         <run_address>0x3302e</run_address>
         <size>0x16fb</size>
         <input_file_ref idref="fl-12"/>
      </object_component>
      <object_component id="oc-d0">
         <name>.debug_info</name>
         <load_address>0x34729</load_address>
         <run_address>0x34729</run_address>
         <size>0x4506</size>
         <input_file_ref idref="fl-13"/>
      </object_component>
      <object_component id="oc-d8">
         <name>.debug_info</name>
         <load_address>0x38c2f</load_address>
         <run_address>0x38c2f</run_address>
         <size>0x52f</size>
         <input_file_ref idref="fl-18"/>
      </object_component>
      <object_component id="oc-de">
         <name>.debug_info</name>
         <load_address>0x3915e</load_address>
         <run_address>0x3915e</run_address>
         <size>0x3dc</size>
         <input_file_ref idref="fl-19"/>
      </object_component>
      <object_component id="oc-e5">
         <name>.debug_info</name>
         <load_address>0x3953a</load_address>
         <run_address>0x3953a</run_address>
         <size>0x174</size>
         <input_file_ref idref="fl-1a"/>
      </object_component>
      <object_component id="oc-ea">
         <name>.debug_info</name>
         <load_address>0x396ae</load_address>
         <run_address>0x396ae</run_address>
         <size>0x115</size>
         <input_file_ref idref="fl-1b"/>
      </object_component>
      <object_component id="oc-ef">
         <name>.debug_info</name>
         <load_address>0x397c3</load_address>
         <run_address>0x397c3</run_address>
         <size>0x14f</size>
         <input_file_ref idref="fl-1c"/>
      </object_component>
      <object_component id="oc-f4">
         <name>.debug_info</name>
         <load_address>0x39912</load_address>
         <run_address>0x39912</run_address>
         <size>0x127</size>
         <input_file_ref idref="fl-1d"/>
      </object_component>
      <object_component id="oc-f9">
         <name>.debug_info</name>
         <load_address>0x39a39</load_address>
         <run_address>0x39a39</run_address>
         <size>0x11f</size>
         <input_file_ref idref="fl-1e"/>
      </object_component>
      <object_component id="oc-fd">
         <name>.debug_info</name>
         <load_address>0x39b58</load_address>
         <run_address>0x39b58</run_address>
         <size>0x562</size>
         <input_file_ref idref="fl-1f"/>
      </object_component>
      <object_component id="oc-102">
         <name>.debug_info</name>
         <load_address>0x3a0ba</load_address>
         <run_address>0x3a0ba</run_address>
         <size>0x43b</size>
         <input_file_ref idref="fl-20"/>
      </object_component>
      <object_component id="oc-107">
         <name>.debug_info</name>
         <load_address>0x3a4f5</load_address>
         <run_address>0x3a4f5</run_address>
         <size>0x3ae</size>
         <input_file_ref idref="fl-21"/>
      </object_component>
      <object_component id="oc-10c">
         <name>.debug_info</name>
         <load_address>0x3a8a3</load_address>
         <run_address>0x3a8a3</run_address>
         <size>0x3ab</size>
         <input_file_ref idref="fl-22"/>
      </object_component>
      <object_component id="oc-111">
         <name>.debug_info</name>
         <load_address>0x3ac4e</load_address>
         <run_address>0x3ac4e</run_address>
         <size>0x545</size>
         <input_file_ref idref="fl-23"/>
      </object_component>
      <object_component id="oc-118">
         <name>.debug_info</name>
         <load_address>0x3b193</load_address>
         <run_address>0x3b193</run_address>
         <size>0x4cd</size>
         <input_file_ref idref="fl-24"/>
      </object_component>
      <object_component id="oc-11d">
         <name>.debug_info</name>
         <load_address>0x3b660</load_address>
         <run_address>0x3b660</run_address>
         <size>0x468</size>
         <input_file_ref idref="fl-25"/>
      </object_component>
      <object_component id="oc-122">
         <name>.debug_info</name>
         <load_address>0x3bac8</load_address>
         <run_address>0x3bac8</run_address>
         <size>0x1c7</size>
         <input_file_ref idref="fl-26"/>
      </object_component>
      <object_component id="oc-1ad">
         <name>.debug_info</name>
         <load_address>0x3bc8f</load_address>
         <run_address>0x3bc8f</run_address>
         <size>0xa4</size>
      </object_component>
      <object_component id="oc-4f">
         <name>.debug_abbrev</name>
         <load_address>0x0</load_address>
         <run_address>0x0</run_address>
         <size>0x2f</size>
         <input_file_ref idref="fl-3"/>
      </object_component>
      <object_component id="oc-54">
         <name>.debug_abbrev</name>
         <load_address>0x2f</load_address>
         <run_address>0x2f</run_address>
         <size>0x10f</size>
         <input_file_ref idref="fl-4"/>
      </object_component>
      <object_component id="oc-5a">
         <name>.debug_abbrev</name>
         <load_address>0x13e</load_address>
         <run_address>0x13e</run_address>
         <size>0x21</size>
         <input_file_ref idref="fl-5"/>
      </object_component>
      <object_component id="oc-5f">
         <name>.debug_abbrev</name>
         <load_address>0x15f</load_address>
         <run_address>0x15f</run_address>
         <size>0x138</size>
         <input_file_ref idref="fl-6"/>
      </object_component>
      <object_component id="oc-94">
         <name>.debug_abbrev</name>
         <load_address>0x297</load_address>
         <run_address>0x297</run_address>
         <size>0xb7</size>
         <input_file_ref idref="fl-7"/>
      </object_component>
      <object_component id="oc-98">
         <name>.debug_abbrev</name>
         <load_address>0x34e</load_address>
         <run_address>0x34e</run_address>
         <size>0xdc</size>
         <input_file_ref idref="fl-8"/>
      </object_component>
      <object_component id="oc-9d">
         <name>.debug_abbrev</name>
         <load_address>0x42a</load_address>
         <run_address>0x42a</run_address>
         <size>0xc8</size>
         <input_file_ref idref="fl-9"/>
      </object_component>
      <object_component id="oc-a2">
         <name>.debug_abbrev</name>
         <load_address>0x4f2</load_address>
         <run_address>0x4f2</run_address>
         <size>0x116</size>
         <input_file_ref idref="fl-a"/>
      </object_component>
      <object_component id="oc-a8">
         <name>.debug_abbrev</name>
         <load_address>0x608</load_address>
         <run_address>0x608</run_address>
         <size>0x145</size>
         <input_file_ref idref="fl-b"/>
      </object_component>
      <object_component id="oc-ad">
         <name>.debug_abbrev</name>
         <load_address>0x74d</load_address>
         <run_address>0x74d</run_address>
         <size>0xdc</size>
         <input_file_ref idref="fl-c"/>
      </object_component>
      <object_component id="oc-b2">
         <name>.debug_abbrev</name>
         <load_address>0x829</load_address>
         <run_address>0x829</run_address>
         <size>0x3d</size>
         <input_file_ref idref="fl-d"/>
      </object_component>
      <object_component id="oc-b7">
         <name>.debug_abbrev</name>
         <load_address>0x866</load_address>
         <run_address>0x866</run_address>
         <size>0x16d</size>
         <input_file_ref idref="fl-e"/>
      </object_component>
      <object_component id="oc-bc">
         <name>.debug_abbrev</name>
         <load_address>0x9d3</load_address>
         <run_address>0x9d3</run_address>
         <size>0xea</size>
         <input_file_ref idref="fl-f"/>
      </object_component>
      <object_component id="oc-c1">
         <name>.debug_abbrev</name>
         <load_address>0xabd</load_address>
         <run_address>0xabd</run_address>
         <size>0x2f</size>
         <input_file_ref idref="fl-10"/>
      </object_component>
      <object_component id="oc-c9">
         <name>.debug_abbrev</name>
         <load_address>0xaec</load_address>
         <run_address>0xaec</run_address>
         <size>0x1df</size>
         <input_file_ref idref="fl-11"/>
      </object_component>
      <object_component id="oc-ce">
         <name>.debug_abbrev</name>
         <load_address>0xccb</load_address>
         <run_address>0xccb</run_address>
         <size>0x137</size>
         <input_file_ref idref="fl-12"/>
      </object_component>
      <object_component id="oc-d6">
         <name>.debug_abbrev</name>
         <load_address>0xe02</load_address>
         <run_address>0xe02</run_address>
         <size>0x159</size>
         <input_file_ref idref="fl-13"/>
      </object_component>
      <object_component id="oc-dc">
         <name>.debug_abbrev</name>
         <load_address>0xf5b</load_address>
         <run_address>0xf5b</run_address>
         <size>0xbd</size>
         <input_file_ref idref="fl-18"/>
      </object_component>
      <object_component id="oc-e1">
         <name>.debug_abbrev</name>
         <load_address>0x1018</load_address>
         <run_address>0x1018</run_address>
         <size>0xa4</size>
         <input_file_ref idref="fl-19"/>
      </object_component>
      <object_component id="oc-e7">
         <name>.debug_abbrev</name>
         <load_address>0x10bc</load_address>
         <run_address>0x10bc</run_address>
         <size>0x46</size>
         <input_file_ref idref="fl-1a"/>
      </object_component>
      <object_component id="oc-ec">
         <name>.debug_abbrev</name>
         <load_address>0x1102</load_address>
         <run_address>0x1102</run_address>
         <size>0x38</size>
         <input_file_ref idref="fl-1b"/>
      </object_component>
      <object_component id="oc-f1">
         <name>.debug_abbrev</name>
         <load_address>0x113a</load_address>
         <run_address>0x113a</run_address>
         <size>0x38</size>
         <input_file_ref idref="fl-1c"/>
      </object_component>
      <object_component id="oc-f6">
         <name>.debug_abbrev</name>
         <load_address>0x1172</load_address>
         <run_address>0x1172</run_address>
         <size>0x38</size>
         <input_file_ref idref="fl-1d"/>
      </object_component>
      <object_component id="oc-fb">
         <name>.debug_abbrev</name>
         <load_address>0x11aa</load_address>
         <run_address>0x11aa</run_address>
         <size>0x38</size>
         <input_file_ref idref="fl-1e"/>
      </object_component>
      <object_component id="oc-100">
         <name>.debug_abbrev</name>
         <load_address>0x11e2</load_address>
         <run_address>0x11e2</run_address>
         <size>0xe3</size>
         <input_file_ref idref="fl-1f"/>
      </object_component>
      <object_component id="oc-105">
         <name>.debug_abbrev</name>
         <load_address>0x12c5</load_address>
         <run_address>0x12c5</run_address>
         <size>0xa8</size>
         <input_file_ref idref="fl-20"/>
      </object_component>
      <object_component id="oc-10a">
         <name>.debug_abbrev</name>
         <load_address>0x136d</load_address>
         <run_address>0x136d</run_address>
         <size>0x68</size>
         <input_file_ref idref="fl-21"/>
      </object_component>
      <object_component id="oc-10f">
         <name>.debug_abbrev</name>
         <load_address>0x13d5</load_address>
         <run_address>0x13d5</run_address>
         <size>0x66</size>
         <input_file_ref idref="fl-22"/>
      </object_component>
      <object_component id="oc-116">
         <name>.debug_abbrev</name>
         <load_address>0x143b</load_address>
         <run_address>0x143b</run_address>
         <size>0x130</size>
         <input_file_ref idref="fl-23"/>
      </object_component>
      <object_component id="oc-11b">
         <name>.debug_abbrev</name>
         <load_address>0x156b</load_address>
         <run_address>0x156b</run_address>
         <size>0xb2</size>
         <input_file_ref idref="fl-24"/>
      </object_component>
      <object_component id="oc-120">
         <name>.debug_abbrev</name>
         <load_address>0x161d</load_address>
         <run_address>0x161d</run_address>
         <size>0xee</size>
         <input_file_ref idref="fl-25"/>
      </object_component>
      <object_component id="oc-125">
         <name>.debug_abbrev</name>
         <load_address>0x170b</load_address>
         <run_address>0x170b</run_address>
         <size>0x31</size>
         <input_file_ref idref="fl-26"/>
      </object_component>
      <object_component id="oc-1ae">
         <name>.debug_abbrev</name>
         <load_address>0x173c</load_address>
         <run_address>0x173c</run_address>
         <size>0xf</size>
      </object_component>
      <object_component id="oc-50">
         <name>.debug_aranges</name>
         <load_address>0x0</load_address>
         <run_address>0x0</run_address>
         <size>0x20</size>
         <input_file_ref idref="fl-3"/>
      </object_component>
      <object_component id="oc-55">
         <name>.debug_aranges</name>
         <load_address>0x20</load_address>
         <run_address>0x20</run_address>
         <size>0x20</size>
         <input_file_ref idref="fl-4"/>
      </object_component>
      <object_component id="oc-5b">
         <name>.debug_aranges</name>
         <load_address>0x40</load_address>
         <run_address>0x40</run_address>
         <size>0x28</size>
         <input_file_ref idref="fl-5"/>
      </object_component>
      <object_component id="oc-60">
         <name>.debug_aranges</name>
         <load_address>0x68</load_address>
         <run_address>0x68</run_address>
         <size>0x70</size>
         <input_file_ref idref="fl-6"/>
      </object_component>
      <object_component id="oc-99">
         <name>.debug_aranges</name>
         <load_address>0xd8</load_address>
         <run_address>0xd8</run_address>
         <size>0x20</size>
         <input_file_ref idref="fl-8"/>
      </object_component>
      <object_component id="oc-9e">
         <name>.debug_aranges</name>
         <load_address>0xf8</load_address>
         <run_address>0xf8</run_address>
         <size>0x28</size>
         <input_file_ref idref="fl-9"/>
      </object_component>
      <object_component id="oc-a3">
         <name>.debug_aranges</name>
         <load_address>0x120</load_address>
         <run_address>0x120</run_address>
         <size>0x20</size>
         <input_file_ref idref="fl-a"/>
      </object_component>
      <object_component id="oc-a9">
         <name>.debug_aranges</name>
         <load_address>0x140</load_address>
         <run_address>0x140</run_address>
         <size>0x298</size>
         <input_file_ref idref="fl-b"/>
      </object_component>
      <object_component id="oc-ae">
         <name>.debug_aranges</name>
         <load_address>0x3d8</load_address>
         <run_address>0x3d8</run_address>
         <size>0x40</size>
         <input_file_ref idref="fl-c"/>
      </object_component>
      <object_component id="oc-b3">
         <name>.debug_aranges</name>
         <load_address>0x418</load_address>
         <run_address>0x418</run_address>
         <size>0x20</size>
         <input_file_ref idref="fl-d"/>
      </object_component>
      <object_component id="oc-b8">
         <name>.debug_aranges</name>
         <load_address>0x438</load_address>
         <run_address>0x438</run_address>
         <size>0x50</size>
         <input_file_ref idref="fl-e"/>
      </object_component>
      <object_component id="oc-bd">
         <name>.debug_aranges</name>
         <load_address>0x488</load_address>
         <run_address>0x488</run_address>
         <size>0x30</size>
         <input_file_ref idref="fl-f"/>
      </object_component>
      <object_component id="oc-c2">
         <name>.debug_aranges</name>
         <load_address>0x4b8</load_address>
         <run_address>0x4b8</run_address>
         <size>0x20</size>
         <input_file_ref idref="fl-10"/>
      </object_component>
      <object_component id="oc-ca">
         <name>.debug_aranges</name>
         <load_address>0x4d8</load_address>
         <run_address>0x4d8</run_address>
         <size>0x120</size>
         <input_file_ref idref="fl-11"/>
      </object_component>
      <object_component id="oc-cf">
         <name>.debug_aranges</name>
         <load_address>0x5f8</load_address>
         <run_address>0x5f8</run_address>
         <size>0x58</size>
         <input_file_ref idref="fl-12"/>
      </object_component>
      <object_component id="oc-d7">
         <name>.debug_aranges</name>
         <load_address>0x650</load_address>
         <run_address>0x650</run_address>
         <size>0x2e0</size>
         <input_file_ref idref="fl-13"/>
      </object_component>
      <object_component id="oc-dd">
         <name>.debug_aranges</name>
         <load_address>0x930</load_address>
         <run_address>0x930</run_address>
         <size>0x20</size>
         <input_file_ref idref="fl-18"/>
      </object_component>
      <object_component id="oc-e2">
         <name>.debug_aranges</name>
         <load_address>0x950</load_address>
         <run_address>0x950</run_address>
         <size>0x20</size>
         <input_file_ref idref="fl-19"/>
      </object_component>
      <object_component id="oc-e8">
         <name>.debug_aranges</name>
         <load_address>0x970</load_address>
         <run_address>0x970</run_address>
         <size>0x20</size>
         <input_file_ref idref="fl-1a"/>
      </object_component>
      <object_component id="oc-ed">
         <name>.debug_aranges</name>
         <load_address>0x990</load_address>
         <run_address>0x990</run_address>
         <size>0x20</size>
         <input_file_ref idref="fl-1b"/>
      </object_component>
      <object_component id="oc-f2">
         <name>.debug_aranges</name>
         <load_address>0x9b0</load_address>
         <run_address>0x9b0</run_address>
         <size>0x28</size>
         <input_file_ref idref="fl-1c"/>
      </object_component>
      <object_component id="oc-f7">
         <name>.debug_aranges</name>
         <load_address>0x9d8</load_address>
         <run_address>0x9d8</run_address>
         <size>0x20</size>
         <input_file_ref idref="fl-1d"/>
      </object_component>
      <object_component id="oc-fc">
         <name>.debug_aranges</name>
         <load_address>0x9f8</load_address>
         <run_address>0x9f8</run_address>
         <size>0x20</size>
         <input_file_ref idref="fl-1e"/>
      </object_component>
      <object_component id="oc-101">
         <name>.debug_aranges</name>
         <load_address>0xa18</load_address>
         <run_address>0xa18</run_address>
         <size>0x20</size>
         <input_file_ref idref="fl-1f"/>
      </object_component>
      <object_component id="oc-106">
         <name>.debug_aranges</name>
         <load_address>0xa38</load_address>
         <run_address>0xa38</run_address>
         <size>0x20</size>
         <input_file_ref idref="fl-20"/>
      </object_component>
      <object_component id="oc-10b">
         <name>.debug_aranges</name>
         <load_address>0xa58</load_address>
         <run_address>0xa58</run_address>
         <size>0x20</size>
         <input_file_ref idref="fl-21"/>
      </object_component>
      <object_component id="oc-110">
         <name>.debug_aranges</name>
         <load_address>0xa78</load_address>
         <run_address>0xa78</run_address>
         <size>0x20</size>
         <input_file_ref idref="fl-22"/>
      </object_component>
      <object_component id="oc-117">
         <name>.debug_aranges</name>
         <load_address>0xa98</load_address>
         <run_address>0xa98</run_address>
         <size>0x28</size>
         <input_file_ref idref="fl-23"/>
      </object_component>
      <object_component id="oc-11c">
         <name>.debug_aranges</name>
         <load_address>0xac0</load_address>
         <run_address>0xac0</run_address>
         <size>0x30</size>
         <input_file_ref idref="fl-24"/>
      </object_component>
      <object_component id="oc-121">
         <name>.debug_aranges</name>
         <load_address>0xaf0</load_address>
         <run_address>0xaf0</run_address>
         <size>0x20</size>
         <input_file_ref idref="fl-25"/>
      </object_component>
      <object_component id="oc-52">
         <name>.debug_frame</name>
         <load_address>0x0</load_address>
         <run_address>0x0</run_address>
         <size>0x40</size>
         <input_file_ref idref="fl-4"/>
      </object_component>
      <object_component id="oc-5d">
         <name>.debug_frame</name>
         <load_address>0x40</load_address>
         <run_address>0x40</run_address>
         <size>0x130</size>
         <input_file_ref idref="fl-6"/>
      </object_component>
      <object_component id="oc-96">
         <name>.debug_frame</name>
         <load_address>0x170</load_address>
         <run_address>0x170</run_address>
         <size>0x40</size>
         <input_file_ref idref="fl-8"/>
      </object_component>
      <object_component id="oc-9b">
         <name>.debug_frame</name>
         <load_address>0x1b0</load_address>
         <run_address>0x1b0</run_address>
         <size>0x58</size>
         <input_file_ref idref="fl-9"/>
      </object_component>
      <object_component id="oc-a0">
         <name>.debug_frame</name>
         <load_address>0x208</load_address>
         <run_address>0x208</run_address>
         <size>0x44</size>
         <input_file_ref idref="fl-a"/>
      </object_component>
      <object_component id="oc-a6">
         <name>.debug_frame</name>
         <load_address>0x24c</load_address>
         <run_address>0x24c</run_address>
         <size>0xb10</size>
         <input_file_ref idref="fl-b"/>
      </object_component>
      <object_component id="oc-ab">
         <name>.debug_frame</name>
         <load_address>0xd5c</load_address>
         <run_address>0xd5c</run_address>
         <size>0xa0</size>
         <input_file_ref idref="fl-c"/>
      </object_component>
      <object_component id="oc-b5">
         <name>.debug_frame</name>
         <load_address>0xdfc</load_address>
         <run_address>0xdfc</run_address>
         <size>0xd8</size>
         <input_file_ref idref="fl-e"/>
      </object_component>
      <object_component id="oc-ba">
         <name>.debug_frame</name>
         <load_address>0xed4</load_address>
         <run_address>0xed4</run_address>
         <size>0x70</size>
         <input_file_ref idref="fl-f"/>
      </object_component>
      <object_component id="oc-c7">
         <name>.debug_frame</name>
         <load_address>0xf44</load_address>
         <run_address>0xf44</run_address>
         <size>0x45c</size>
         <input_file_ref idref="fl-11"/>
      </object_component>
      <object_component id="oc-cc">
         <name>.debug_frame</name>
         <load_address>0x13a0</load_address>
         <run_address>0x13a0</run_address>
         <size>0x118</size>
         <input_file_ref idref="fl-12"/>
      </object_component>
      <object_component id="oc-d4">
         <name>.debug_frame</name>
         <load_address>0x14b8</load_address>
         <run_address>0x14b8</run_address>
         <size>0x9a8</size>
         <input_file_ref idref="fl-13"/>
      </object_component>
      <object_component id="oc-da">
         <name>.debug_frame</name>
         <load_address>0x1e60</load_address>
         <run_address>0x1e60</run_address>
         <size>0x80</size>
         <input_file_ref idref="fl-18"/>
      </object_component>
      <object_component id="oc-df">
         <name>.debug_frame</name>
         <load_address>0x1ee0</load_address>
         <run_address>0x1ee0</run_address>
         <size>0x44</size>
         <input_file_ref idref="fl-19"/>
      </object_component>
      <object_component id="oc-fe">
         <name>.debug_frame</name>
         <load_address>0x1f24</load_address>
         <run_address>0x1f24</run_address>
         <size>0x60</size>
         <input_file_ref idref="fl-1f"/>
      </object_component>
      <object_component id="oc-103">
         <name>.debug_frame</name>
         <load_address>0x1f84</load_address>
         <run_address>0x1f84</run_address>
         <size>0x40</size>
         <input_file_ref idref="fl-20"/>
      </object_component>
      <object_component id="oc-108">
         <name>.debug_frame</name>
         <load_address>0x1fc4</load_address>
         <run_address>0x1fc4</run_address>
         <size>0x40</size>
         <input_file_ref idref="fl-21"/>
      </object_component>
      <object_component id="oc-10d">
         <name>.debug_frame</name>
         <load_address>0x2004</load_address>
         <run_address>0x2004</run_address>
         <size>0x40</size>
         <input_file_ref idref="fl-22"/>
      </object_component>
      <object_component id="oc-114">
         <name>.debug_frame</name>
         <load_address>0x2044</load_address>
         <run_address>0x2044</run_address>
         <size>0x60</size>
         <input_file_ref idref="fl-23"/>
      </object_component>
      <object_component id="oc-119">
         <name>.debug_frame</name>
         <load_address>0x20a4</load_address>
         <run_address>0x20a4</run_address>
         <size>0x70</size>
         <input_file_ref idref="fl-24"/>
      </object_component>
      <object_component id="oc-11e">
         <name>.debug_frame</name>
         <load_address>0x2114</load_address>
         <run_address>0x2114</run_address>
         <size>0x40</size>
         <input_file_ref idref="fl-25"/>
      </object_component>
   </object_component_list>
   <logical_group_list>
      <logical_group id="lg-2" display="no" color="cyan">
         <name>csmpasswds</name>
         <run_address>0x0</run_address>
         <size>0x0</size>
         <contents>
         </contents>
      </logical_group>
      <logical_group id="lg-3" display="no" color="cyan">
         <name>csm_rsvd</name>
         <run_address>0x0</run_address>
         <size>0x0</size>
         <contents>
         </contents>
      </logical_group>
      <logical_group id="lg-4" display="no" color="cyan">
         <name>codestart</name>
         <load_address>0x33fff6</load_address>
         <run_address>0x33fff6</run_address>
         <size>0x2</size>
         <contents>
            <object_component_ref idref="oc-56"/>
         </contents>
      </logical_group>
      <logical_group id="lg-5" display="no" color="cyan">
         <name>wddisable</name>
         <load_address>0x33bf2c</load_address>
         <run_address>0x33bf2c</run_address>
         <size>0x8</size>
         <contents>
            <object_component_ref idref="oc-57"/>
         </contents>
      </logical_group>
      <logical_group id="lg-6" display="no" color="cyan">
         <name>copysections</name>
         <load_address>0x33bef0</load_address>
         <run_address>0x33bef0</run_address>
         <size>0x3c</size>
         <contents>
            <object_component_ref idref="oc-af"/>
         </contents>
      </logical_group>
      <logical_group id="lg-7" display="no" color="cyan">
         <name>IQmath</name>
         <run_address>0x0</run_address>
         <size>0x0</size>
         <contents>
         </contents>
      </logical_group>
      <logical_group id="lg-8" display="no" color="cyan">
         <name>IQmathTables</name>
         <run_address>0x0</run_address>
         <size>0x0</size>
         <contents>
         </contents>
      </logical_group>
      <logical_group id="lg-9" display="no" color="cyan">
         <name>IQmathTables2</name>
         <run_address>0x0</run_address>
         <size>0x0</size>
         <contents>
         </contents>
      </logical_group>
      <logical_group id="lg-a" display="no" color="cyan">
         <name>FPUmathTables</name>
         <run_address>0x0</run_address>
         <size>0x0</size>
         <contents>
         </contents>
      </logical_group>
      <logical_group id="lg-b" display="no" color="cyan">
         <name>ZONE7DATA</name>
         <run_address>0x0</run_address>
         <size>0x0</size>
         <contents>
         </contents>
      </logical_group>
      <logical_group id="lg-c" display="no" color="cyan">
         <name>.adc_cal</name>
         <load_address>0x380080</load_address>
         <run_address>0x380080</run_address>
         <size>0x7</size>
         <contents>
            <object_component_ref idref="oc-4c"/>
         </contents>
      </logical_group>
      <logical_group id="lg-d" display="no" color="cyan">
         <name>.reset</name>
         <load_address>0x3fffc0</load_address>
         <run_address>0x3fffc0</run_address>
         <size>0x2</size>
         <contents>
            <object_component_ref idref="oc-e4"/>
         </contents>
      </logical_group>
      <logical_group id="lg-e" display="no" color="cyan">
         <name>vectors</name>
         <run_address>0x3fffc2</run_address>
         <size>0x0</size>
         <contents>
         </contents>
      </logical_group>
      <logical_group id="lg-f" display="no" color="cyan">
         <name>.stack</name>
         <run_address>0x0</run_address>
         <size>0x3e8</size>
         <contents>
            <object_component_ref idref="oc-e3"/>
[...]
      </symbol>
      <symbol id="sm-4aa">
         <name>_pid_reg_calc</name>
         <value>0xaa40</value>
         <object_component_ref idref="oc-12c"/>
      </symbol>
      <symbol id="sm-4ab">
         <name>_CurrControl</name>
         <value>0xaafc</value>
         <object_component_ref idref="oc-12c"/>
      </symbol>
      <symbol id="sm-4ac">
         <name>_svgendq_calc</name>
         <value>0xac87</value>
         <object_component_ref idref="oc-12c"/>
      </symbol>
      <symbol id="sm-4ad">
         <name>_Three_phase_Analyzer</name>
         <value>0xab2d</value>
         <object_component_ref idref="oc-12c"/>
      </symbol>
      <symbol id="sm-4ae">
         <name>_ISLANDdetection</name>
         <value>0xabfd</value>
         <object_component_ref idref="oc-12c"/>
      </symbol>
      <symbol id="sm-4af">
         <name>_ipark_calc</name>
         <value>0xaa0c</value>
         <object_component_ref idref="oc-12c"/>
      </symbol>
      <symbol id="sm-4b0">
         <name>_park_calc</name>
         <value>0xa993</value>
         <object_component_ref idref="oc-12c"/>
      </symbol>
      <symbol id="sm-520">
         <name>_getPn_BRDYR</name>
         <value>0x9af8</value>
         <object_component_ref idref="oc-13e"/>
      </symbol>
      <symbol id="sm-521">
         <name>_loopback_tcpc</name>
         <value>0x9ef9</value>
         <object_component_ref idref="oc-13e"/>
      </symbol>
      <symbol id="sm-522">
         <name>_connect</name>
         <value>0xa020</value>
         <object_component_ref idref="oc-13e"/>
      </symbol>
      <symbol id="sm-523">
         <name>_recvfrom</name>
         <value>0xa191</value>
         <object_component_ref idref="oc-13e"/>
      </symbol>
      <symbol id="sm-524">
         <name>_getSn_TX_FSR</name>
         <value>0x9ce7</value>
         <object_component_ref idref="oc-13e"/>
      </symbol>
      <symbol id="sm-525">
         <name>_wait_1ms</name>
         <value>0x9ee5</value>
         <object_component_ref idref="oc-13e"/>
      </symbol>
      <symbol id="sm-526">
         <name>_setRTR</name>
         <value>0x9a53</value>
         <object_component_ref idref="oc-13e"/>
      </symbol>
      <symbol id="sm-527">
         <name>_getRTR</name>
         <value>0x9a4d</value>
         <object_component_ref idref="oc-13e"/>
      </symbol>
      <symbol id="sm-528">
         <name>_setSn_IMR</name>
         <value>0x9b72</value>
         <object_component_ref idref="oc-13e"/>
      </symbol>
      <symbol id="sm-529">
         <name>_setSn_TX_FIFOR</name>
         <value>0x9d2e</value>
         <object_component_ref idref="oc-13e"/>
      </symbol>
      <symbol id="sm-52a">
         <name>_setSn_DIPR</name>
         <value>0x9c5b</value>
         <object_component_ref idref="oc-13e"/>
      </symbol>
      <symbol id="sm-52b">
         <name>_getSn_DIPR</name>
         <value>0x9c30</value>
         <object_component_ref idref="oc-13e"/>
      </symbol>
      <symbol id="sm-52c">
         <name>_iinchip_init</name>
         <value>0x9db2</value>
         <object_component_ref idref="oc-13e"/>
      </symbol>
      <symbol id="sm-52d">
         <name>_getIINCHIP_RxMAX</name>
         <value>0x9ebf</value>
         <object_component_ref idref="oc-13e"/>
      </symbol>
      <symbol id="sm-52e">
         <name>_getIR</name>
         <value>0x9921</value>
         <object_component_ref idref="oc-13e"/>
      </symbol>
      <symbol id="sm-52f">
         <name>_recv</name>
         <value>0xa0e4</value>
         <object_component_ref idref="oc-13e"/>
      </symbol>
      <symbol id="sm-530">
         <name>_setSn_TTLR</name>
         <value>0x9d8d</value>
         <object_component_ref idref="oc-13e"/>
      </symbol>
      <symbol id="sm-531">
         <name>_getSn_TTLR</name>
         <value>0x9d82</value>
         <object_component_ref idref="oc-13e"/>
      </symbol>
      <symbol id="sm-532">
         <name>_setSn_DPORTR</name>
         <value>0x9c23</value>
         <object_component_ref idref="oc-13e"/>
      </symbol>
      <symbol id="sm-533">
         <name>_ClearSubnet</name>
         <value>0x9a05</value>
         <object_component_ref idref="oc-13e"/>
      </symbol>
      <symbol id="sm-534">
         <name>_wiz_write_buf</name>
         <value>0x9e70</value>
         <object_component_ref idref="oc-13e"/>
      </symbol>
      <symbol id="sm-535">
         <name>_getPDHAR</name>
         <value>0x9a99</value>
         <object_component_ref idref="oc-13e"/>
      </symbol>
      <symbol id="sm-536">
         <name>_sendto</name>
         <value>0xa11d</value>
         <object_component_ref idref="oc-13e"/>
      </symbol>
      <symbol id="sm-537">
         <name>_setPn_BRDYR</name>
         <value>0x9b03</value>
         <object_component_ref idref="oc-13e"/>
      </symbol>
      <symbol id="sm-538">
         <name>_socket</name>
         <value>0x9f7b</value>
         <object_component_ref idref="oc-13e"/>
      </symbol>
      <symbol id="sm-539">
         <name>_getFMTUR</name>
         <value>0x9af2</value>
         <object_component_ref idref="oc-13e"/>
      </symbol>
      <symbol id="sm-53a">
         <name>_getSHAR</name>
         <value>0x9941</value>
         <object_component_ref idref="oc-13e"/>
      </symbol>
      <symbol id="sm-53b">
         <name>_setSn_FRAGR</name>
         <value>0x9da5</value>
         <object_component_ref idref="oc-13e"/>
      </symbol>
      <symbol id="sm-53c">
         <name>_getMR</name>
         <value>0x9918</value>
         <object_component_ref idref="oc-13e"/>
      </symbol>
      <symbol id="sm-53d">
         <name>_setSn_CR</name>
         <value>0x9b51</value>
         <object_component_ref idref="oc-13e"/>
      </symbol>
      <symbol id="sm-53e">
         <name>_getSn_IMR</name>
         <value>0x9b67</value>
         <object_component_ref idref="oc-13e"/>
      </symbol>
      <symbol id="sm-53f">
         <name>_getUPORTR</name>
         <value>0x9aec</value>
         <object_component_ref idref="oc-13e"/>
      </symbol>
      <symbol id="sm-540">
         <name>_disconnect</name>
         <value>0xa083</value>
         <object_component_ref idref="oc-13e"/>
      </symbol>
      <symbol id="sm-541">
         <name>_getGAR</name>
         <value>0x9996</value>
         <object_component_ref idref="oc-13e"/>
      </symbol>
      <symbol id="sm-542">
         <name>_getSn_PROTOR</name>
         <value>0x9d46</value>
         <object_component_ref idref="oc-13e"/>
      </symbol>
      <symbol id="sm-543">
         <name>_getPSIDR</name>
         <value>0x9a93</value>
         <object_component_ref idref="oc-13e"/>
      </symbol>
      <symbol id="sm-544">
         <name>_iinchip_source_port</name>
         <value>0xdb10</value>
         <object_component_ref idref="oc-d2"/>
      </symbol>
      <symbol id="sm-545">
         <name>_getSUBR</name>
         <value>0x99d1</value>
         <object_component_ref idref="oc-13e"/>
      </symbol>
      <symbol id="sm-546">
         <name>_setGAR</name>
         <value>0x99b8</value>
         <object_component_ref idref="oc-13e"/>
      </symbol>
      <symbol id="sm-547">
         <name>_ApplySubnet</name>
         <value>0x99f0</value>
         <object_component_ref idref="oc-13e"/>
      </symbol>
      <symbol id="sm-548">
         <name>_getSn_TX_WRSR</name>
         <value>0x9cb7</value>
         <object_component_ref idref="oc-13e"/>
      </symbol>
      <symbol id="sm-549">
         <name>_getSIPR</name>
         <value>0x9a12</value>
         <object_component_ref idref="oc-13e"/>
      </symbol>
      <symbol id="sm-54a">
         <name>_setSn_IR</name>
         <value>0x9b8a</value>
         <object_component_ref idref="oc-13e"/>
      </symbol>
      <symbol id="sm-54b">
         <name>_wiz_read_buf</name>
         <value>0x9e91</value>
         <object_component_ref idref="oc-13e"/>
      </symbol>
      <symbol id="sm-54c">
         <name>_wait_1us</name>
         <value>0x9ecb</value>
         <object_component_ref idref="oc-13e"/>
      </symbol>
      <symbol id="sm-54d">
         <name>_setSUBR</name>
         <value>0x99e2</value>
         <object_component_ref idref="oc-13e"/>
      </symbol>
      <symbol id="sm-54e">
         <name>_getPn_BDPTHR</name>
         <value>0x9b10</value>
         <object_component_ref idref="oc-13e"/>
      </symbol>
      <symbol id="sm-54f">
         <name>_setSn_DHAR</name>
         <value>0x9bf5</value>
         <object_component_ref idref="oc-13e"/>
      </symbol>
      <symbol id="sm-550">
         <name>_getSn_DHAR</name>
         <value>0x9bb7</value>
         <object_component_ref idref="oc-13e"/>
      </symbol>
      <symbol id="sm-551">
         <name>_getUIPR</name>
         <value>0x9aca</value>
         <object_component_ref idref="oc-13e"/>
      </symbol>
      <symbol id="sm-552">
         <name>_setPTIMER</name>
         <value>0x9a79</value>
         <object_component_ref idref="oc-13e"/>
      </symbol>
      <symbol id="sm-553">
         <name>_loopback_udp</name>
         <value>0x9f40</value>
         <object_component_ref idref="oc-13e"/>
      </symbol>
      <symbol id="sm-554">
         <name>_getPATR</name>
         <value>0x9a6d</value>
         <object_component_ref idref="oc-13e"/>
      </symbol>
      <symbol id="sm-555">
         <name>_setSIPR</name>
         <value>0x9a34</value>
         <object_component_ref idref="oc-13e"/>
      </symbol>
      <symbol id="sm-556">
         <name>_getSn_FRAGR</name>
         <value>0x9d9a</value>
         <object_component_ref idref="oc-13e"/>
      </symbol>
      <symbol id="sm-557">
         <name>_setSn_MR</name>
         <value>0x9b39</value>
         <object_component_ref idref="oc-13e"/>
      </symbol>
      <symbol id="sm-558">
         <name>_getSn_RX_RSR</name>
         <value>0x9d0a</value>
         <object_component_ref idref="oc-13e"/>
      </symbol>
      <symbol id="sm-559">
         <name>_check_sendok_flag</name>
         <value>0xdb00</value>
         <object_component_ref idref="oc-156"/>
      </symbol>
      <symbol id="sm-55a">
         <name>_IINCHIP_WRITE</name>
         <value>0x9910</value>
         <object_component_ref idref="oc-13e"/>
      </symbol>
      <symbol id="sm-55b">
         <name>_getRCR</name>
         <value>0x9a5d</value>
         <object_component_ref idref="oc-13e"/>
      </symbol>
      <symbol id="sm-55c">
         <name>_setSn_TX_WRSR</name>
         <value>0x9cd2</value>
         <object_component_ref idref="oc-13e"/>
      </symbol>
      <symbol id="sm-55d">
         <name>_sysinit</name>
         <value>0x9dc1</value>
         <object_component_ref idref="oc-13e"/>
      </symbol>
      <symbol id="sm-55e">
         <name>_setRCR</name>
         <value>0x9a63</value>
         <object_component_ref idref="oc-13e"/>
      </symbol>
      <symbol id="sm-55f">
         <name>_getSn_CR</name>
         <value>0x9b46</value>
         <object_component_ref idref="oc-13e"/>
      </symbol>
      <symbol id="sm-560">
         <name>_getPTIMER</name>
         <value>0x9a73</value>
         <object_component_ref idref="oc-13e"/>
      </symbol>
      <symbol id="sm-561">
         <name>_setSn_PROTOR</name>
         <value>0x9d51</value>
         <object_component_ref idref="oc-13e"/>
      </symbol>
      <symbol id="sm-562">
         <name>_IINCHIP_READ</name>
         <value>0x990a</value>
         <object_component_ref idref="oc-13e"/>
      </symbol>
      <symbol id="sm-563">
         <name>_getSn_RX_FIFOR</name>
         <value>0x9d3b</value>
         <object_component_ref idref="oc-13e"/>
      </symbol>
      <symbol id="sm-564">
         <name>_send</name>
         <value>0xa099</value>
         <object_component_ref idref="oc-13e"/>
      </symbol>
      <symbol id="sm-565">
         <name>_getIDR</name>
         <value>0x9b28</value>
         <object_component_ref idref="oc-13e"/>
      </symbol>
      <symbol id="sm-566">
         <name>_wait_10ms</name>
         <value>0xa256</value>
         <object_component_ref idref="oc-13e"/>
      </symbol>
      <symbol id="sm-567">
         <name>_setSn_KPALVTR</name>
         <value>0x9c9f</value>
         <object_component_ref idref="oc-13e"/>
      </symbol>
      <symbol id="sm-568">
         <name>_setIR</name>
         <value>0x9927</value>
         <object_component_ref idref="oc-13e"/>
      </symbol>
      <symbol id="sm-569">
         <name>_setSn_TOSR</name>
         <value>0x9d75</value>
         <object_component_ref idref="oc-13e"/>
      </symbol>
      <symbol id="sm-56a">
         <name>_getSn_TOSR</name>
         <value>0x9d6a</value>
         <object_component_ref idref="oc-13e"/>
      </symbol>
      <symbol id="sm-56b">
         <name>_TXMEM_SIZE</name>
         <value>0xdae4</value>
         <object_component_ref idref="oc-154"/>
      </symbol>
      <symbol id="sm-56c">
         <name>_RXMEM_SIZE</name>
         <value>0xdad4</value>
         <object_component_ref idref="oc-155"/>
      </symbol>
      <symbol id="sm-56d">
         <name>_setSHAR</name>
         <value>0x9972</value>
         <object_component_ref idref="oc-13e"/>
      </symbol>
      <symbol id="sm-56e">
         <name>_close</name>
         <value>0x9fd7</value>
         <object_component_ref idref="oc-13e"/>
      </symbol>
      <symbol id="sm-56f">
         <name>_getSn_IR</name>
         <value>0x9b7f</value>
         <object_component_ref idref="oc-13e"/>
      </symbol>
      <symbol id="sm-570">
         <name>_setPn_BDPTHR</name>
         <value>0x9b1b</value>
         <object_component_ref idref="oc-13e"/>
      </symbol>
      <symbol id="sm-571">
         <name>_setMR</name>
         <value>0x991b</value>
         <object_component_ref idref="oc-13e"/>
      </symbol>
      <symbol id="sm-572">
         <name>_getSn_SSR</name>
         <value>0x9b97</value>
         <object_component_ref idref="oc-13e"/>
      </symbol>
      <symbol id="sm-573">
         <name>_getIMR</name>
         <value>0x9931</value>
         <object_component_ref idref="oc-13e"/>
      </symbol>
      <symbol id="sm-574">
         <name>_getSn_MR</name>
         <value>0x9b2e</value>
         <object_component_ref idref="oc-13e"/>
      </symbol>
      <symbol id="sm-575">
         <name>_getPMAGICR</name>
         <value>0x9a83</value>
         <object_component_ref idref="oc-13e"/>
      </symbol>
      <symbol id="sm-576">
         <name>_setPMAGICR</name>
         <value>0x9a89</value>
         <object_component_ref idref="oc-13e"/>
      </symbol>
      <symbol id="sm-577">
         <name>_setIMR</name>
         <value>0x9937</value>
         <object_component_ref idref="oc-13e"/>
      </symbol>
      <symbol id="sm-578">
         <name>_getIINCHIP_TxMAX</name>
         <value>0x9eb3</value>
         <object_component_ref idref="oc-13e"/>
      </symbol>
      <symbol id="sm-579">
         <name>_listen</name>
         <value>0xa08a</value>
         <object_component_ref idref="oc-13e"/>
      </symbol>
      <symbol id="sm-57a">
         <name>_getSn_KPALVTR</name>
         <value>0x9c93</value>
         <object_component_ref idref="oc-13e"/>
      </symbol>
      <symbol id="sm-57b">
         <name>_setSn_MSSR</name>
         <value>0x9c86</value>
         <object_component_ref idref="oc-13e"/>
      </symbol>
      <symbol id="sm-57c">
         <name>_getSn_MSSR</name>
         <value>0x9c7b</value>
         <object_component_ref idref="oc-13e"/>
      </symbol>
      <symbol id="sm-5a2">
         <name>_logf</name>
         <value>0xb01f</value>
         <object_component_ref idref="oc-14a"/>
      </symbol>
      <symbol id="sm-5a3">
         <name>_log</name>
         <value>0xb01f</value>
         <object_component_ref idref="oc-14a"/>
      </symbol>
      <symbol id="sm-5b3">
         <name>_sqrtf</name>
         <value>0xb660</value>
         <object_component_ref idref="oc-149"/>
      </symbol>
      <symbol id="sm-5b4">
         <name>_sqrt</name>
         <value>0xb660</value>
         <object_component_ref idref="oc-149"/>
      </symbol>
      <symbol id="sm-5cf">
         <name>_c_int00</name>
         <value>0xb5b9</value>
         <object_component_ref idref="oc-4b"/>
      </symbol>
      <symbol id="sm-5d0">
         <name>__stack</name>
         <value>0x0</value>
         <object_component_ref idref="oc-e3"/>
      </symbol>
      <symbol id="sm-5e1">
         <name>FS$$DIV</name>
         <value>0xb41a</value>
         <object_component_ref idref="oc-e9"/>
      </symbol>
      <symbol id="sm-5ef">
         <name>ULL$$CMP</name>
         <value>0xb723</value>
         <object_component_ref idref="oc-ee"/>
      </symbol>
      <symbol id="sm-5f0">
         <name>LL$$CMP</name>
         <value>0xb711</value>
         <object_component_ref idref="oc-ee"/>
      </symbol>
      <symbol id="sm-602">
         <name>FS$$TOLL</name>
         <value>0xb687</value>
         <object_component_ref idref="oc-f3"/>
      </symbol>
      <symbol id="sm-610">
         <name>LL$$TOFS</name>
         <value>0xb6f1</value>
         <object_component_ref idref="oc-f8"/>
      </symbol>
      <symbol id="sm-61f">
         <name>_copy_in</name>
         <value>0xb6ad</value>
         <object_component_ref idref="oc-127"/>
      </symbol>
      <symbol id="sm-630">
         <name>_memcpy</name>
         <value>0xb72f</value>
         <object_component_ref idref="oc-12d"/>
      </symbol>
      <symbol id="sm-63c">
         <name>__system_pre_init</name>
         <value>0xb772</value>
         <object_component_ref idref="oc-126"/>
      </symbol>
      <symbol id="sm-649">
         <name>__system_post_cinit</name>
         <value>0xb774</value>
         <object_component_ref idref="oc-128"/>
      </symbol>
      <symbol id="sm-65d">
         <name>C$$EXIT</name>
         <value>0xb60f</value>
         <object_component_ref idref="oc-12a"/>
      </symbol>
      <symbol id="sm-65e">
         <name>_exit</name>
         <value>0xb611</value>
         <object_component_ref idref="oc-12a"/>
      </symbol>
      <symbol id="sm-65f">
         <name>___TI_cleanup_ptr</name>
         <value>0xdb0a</value>
         <object_component_ref idref="oc-113"/>
      </symbol>
      <symbol id="sm-660">
         <name>___TI_enable_exit_profile_output</name>
         <value>0xdb08</value>
         <object_component_ref idref="oc-113"/>
      </symbol>
      <symbol id="sm-661">
         <name>_abort</name>
         <value>0xb60f</value>
         <object_component_ref idref="oc-12a"/>
      </symbol>
      <symbol id="sm-662">
         <name>___TI_dtors_ptr</name>
         <value>0xdb0c</value>
         <object_component_ref idref="oc-113"/>
      </symbol>
      <symbol id="sm-676">
         <name>__unlock</name>
         <value>0xdb0e</value>
         <object_component_ref idref="oc-157"/>
      </symbol>
      <symbol id="sm-677">
         <name>__lock</name>
         <value>0xc4be</value>
         <object_component_ref idref="oc-12e"/>
      </symbol>
      <symbol id="sm-678">
         <name>__register_lock</name>
         <value>0xb769</value>
         <object_component_ref idref="oc-150"/>
      </symbol>
      <symbol id="sm-679">
         <name>__nop</name>
         <value>0xb76d</value>
         <object_component_ref idref="oc-150"/>
      </symbol>
      <symbol id="sm-67a">
         <name>__register_unlock</name>
         <value>0xb765</value>
         <object_component_ref idref="oc-150"/>
      </symbol>
      <symbol id="sm-689">
         <name>__args_main</name>
         <value>0xb74c</value>
         <object_component_ref idref="oc-129"/>
      </symbol>
      <symbol id="sm-693">
         <name>_errno</name>
         <value>0xdb12</value>
         <object_component_ref idref="oc-124"/>
      </symbol>
   </symbol_table>
   <title>Link successful</title>
</link_info>
