[Parameter]
0=asyncip_sl_1_sm_ip_test/OpCCode_do_not_touch/S-Function1|Value|0|Scalar|0|1|1|0.0|Constant|83:7|
1=asyncip_sl_1_sm_ip_test/OpCCode_do_not_touch/S-Function|InitialCondition|0|Scalar|0|1|1|0.0|Memory|83:6|
10=asyncip_sl_1_sm_ip_test/sm_ip_test/send message 1/S-Function2|P3Size| |RVector|0|1|2|1.0|1.0|S-Function sfun_send_async|1:23:3|
100=asyncip_sl_1_sm_ip_test/sm_ip_test/OpIPSocketCtrl1|P23Size| |RVector|0|1|2|0.0|0.0|S-Function sfun_gen_async_ctrl|1:19|
101=asyncip_sl_1_sm_ip_test/sm_ip_test/OpIPSocketCtrl1|P24Size| |RVector|0|1|2|0.0|0.0|S-Function sfun_gen_async_ctrl|1:19|
102=asyncip_sl_1_sm_ip_test/sm_ip_test/OpIPSocketCtrl1|P25Size| |RVector|0|1|2|0.0|0.0|S-Function sfun_gen_async_ctrl|1:19|
103=asyncip_sl_1_sm_ip_test/sm_ip_test/OpIPSocketCtrl1|P26Size| |RVector|0|1|2|1.0|7.0|S-Function sfun_gen_async_ctrl|1:19|
104=asyncip_sl_1_sm_ip_test/sm_ip_test/OpIPSocketCtrl1|P26| |RVector|0|1|7|65.0|115.0|121.0|110.0|99.0|73.0|80.0|S-Function sfun_gen_async_ctrl|1:19|
105=asyncip_sl_1_sm_ip_test/sm_ip_test/OpIPSocketCtrl1|P27Size| |RVector|0|1|2|1.0|1.0|S-Function sfun_gen_async_ctrl|1:19|
106=asyncip_sl_1_sm_ip_test/sm_ip_test/OpIPSocketCtrl1|P27|0|Scalar|0|1|1|0.0|S-Function sfun_gen_async_ctrl|1:19|
11=asyncip_sl_1_sm_ip_test/sm_ip_test/send message 1/S-Function2|P3|mode|Scalar|0|1|1|3.0|S-Function sfun_send_async|1:23:3|
12=asyncip_sl_1_sm_ip_test/sm_ip_test/send message 1/S-Function2|P4Size| |RVector|0|1|2|1.0|1.0|S-Function sfun_send_async|1:23:3|
13=asyncip_sl_1_sm_ip_test/sm_ip_test/send message 1/S-Function2|P4|fp1|Scalar|0|1|1|1.0|S-Function sfun_send_async|1:23:3|
14=asyncip_sl_1_sm_ip_test/sm_ip_test/send message 1/S-Function2|P5Size| |RVector|0|1|2|1.0|1.0|S-Function sfun_send_async|1:23:3|
15=asyncip_sl_1_sm_ip_test/sm_ip_test/send message 1/S-Function2|P5|fp2|Scalar|0|1|1|2.0|S-Function sfun_send_async|1:23:3|
16=asyncip_sl_1_sm_ip_test/sm_ip_test/send message 1/S-Function2|P6Size| |RVector|0|1|2|1.0|1.0|S-Function sfun_send_async|1:23:3|
17=asyncip_sl_1_sm_ip_test/sm_ip_test/send message 1/S-Function2|P6|fp3|Scalar|0|1|1|3.0|S-Function sfun_send_async|1:23:3|
18=asyncip_sl_1_sm_ip_test/sm_ip_test/send message 1/S-Function2|P7Size| |RVector|0|1|2|1.0|1.0|S-Function sfun_send_async|1:23:3|
19=asyncip_sl_1_sm_ip_test/sm_ip_test/send message 1/S-Function2|P7|fp4|Scalar|0|1|1|4.0|S-Function sfun_send_async|1:23:3|
2=asyncip_sl_1_sm_ip_test/sm_ip_test/Constant|Value|1|Scalar|0|1|1|1.0|Constant|1:50|
20=asyncip_sl_1_sm_ip_test/sm_ip_test/send message 1/S-Function2|P8Size| |RVector|0|1|2|1.0|1.0|S-Function sfun_send_async|1:23:3|
21=asyncip_sl_1_sm_ip_test/sm_ip_test/send message 1/S-Function2|P8|fp5|Scalar|0|1|1|5.0|S-Function sfun_send_async|1:23:3|
22=asyncip_sl_1_sm_ip_test/sm_ip_test/send message 1/S-Function2|P9Size| |RVector|0|1|2|1.0|7.0|S-Function sfun_send_async|1:23:3|
23=asyncip_sl_1_sm_ip_test/sm_ip_test/send message 1/S-Function2|P9| |RVector|0|1|7|115.0|116.0|114.0|105.0|110.0|103.0|49.0|S-Function sfun_send_async|1:23:3|
24=asyncip_sl_1_sm_ip_test/sm_ip_test/send message 1/S-Function2|P10Size| |RVector|0|1|2|1.0|7.0|S-Function sfun_send_async|1:23:3|
25=asyncip_sl_1_sm_ip_test/sm_ip_test/send message 1/S-Function2|P10| |RVector|0|1|7|115.0|116.0|114.0|105.0|110.0|103.0|50.0|S-Function sfun_send_async|1:23:3|
26=asyncip_sl_1_sm_ip_test/sm_ip_test/send message 1/S-Function2|P11Size| |RVector|0|1|2|1.0|7.0|S-Function sfun_send_async|1:23:3|
27=asyncip_sl_1_sm_ip_test/sm_ip_test/send message 1/S-Function2|P11| |RVector|0|1|7|115.0|116.0|114.0|105.0|110.0|103.0|51.0|S-Function sfun_send_async|1:23:3|
28=asyncip_sl_1_sm_ip_test/sm_ip_test/send message 1/S-Function2|P12Size| |RVector|0|1|2|1.0|7.0|S-Function sfun_send_async|1:23:3|
29=asyncip_sl_1_sm_ip_test/sm_ip_test/send message 1/S-Function2|P12| |RVector|0|1|7|115.0|116.0|114.0|105.0|110.0|103.0|52.0|S-Function sfun_send_async|1:23:3|
3=asyncip_sl_1_sm_ip_test/sm_ip_test/Integrator|InitialCondition|zeros(4,1)|CVector|0|4|1|0.0|0.0|0.0|0.0|Integrator|1:66|
30=asyncip_sl_1_sm_ip_test/sm_ip_test/send message 1/S-Function2|P13Size| |RVector|0|1|2|1.0|7.0|S-Function sfun_send_async|1:23:3|
31=asyncip_sl_1_sm_ip_test/sm_ip_test/send message 1/S-Function2|P13| |RVector|0|1|7|115.0|116.0|114.0|105.0|110.0|103.0|53.0|S-Function sfun_send_async|1:23:3|
32=asyncip_sl_1_sm_ip_test/sm_ip_test/timeout|Value|2|Scalar|0|1|1|2.0|Constant|1:26|
33=asyncip_sl_1_sm_ip_test/sm_ip_test/receive message 1/S-Function1|P1Size| |RVector|0|1|2|1.0|1.0|S-Function sfun_recv_async|1:22:2|
34=asyncip_sl_1_sm_ip_test/sm_ip_test/receive message 1/S-Function1|P1|ctl_id|Scalar|0|1|1|1.0|S-Function sfun_recv_async|1:22:2|
35=asyncip_sl_1_sm_ip_test/sm_ip_test/receive message 1/S-Function1|P2Size| |RVector|0|1|2|1.0|1.0|S-Function sfun_recv_async|1:22:2|
36=asyncip_sl_1_sm_ip_test/sm_ip_test/receive message 1/S-Function1|P2|recv_id|Scalar|0|1|1|1.0|S-Function sfun_recv_async|1:22:2|
37=asyncip_sl_1_sm_ip_test/sm_ip_test/receive message 1/S-Function1|P3Size| |RVector|0|1|2|1.0|1.0|S-Function sfun_recv_async|1:22:2|
38=asyncip_sl_1_sm_ip_test/sm_ip_test/receive message 1/S-Function1|P3|fp1|Scalar|0|1|1|1.0|S-Function sfun_recv_async|1:22:2|
39=asyncip_sl_1_sm_ip_test/sm_ip_test/receive message 1/S-Function1|P4Size| |RVector|0|1|2|1.0|1.0|S-Function sfun_recv_async|1:22:2|
4=asyncip_sl_1_sm_ip_test/sm_ip_test/Integrator1|InitialCondition|zeros(4,1)|CVector|0|4|1|0.0|0.0|0.0|0.0|Integrator|1:67|
40=asyncip_sl_1_sm_ip_test/sm_ip_test/receive message 1/S-Function1|P4|fp2|Scalar|0|1|1|2.0|S-Function sfun_recv_async|1:22:2|
41=asyncip_sl_1_sm_ip_test/sm_ip_test/receive message 1/S-Function1|P5Size| |RVector|0|1|2|1.0|1.0|S-Function sfun_recv_async|1:22:2|
42=asyncip_sl_1_sm_ip_test/sm_ip_test/receive message 1/S-Function1|P5|fp3|Scalar|0|1|1|3.0|S-Function sfun_recv_async|1:22:2|
43=asyncip_sl_1_sm_ip_test/sm_ip_test/receive message 1/S-Function1|P6Size| |RVector|0|1|2|1.0|1.0|S-Function sfun_recv_async|1:22:2|
44=asyncip_sl_1_sm_ip_test/sm_ip_test/receive message 1/S-Function1|P6|fp4|Scalar|0|1|1|4.0|S-Function sfun_recv_async|1:22:2|
45=asyncip_sl_1_sm_ip_test/sm_ip_test/receive message 1/S-Function1|P7Size| |RVector|0|1|2|1.0|1.0|S-Function sfun_recv_async|1:22:2|
46=asyncip_sl_1_sm_ip_test/sm_ip_test/receive message 1/S-Function1|P7|fp5|Scalar|0|1|1|5.0|S-Function sfun_recv_async|1:22:2|
47=asyncip_sl_1_sm_ip_test/sm_ip_test/receive message 1/S-Function1|P8Size| |RVector|0|1|2|1.0|7.0|S-Function sfun_recv_async|1:22:2|
48=asyncip_sl_1_sm_ip_test/sm_ip_test/receive message 1/S-Function1|P8| |RVector|0|1|7|115.0|116.0|114.0|105.0|110.0|103.0|49.0|S-Function sfun_recv_async|1:22:2|
49=asyncip_sl_1_sm_ip_test/sm_ip_test/receive message 1/S-Function1|P9Size| |RVector|0|1|2|1.0|7.0|S-Function sfun_recv_async|1:22:2|
5=asyncip_sl_1_sm_ip_test/sm_ip_test/Integrator2|InitialCondition|zeros(4,1)|CVector|0|4|1|0.0|0.0|0.0|0.0|Integrator|1:68|
50=asyncip_sl_1_sm_ip_test/sm_ip_test/receive message 1/S-Function1|P9| |RVector|0|1|7|115.0|116.0|114.0|105.0|110.0|103.0|50.0|S-Function sfun_recv_async|1:22:2|
51=asyncip_sl_1_sm_ip_test/sm_ip_test/receive message 1/S-Function1|P10Size| |RVector|0|1|2|1.0|7.0|S-Function sfun_recv_async|1:22:2|
52=asyncip_sl_1_sm_ip_test/sm_ip_test/receive message 1/S-Function1|P10| |RVector|0|1|7|115.0|116.0|114.0|105.0|110.0|103.0|51.0|S-Function sfun_recv_async|1:22:2|
53=asyncip_sl_1_sm_ip_test/sm_ip_test/receive message 1/S-Function1|P11Size| |RVector|0|1|2|1.0|7.0|S-Function sfun_recv_async|1:22:2|
54=asyncip_sl_1_sm_ip_test/sm_ip_test/receive message 1/S-Function1|P11| |RVector|0|1|7|115.0|116.0|114.0|105.0|110.0|103.0|52.0|S-Function sfun_recv_async|1:22:2|
55=asyncip_sl_1_sm_ip_test/sm_ip_test/receive message 1/S-Function1|P12Size| |RVector|0|1|2|1.0|7.0|S-Function sfun_recv_async|1:22:2|
56=asyncip_sl_1_sm_ip_test/sm_ip_test/receive message 1/S-Function1|P12| |RVector|0|1|7|115.0|116.0|114.0|105.0|110.0|103.0|53.0|S-Function sfun_recv_async|1:22:2|
57=asyncip_sl_1_sm_ip_test/sm_ip_test/receive message 1/S-Function1|P13Size| |RVector|0|1|2|1.0|1.0|S-Function sfun_recv_async|1:22:2|
58=asyncip_sl_1_sm_ip_test/sm_ip_test/receive message 1/S-Function1|P13| |Scalar|0|1|1|54.0|S-Function sfun_recv_async|1:22:2|
59=asyncip_sl_1_sm_ip_test/sm_ip_test/receive message 1/S-Function1|P14Size| |RVector|0|1|2|1.0|1.0|S-Function sfun_recv_async|1:22:2|
6=asyncip_sl_1_sm_ip_test/sm_ip_test/send message 1/S-Function2|P1Size| |RVector|0|1|2|1.0|1.0|S-Function sfun_send_async|1:23:3|
60=asyncip_sl_1_sm_ip_test/sm_ip_test/receive message 1/S-Function1|P14| |Scalar|0|1|1|55.0|S-Function sfun_recv_async|1:22:2|
61=asyncip_sl_1_sm_ip_test/sm_ip_test/rtlab_send_subsystem/Subsystem1/Send1/S-Function|P1Size| |RVector|0|1|2|1.0|1.0|S-Function OP_SEND|1:87:31|
62=asyncip_sl_1_sm_ip_test/sm_ip_test/rtlab_send_subsystem/Subsystem1/Send1/S-Function|P1|Acqu_group|Scalar|0|1|1|1.0|S-Function OP_SEND|1:87:31|
63=asyncip_sl_1_sm_ip_test/sm_ip_test/OpIPSocketCtrl1|P1Size| |RVector|0|1|2|1.0|1.0|S-Function sfun_gen_async_ctrl|1:19|
64=asyncip_sl_1_sm_ip_test/sm_ip_test/OpIPSocketCtrl1|P1|ctl_id|Scalar|0|1|1|1.0|S-Function sfun_gen_async_ctrl|1:19|
65=asyncip_sl_1_sm_ip_test/sm_ip_test/OpIPSocketCtrl1|P2Size| |RVector|0|1|2|1.0|1.0|S-Function sfun_gen_async_ctrl|1:19|
66=asyncip_sl_1_sm_ip_test/sm_ip_test/OpIPSocketCtrl1|P2|proto|Scalar|0|1|1|1.0|S-Function sfun_gen_async_ctrl|1:19|
67=asyncip_sl_1_sm_ip_test/sm_ip_test/OpIPSocketCtrl1|P3Size| |RVector|0|1|2|1.0|1.0|S-Function sfun_gen_async_ctrl|1:19|
68=asyncip_sl_1_sm_ip_test/sm_ip_test/OpIPSocketCtrl1|P3|ip_port_remote|Scalar|0|1|1|8080.0|S-Function sfun_gen_async_ctrl|1:19|
69=asyncip_sl_1_sm_ip_test/sm_ip_test/OpIPSocketCtrl1|P4Size| |RVector|0|1|2|1.0|1.0|S-Function sfun_gen_async_ctrl|1:19|
7=asyncip_sl_1_sm_ip_test/sm_ip_test/send message 1/S-Function2|P1|ctl_id|Scalar|0|1|1|1.0|S-Function sfun_send_async|1:23:3|
70=asyncip_sl_1_sm_ip_test/sm_ip_test/OpIPSocketCtrl1|P4|ip_port_local|Scalar|0|1|1|8080.0|S-Function sfun_gen_async_ctrl|1:19|
71=asyncip_sl_1_sm_ip_test/sm_ip_test/OpIPSocketCtrl1|P5Size| |RVector|0|1|2|1.0|1.0|S-Function sfun_gen_async_ctrl|1:19|
72=asyncip_sl_1_sm_ip_test/sm_ip_test/OpIPSocketCtrl1|P5|0|Scalar|0|1|1|0.0|S-Function sfun_gen_async_ctrl|1:19|
73=asyncip_sl_1_sm_ip_test/sm_ip_test/OpIPSocketCtrl1|P6Size| |RVector|0|1|2|1.0|1.0|S-Function sfun_gen_async_ctrl|1:19|
74=asyncip_sl_1_sm_ip_test/sm_ip_test/OpIPSocketCtrl1|P6|0|Scalar|0|1|1|0.0|S-Function sfun_gen_async_ctrl|1:19|
75=asyncip_sl_1_sm_ip_test/sm_ip_test/OpIPSocketCtrl1|P7Size| |RVector|0|1|2|1.0|1.0|S-Function sfun_gen_async_ctrl|1:19|
76=asyncip_sl_1_sm_ip_test/sm_ip_test/OpIPSocketCtrl1|P7|0|Scalar|0|1|1|0.0|S-Function sfun_gen_async_ctrl|1:19|
77=asyncip_sl_1_sm_ip_test/sm_ip_test/OpIPSocketCtrl1|P8Size| |RVector|0|1|2|1.0|1.0|S-Function sfun_gen_async_ctrl|1:19|
78=asyncip_sl_1_sm_ip_test/sm_ip_test/OpIPSocketCtrl1|P8|0|Scalar|0|1|1|0.0|S-Function sfun_gen_async_ctrl|1:19|
79=asyncip_sl_1_sm_ip_test/sm_ip_test/OpIPSocketCtrl1|P9Size| |RVector|0|1|2|1.0|1.0|S-Function sfun_gen_async_ctrl|1:19|
8=asyncip_sl_1_sm_ip_test/sm_ip_test/send message 1/S-Function2|P2Size| |RVector|0|1|2|1.0|1.0|S-Function sfun_send_async|1:23:3|
80=asyncip_sl_1_sm_ip_test/sm_ip_test/OpIPSocketCtrl1|P9|0|Scalar|0|1|1|0.0|S-Function sfun_gen_async_ctrl|1:19|
81=asyncip_sl_1_sm_ip_test/sm_ip_test/OpIPSocketCtrl1|P10Size| |RVector|0|1|2|1.0|1.0|S-Function sfun_gen_async_ctrl|1:19|
82=asyncip_sl_1_sm_ip_test/sm_ip_test/OpIPSocketCtrl1|P10|0|Scalar|0|1|1|0.0|S-Function sfun_gen_async_ctrl|1:19|
83=asyncip_sl_1_sm_ip_test/sm_ip_test/OpIPSocketCtrl1|P11Size| |RVector|0|1|2|1.0|1.0|S-Function sfun_gen_async_ctrl|1:19|
84=asyncip_sl_1_sm_ip_test/sm_ip_test/OpIPSocketCtrl1|P11|0|Scalar|0|1|1|0.0|S-Function sfun_gen_async_ctrl|1:19|
85=asyncip_sl_1_sm_ip_test/sm_ip_test/OpIPSocketCtrl1|P12Size| |RVector|0|1|2|1.0|1.0|S-Function sfun_gen_async_ctrl|1:19|
86=asyncip_sl_1_sm_ip_test/sm_ip_test/OpIPSocketCtrl1|P12|0|Scalar|0|1|1|0.0|S-Function sfun_gen_async_ctrl|1:19|
87=asyncip_sl_1_sm_ip_test/sm_ip_test/OpIPSocketCtrl1|P13Size| |RVector|0|1|2|1.0|1.0|S-Function sfun_gen_async_ctrl|1:19|
88=asyncip_sl_1_sm_ip_test/sm_ip_test/OpIPSocketCtrl1|P13|0|Scalar|0|1|1|0.0|S-Function sfun_gen_async_ctrl|1:19|
89=asyncip_sl_1_sm_ip_test/sm_ip_test/OpIPSocketCtrl1|P14Size| |RVector|0|1|2|1.0|12.0|S-Function sfun_gen_async_ctrl|1:19|
9=asyncip_sl_1_sm_ip_test/sm_ip_test/send message 1/S-Function2|P2|send_id|Scalar|0|1|1|1.0|S-Function sfun_send_async|1:23:3|
90=asyncip_sl_1_sm_ip_test/sm_ip_test/OpIPSocketCtrl1|P14| |RVector|0|1|12|49.0|48.0|46.0|54.0|52.0|46.0|49.0|49.0|55.0|46.0|55.0|48.0|S-Function sfun_gen_async_ctrl|1:19|
91=asyncip_sl_1_sm_ip_test/sm_ip_test/OpIPSocketCtrl1|P15Size| |RVector|0|1|2|1.0|7.0|S-Function sfun_gen_async_ctrl|1:19|
92=asyncip_sl_1_sm_ip_test/sm_ip_test/OpIPSocketCtrl1|P15| |RVector|0|1|7|48.0|46.0|48.0|46.0|48.0|46.0|48.0|S-Function sfun_gen_async_ctrl|1:19|
93=asyncip_sl_1_sm_ip_test/sm_ip_test/OpIPSocketCtrl1|P16Size| |RVector|0|1|2|0.0|0.0|S-Function sfun_gen_async_ctrl|1:19|
94=asyncip_sl_1_sm_ip_test/sm_ip_test/OpIPSocketCtrl1|P17Size| |RVector|0|1|2|0.0|0.0|S-Function sfun_gen_async_ctrl|1:19|
95=asyncip_sl_1_sm_ip_test/sm_ip_test/OpIPSocketCtrl1|P18Size| |RVector|0|1|2|0.0|0.0|S-Function sfun_gen_async_ctrl|1:19|
96=asyncip_sl_1_sm_ip_test/sm_ip_test/OpIPSocketCtrl1|P19Size| |RVector|0|1|2|0.0|0.0|S-Function sfun_gen_async_ctrl|1:19|
97=asyncip_sl_1_sm_ip_test/sm_ip_test/OpIPSocketCtrl1|P20Size| |RVector|0|1|2|0.0|0.0|S-Function sfun_gen_async_ctrl|1:19|
98=asyncip_sl_1_sm_ip_test/sm_ip_test/OpIPSocketCtrl1|P21Size| |RVector|0|1|2|0.0|0.0|S-Function sfun_gen_async_ctrl|1:19|
99=asyncip_sl_1_sm_ip_test/sm_ip_test/OpIPSocketCtrl1|P22Size| |RVector|0|1|2|0.0|0.0|S-Function sfun_gen_async_ctrl|1:19|
nbParameters=107
[Signal]
0=asyncip_sl_1_sm_ip_test/OpCCode_do_not_touch/S-Function|NULL|0|1|1|1|S|Memory|0|83:6|
1=asyncip_sl_1_sm_ip_test/OpCCode_do_not_touch/Sum|NULL|1|1|1|1|S|Sum|0|83:9|
10=asyncip_sl_1_sm_ip_test/sm_ip_test/timeout|NULL|10|1|1|1|S|Constant|0|1:26|
11=asyncip_sl_1_sm_ip_test/sm_ip_test/receive message 1/S-Function1|NULL|11|1|1|1|S|S-Function sfun_recv_async|0|1:22:2|
12=asyncip_sl_1_sm_ip_test/sm_ip_test/receive message 1/S-Function1|NULL|12|1|1|1|S|S-Function sfun_recv_async|0|1:22:2|
13=asyncip_sl_1_sm_ip_test/sm_ip_test/receive message 1/S-Function1|NULL|13|3|3|1|V|S-Function sfun_recv_async|0|1:22:2|
14=asyncip_sl_1_sm_ip_test/sm_ip_test/Clock|NULL|14|1|1|1|S|Clock|0|1:54|
15=synthesized_block|NULL|15|4|4|1|V|synthesized_block|0||
16=synthesized_block|NULL|16|4|4|1|V|synthesized_block|0||
17=synthesized_block|NULL|17|4|4|1|V|synthesized_block|0||
18=asyncip_sl_1_sm_ip_test/sm_ip_test/MATLAB Function1|dx1_1|18|1|1|1|S|Stateflow|0|1:70|
19=asyncip_sl_1_sm_ip_test/sm_ip_test/MATLAB Function1|dx1_2|19|1|1|1|S|Stateflow|0|1:70|
2=asyncip_sl_1_sm_ip_test/sm_ip_test/Constant|NULL|2|1|1|1|S|Constant|0|1:50|
20=asyncip_sl_1_sm_ip_test/sm_ip_test/MATLAB Function1|dx1_3|20|1|1|1|S|Stateflow|0|1:70|
21=asyncip_sl_1_sm_ip_test/sm_ip_test/MATLAB Function1|dx1_4|21|1|1|1|S|Stateflow|0|1:70|
22=asyncip_sl_1_sm_ip_test/sm_ip_test/MATLAB Function1|dx2_1|22|1|1|1|S|Stateflow|0|1:70|
23=asyncip_sl_1_sm_ip_test/sm_ip_test/MATLAB Function1|dx2_2|23|1|1|1|S|Stateflow|0|1:70|
24=asyncip_sl_1_sm_ip_test/sm_ip_test/MATLAB Function1|dx2_3|24|1|1|1|S|Stateflow|0|1:70|
25=asyncip_sl_1_sm_ip_test/sm_ip_test/MATLAB Function1|dx2_4|25|1|1|1|S|Stateflow|0|1:70|
26=asyncip_sl_1_sm_ip_test/sm_ip_test/MATLAB Function1|dx3_1|26|1|1|1|S|Stateflow|0|1:70|
27=asyncip_sl_1_sm_ip_test/sm_ip_test/MATLAB Function1|dx3_2|27|1|1|1|S|Stateflow|0|1:70|
28=asyncip_sl_1_sm_ip_test/sm_ip_test/MATLAB Function1|dx3_3|28|1|1|1|S|Stateflow|0|1:70|
29=asyncip_sl_1_sm_ip_test/sm_ip_test/MATLAB Function1|dx3_4|29|1|1|1|S|Stateflow|0|1:70|
3=asyncip_sl_1_sm_ip_test/sm_ip_test/Integrator|NULL|3|4|4|1|V|Integrator|0|1:66|
30=asyncip_sl_1_sm_ip_test/sm_ip_test/Load increase|deltaPL|30|3|1|3|V|Stateflow|0|1:69|
4=asyncip_sl_1_sm_ip_test/sm_ip_test/Zero-Order Hold17|NULL|4|4|4|1|V|ZeroOrderHold|0|1:79|
5=asyncip_sl_1_sm_ip_test/sm_ip_test/Integrator1|NULL|5|4|4|1|V|Integrator|0|1:67|
6=asyncip_sl_1_sm_ip_test/sm_ip_test/Zero-Order Hold1|NULL|6|4|4|1|V|ZeroOrderHold|0|1:78|
7=asyncip_sl_1_sm_ip_test/sm_ip_test/Integrator2|NULL|7|4|4|1|V|Integrator|0|1:68|
8=asyncip_sl_1_sm_ip_test/sm_ip_test/Zero-Order Hold2|NULL|8|4|4|1|V|ZeroOrderHold|0|1:80|
9=asyncip_sl_1_sm_ip_test/sm_ip_test/send message 1/S-Function2|NULL|9|1|1|1|S|S-Function sfun_send_async|0|1:23:3|
nbSignals=31
[ModelDataStructure]
10=CTOutputIncnstWithState
143=zCCacheNeedsReset
30=derivCacheNeedsReset
76=odeF
77=odeY
[dwork]
0=SFunction_PreviousInput|real_T|
4=SFunction_IWORK|IWORK|
[TimingStructure]
103=sampleHitArray
107=sampleTimesArray
110=sampleTimeTaskIDArray
114=simTimeStep
116=tStart
117=stepSize
118=stepSize0
119=stepSize1
121=stopRequestedFlag
131=tArray
145=timeOfLastOutput
3=clockTick0
35=tFinal
4=clockTick1
5=clockTickH0
6=clockTickH1
79=offsetTimesArray
85=perTaskSampleHitsArray
